Archive member included to satisfy reference by file (symbol)

/opt/microchip/xc32/v4.45/bin/bin/../../lib/gcc/pic32c/8.3.1/../../../../pic32c/lib/thumb/v6-m/nofp/libpic32c.a(data_init.o)
                              /tmp/ccQqh8Ft.o (__pic32c_data_initialization)
/opt/microchip/xc32/v4.45/bin/bin/../../lib/gcc/pic32c/8.3.1/../../../../pic32c/lib/thumb/v6-m/nofp/libc-size-musl.a(memcpy.o)
                              build/GameCat_R4/debug/SAMD_FreeRTOS/queue.o (memcpy)
/opt/microchip/xc32/v4.45/bin/bin/../../lib/gcc/pic32c/8.3.1/../../../../pic32c/lib/thumb/v6-m/nofp/libc-size-musl.a(memset.o)
                              build/GameCat_R4/debug/SAMD_CONTROL_HAL/Control_HAL_24CSM01.o (memset)
/opt/microchip/xc32/v4.45/bin/bin/../../lib/gcc/pic32c/8.3.1/../../../../pic32c/lib/thumb/v6-m/nofp/libg-musl.a(__libc_start_main.o)
                              /tmp/ccQqh8Ft.o (__libc_init_array)
/opt/microchip/xc32/v4.45/bin/bin/../../lib/gcc/pic32c/8.3.1/../../../../pic32c/lib/thumb/v6-m/nofp/libg-musl.a(libc.o)
                              /opt/microchip/xc32/v4.45/bin/bin/../../lib/gcc/pic32c/8.3.1/../../../../pic32c/lib/thumb/v6-m/nofp/libg-musl.a(__libc_start_main.o) (__progname_full)
/opt/microchip/xc32/v4.45/bin/bin/../../lib/gcc/pic32c/8.3.1/../../../../pic32c/lib/thumb/v6-m/nofp/libg-musl.a(__environ.o)
                              /opt/microchip/xc32/v4.45/bin/bin/../../lib/gcc/pic32c/8.3.1/../../../../pic32c/lib/thumb/v6-m/nofp/libg-musl.a(__libc_start_main.o) (__environ)
/opt/microchip/xc32/v4.45/bin/bin/../../lib/gcc/pic32c/8.3.1/thumb/v6-m/nofp/libgcc.a(_udivsi3.o)
                              build/GameCat_R4/debug/SAMD_FreeRTOS/Portable/MemMang/heap_4.o (__aeabi_uidiv)
/opt/microchip/xc32/v4.45/bin/bin/../../lib/gcc/pic32c/8.3.1/thumb/v6-m/nofp/libgcc.a(_dvmd_tls.o)
                              /opt/microchip/xc32/v4.45/bin/bin/../../lib/gcc/pic32c/8.3.1/thumb/v6-m/nofp/libgcc.a(_udivsi3.o) (__aeabi_idiv0)
/opt/microchip/xc32/v4.45/bin/bin/../../lib/gcc/pic32c/8.3.1/../../../../pic32c/lib/thumb/v6-m/nofp/libpic32c.a(pic32_data_init_clear.o)
                              (__dinit_clear_needed)
/opt/microchip/xc32/v4.45/bin/bin/../../lib/gcc/pic32c/8.3.1/../../../../pic32c/lib/thumb/v6-m/nofp/libpic32c.a(pic32_data_init_copy.o)
                              (__dinit_copy_needed)

Microchip PIC32 Memory-Usage Report

ROM Program-Memory Usage
section                    address  length [bytes]      (dec)  Description
-------                 ----------  -------------------------  -----------
.vectors                         0           0xb0         176   
.text                         0xb0           0x20          32  App's exec code 
.text                         0xd0         0x1518        5400  App's exec code 
.text                       0x15e8          0xf20        3872  App's exec code 
.text                       0x2508          0x840        2112  App's exec code 
.text                       0x2d48          0x6ac        1708  App's exec code 
.text                       0x33f4          0x5bc        1468  App's exec code 
.text                       0x39b0          0x4ac        1196  App's exec code 
.text                       0x3e5c          0x4a0        1184  App's exec code 
.text                       0x42fc          0x474        1140  App's exec code 
.text                       0x4770          0x414        1044  App's exec code 
.text                       0x4b84          0x2b8         696  App's exec code 
.text                       0x4e3c          0x290         656  App's exec code 
.text                       0x50cc          0x26c         620  App's exec code 
.text                       0x5338          0x26c         620  App's exec code 
.text                       0x55a4          0x26c         620  App's exec code 
.text                       0x5810          0x25c         604  App's exec code 
.text                       0x5a6c          0x204         516  App's exec code 
.text                       0x5c70          0x15e         350  App's exec code 
.text.Dummy_Handler         0x5dce            0x2           2   
.text                       0x5dd0           0xf4         244  App's exec code 
.text                       0x5ec4           0xb6         182  App's exec code 
.text.__dummy               0x5f7a            0x2           2   
.text                       0x5f7c           0xac         172  App's exec code 
.dinit                      0x6028           0xa0         160   
.text                       0x60c8           0x98         152  App's exec code 
.text                       0x6160           0x8c         140  App's exec code 
.text                       0x61ec           0x78         120  App's exec code 
.text                       0x6264           0x74         116  App's exec code 
.text.__libc_start_init     0x62d8           0x5c          92   
.text.Reset_Handler         0x6334           0x54          84   
[...]
Memory Configuration

Name             Origin             Length             Attributes
rom              0x0000000000000000 0x0000000000040000 xrl
ram              0x0000000020000000 0x0000000000008000 xw !r
config_00804000  0x0000000000804000 0x0000000000000004
config_00804004  0x0000000000804004 0x0000000000000004
*default*        0x0000000000000000 0xffffffffffffffff

Linker script and memory map

LOAD /opt/microchip/xc32/v4.45/bin/bin/../../lib/gcc/pic32c/8.3.1/thumb/v6-m/nofp/crti.o
LOAD /opt/microchip/xc32/v4.45/bin/bin/../../lib/gcc/pic32c/8.3.1/thumb/v6-m/nofp/crtbegin.o
LOAD build/GameCat_R4/debug/SAMD_CONTROL_HAL/Control_HAL_JOYSTICK.o
LOAD build/GameCat_R4/debug/SAMD_CONTROL_HAL/Control_HAL_SST25VF016.o
LOAD build/GameCat_R4/debug/SAMD_CONTROL_HAL/Control_HAL_23K256.o
LOAD build/GameCat_R4/debug/SAMD_CONTROL_HAL/Control_HAL_24CSM01.o
LOAD build/GameCat_R4/debug/SAMD_CONTROL_HAL/Control_HAL_MCP2518FD.o
LOAD build/GameCat_R4/debug/SAMD_DRIVERS_HAL/Driver_SAMD_SYSCTRL.o
LOAD build/GameCat_R4/debug/SAMD_DRIVERS_HAL/Driver_SAMD_GCLK.o
LOAD build/GameCat_R4/debug/SAMD_DRIVERS_HAL/Driver_SAMD_PM.o
LOAD build/GameCat_R4/debug/SAMD_DRIVERS_HAL/Driver_SAMD_ADC.o
LOAD build/GameCat_R4/debug/SAMD_DRIVERS_HAL/Driver_SAMD_PORT.o
LOAD build/GameCat_R4/debug/SAMD_DRIVERS_HAL/Driver_SAMD_SERCOM2_SPIM.o
LOAD build/GameCat_R4/debug/SAMD_DRIVERS_HAL/Driver_SAMD_SERCOM1_I2CM.o
LOAD build/GameCat_R4/debug/SAMD_DRIVERS_HAL/Driver_SAMD_SERCOM3_SPIM.o
LOAD build/GameCat_R4/debug/SAMD_DRIVERS_HAL/Driver_SAMD_SERCOM4_SPIM.o
LOAD build/GameCat_R4/debug/SAMD_FreeRTOS/queue.o
LOAD build/GameCat_R4/debug/SAMD_FreeRTOS/event_groups.o
LOAD build/GameCat_R4/debug/SAMD_FreeRTOS/list.o
LOAD build/GameCat_R4/debug/SAMD_FreeRTOS/timers.o
LOAD build/GameCat_R4/debug/SAMD_FreeRTOS/tasks.o
LOAD build/GameCat_R4/debug/SAMD_FreeRTOS/Portable/MemMang/heap_4.o
LOAD build/GameCat_R4/debug/SAMD_FreeRTOS/Portable/ARM_CM0/port.o
LOAD build/GameCat_R4/debug/SAMD_INTERRUPTIONS/Interruption_TRAP.o
LOAD build/GameCat_R4/debug/SAMD_MAIN/Function_MAIN.o
LOAD build/GameCat_R4/debug/SAMD_MAIN/Storage_DELAY.o
LOAD build/GameCat_R4/debug/SAMD_STREAMS/Stream_CTRL_LEDC.o
LOAD build/GameCat_R4/debug/SAMD_TASK/Settings_TASKS.o
LOAD build/GameCat_R4/debug/SAMD_TASK/Task_CTRL_LEDC.o
LOAD build/GameCat_R4/debug/SAMD_TASK/Task_CTRL_CANC.o
LOAD build/GameCat_R4/debug/SAMD_TASK/Task_EXEC_MUXC.o
                0x0000000000000001                __MPLAB_BUILD = 0x1
                0x0000000000000001                __ICD2RAM = 0x1
                0x0000000000000001                __MPLAB_DEBUG = 0x1
                0x0000000000000001                __DEBUG = 0x1
                0x0000000000000080                _min_heap_size = 0x80
LOAD /tmp/ccQqh8Ft.o
START GROUP
LOAD /opt/microchip/xc32/v4.45/bin/bin/../../lib/gcc/pic32c/8.3.1/../../../../pic32c/lib/thumb/v6-m/nofp/libpic32c.a
LOAD /opt/microchip/xc32/v4.45/bin/bin/../../lib/gcc/pic32c/8.3.1/../../../../pic32c/lib/thumb/v6-m/nofp/libc-size-musl.a
LOAD /opt/microchip/xc32/v4.45/bin/bin/../../lib/gcc/pic32c/8.3.1/../../../../pic32c/lib/thumb/v6-m/nofp/liblmalloc-musl.a
LOAD /opt/microchip/xc32/v4.45/bin/bin/../../lib/gcc/pic32c/8.3.1/../../../../pic32c/lib/thumb/v6-m/nofp/libm-fast-emfloat.a
LOAD /opt/microchip/xc32/v4.45/bin/bin/../../lib/gcc/pic32c/8.3.1/../../../../pic32c/lib/thumb/v6-m/nofp/libm-musl.a
LOAD /opt/microchip/xc32/v4.45/bin/bin/../../lib/gcc/pic32c/8.3.1/../../../../pic32c/lib/thumb/v6-m/nofp/libg-musl.a
LOAD /opt/microchip/xc32/v4.45/bin/bin/../../lib/gcc/pic32c/8.3.1/../../../../pic32c/lib/thumb/v6-m/nofp/libc-musl.a
LOAD /opt/microchip/xc32/v4.45/bin/bin/../../lib/gcc/pic32c/8.3.1/../../../../pic32c/lib/thumb/v6-m/nofp/libm-fast-emfloat.a
LOAD /opt/microchip/xc32/v4.45/bin/bin/../../lib/gcc/pic32c/8.3.1/../../../../pic32c/lib/thumb/v6-m/nofp/libm-musl.a
LOAD /opt/microchip/xc32/v4.45/bin/bin/../../lib/gcc/pic32c/8.3.1/thumb/v6-m/nofp/libgcc.a
END GROUP
LOAD /opt/microchip/xc32/v4.45/bin/bin/../../lib/gcc/pic32c/8.3.1/thumb/v6-m/nofp/crtend.o
LOAD /opt/microchip/xc32/v4.45/bin/bin/../../lib/gcc/pic32c/8.3.1/thumb/v6-m/nofp/crtn.o
                0x0000000000040000                __rom_end = (ORIGIN (rom) + LENGTH (rom))
                0x0000000020008000                __ram_end = (ORIGIN (ram) + LENGTH (ram))

.config_00804000
 *(.config_00804000)

.config_00804004
 *(.config_00804004)

.vectors        0x0000000000000000       0xb0
                0x0000000000000000                . = ALIGN (0x4)
                0x0000000000000000                _sfixed = .
 *(.vectors .vectors.* .vectors_default .vectors_default.*)
 .vectors.default
                0x0000000000000000       0xb0 /tmp/ccQqh8Ft.o
                0x0000000000000000                exception_table
 *(.isr_vector)
 *(.reset*)
 *(.after_vectors)

.text           0x00000000000000b0       0x20
                0x00000000000000b0                . = ALIGN (0x4)
 *(.glue_7t)
 .glue_7t       0x00000000000000b0        0x0 linker stubs
 *(.glue_7)
 .glue_7        0x00000000000000b0        0x0 linker stubs
 *(.gnu.linkonce.r.*)
 *(.ARM.extab* .gnu.linkonce.armextab.*)
                0x00000000000000b0                . = ALIGN (0x4)
 *(.init)
 .init          0x00000000000000b0        0x4 /opt/microchip/xc32/v4.45/bin/bin/../../lib/gcc/pic32c/8.3.1/thumb/v6-m/nofp/crti.o
                0x00000000000000b0                _init
 .init          0x00000000000000b4        0x8 /opt/microchip/xc32/v4.45/bin/bin/../../lib/gcc/pic32c/8.3.1/thumb/v6-m/nofp/crtn.o
                0x00000000000000bc                . = ALIGN (0x4)
                0x00000000000000bc                __preinit_array_start = .
 *(.preinit_array)
                0x00000000000000bc                __preinit_array_end = .
                0x00000000000000bc                . = ALIGN (0x4)
                0x00000000000000bc                __init_array_start = .
 *(SORT_BY_NAME(.init_array.*))
 *(.init_array)
 .init_array    0x00000000000000bc        0x4 /opt/microchip/xc32/v4.45/bin/bin/../../lib/gcc/pic32c/8.3.1/thumb/v6-m/nofp/crtbegin.o
                0x00000000000000c0                __init_array_end = .
                0x00000000000000c0                . = ALIGN (0x4)
 *crtbegin.o(.ctors)
 *(EXCLUDE_FILE(*crtend.o) .ctors)
 *(SORT_BY_NAME(.ctors.*))
 *crtend.o(.ctors)
                0x00000000000000c0                . = ALIGN (0x4)
 *(.fini)
 .fini          0x00000000000000c0        0x4 /opt/microchip/xc32/v4.45/bin/bin/../../lib/gcc/pic32c/8.3.1/thumb/v6-m/nofp/crti.o
                0x00000000000000c0                _fini
 .fini          0x00000000000000c4        0x8 /opt/microchip/xc32/v4.45/bin/bin/../../lib/gcc/pic32c/8.3.1/thumb/v6-m/nofp/crtn.o
                0x00000000000000cc                . = ALIGN (0x4)
                0x00000000000000cc                __fini_array_start = .
 *(.fini_array)
 .fini_array    0x00000000000000cc        0x4 /opt/microchip/xc32/v4.45/bin/bin/../../lib/gcc/pic32c/8.3.1/thumb/v6-m/nofp/crtbegin.o
 *(SORT_BY_NAME(.fini_array.*))
                0x00000000000000d0                __fini_array_end = .
 *crtbegin.o(.dtors)
 *(EXCLUDE_FILE(*crtend.o) .dtors)
 *(SORT_BY_NAME(.dtors.*))
 *crtend.o(.dtors)
                0x00000000000000d0                . = ALIGN (0x4)
                0x00000000000000d0                _efixed = .
                [!provide]                        PROVIDE (__exidx_start = .)

.ARM.exidx
 *(.ARM.exidx* .gnu.linkonce.armexidx.*)
                [!provide]                        PROVIDE (__exidx_end = .)
                0x00000000000000d0                . = ALIGN (0x4)
                0x00000000000000d0                _etext = .

.bss            0x0000000020000000        0x0
                0x0000000020000000                . = ALIGN (0x4)
                0x0000000020000000                __bss_start__ = .
                0x0000000020000000                _sbss = .
                0x0000000020000000                _szero = .
 *(COMMON)
                0x0000000020000000                . = ALIGN (0x4)
                0x0000000020000000                __bss_end__ = .
                0x0000000020000000                _ebss = .
                0x0000000020000000                _ezero = .
                0x0000000020000000                . = ALIGN (0x4)
                0x0000000020000000                _end = .
                0x0000000020007fff                _ram_end_ = ((ORIGIN (ram) + LENGTH (ram)) - 0x1)
OUTPUT(dist/GameCat_R4/debug/GAMECAT_R4_CODE.debug.elf elf32-littlearm)
LOAD data_init
LOAD stack

.ARM.attributes
                0x0000000000000000       0x2c
 .ARM.attributes
                0x0000000000000000       0x1e /opt/microchip/xc32/v4.45/bin/bin/../../lib/gcc/pic32c/8.3.1/thumb/v6-m/nofp/crti.o
 .ARM.attributes
                0x000000000000001e       0x2c /opt/microchip/xc32/v4.45/bin/bin/../../lib/gcc/pic32c/8.3.1/thumb/v6-m/nofp/crtbegin.o
 .ARM.attributes
                0x000000000000004a       0x2c build/GameCat_R4/debug/SAMD_CONTROL_HAL/Control_HAL_JOYSTICK.o
 .ARM.attributes
                0x0000000000000076       0x2c build/GameCat_R4/debug/SAMD_CONTROL_HAL/Control_HAL_SST25VF016.o
 .ARM.attributes
                0x00000000000000a2       0x2c build/GameCat_R4/debug/SAMD_CONTROL_HAL/Control_HAL_23K256.o
 .ARM.attributes
                0x00000000000000ce       0x2c build/GameCat_R4/debug/SAMD_CONTROL_HAL/Control_HAL_24CSM01.o
 .ARM.attributes
                0x00000000000000fa       0x2c build/GameCat_R4/debug/SAMD_CONTROL_HAL/Control_HAL_MCP2518FD.o
 .ARM.attributes
                0x0000000000000126       0x2c build/GameCat_R4/debug/SAMD_DRIVERS_HAL/Driver_SAMD_SYSCTRL.o
 .ARM.attributes
                0x0000000000000152       0x2c build/GameCat_R4/debug/SAMD_DRIVERS_HAL/Driver_SAMD_GCLK.o
 .ARM.attributes
                0x000000000000017e       0x2c build/GameCat_R4/debug/SAMD_DRIVERS_HAL/Driver_SAMD_PM.o
 .ARM.attributes
                0x00000000000001aa       0x2c build/GameCat_R4/debug/SAMD_DRIVERS_HAL/Driver_SAMD_ADC.o
 .ARM.attributes
                0x00000000000001d6       0x2c build/GameCat_R4/debug/SAMD_DRIVERS_HAL/Driver_SAMD_PORT.o
 .ARM.attributes
                0x0000000000000202       0x2c build/GameCat_R4/debug/SAMD_DRIVERS_HAL/Driver_SAMD_SERCOM2_SPIM.o
 .ARM.attributes
                0x000000000000022e       0x2c build/GameCat_R4/debug/SAMD_DRIVERS_HAL/Driver_SAMD_SERCOM1_I2CM.o
 .ARM.attributes
                0x000000000000025a       0x2c build/GameCat_R4/debug/SAMD_DRIVERS_HAL/Driver_SAMD_SERCOM3_SPIM.o
 .ARM.attributes
                0x0000000000000286       0x2c build/GameCat_R4/debug/SAMD_DRIVERS_HAL/Driver_SAMD_SERCOM4_SPIM.o
 .ARM.attributes
                0x00000000000002b2       0x2c build/GameCat_R4/debug/SAMD_FreeRTOS/queue.o
 .ARM.attributes
                0x00000000000002de       0x2c build/GameCat_R4/debug/SAMD_FreeRTOS/event_groups.o
 .ARM.attributes
                0x000000000000030a       0x2c build/GameCat_R4/debug/SAMD_FreeRTOS/list.o
 .ARM.attributes
                0x0000000000000336       0x32 build/GameCat_R4/debug/SAMD_FreeRTOS/timers.o
 .ARM.attributes
                0x0000000000000368       0x2c build/GameCat_R4/debug/SAMD_FreeRTOS/tasks.o
 .ARM.attributes
                0x0000000000000394       0x2c build/GameCat_R4/debug/SAMD_FreeRTOS/Portable/MemMang/heap_4.o
 .ARM.attributes
                0x00000000000003c0       0x2c build/GameCat_R4/debug/SAMD_FreeRTOS/Portable/ARM_CM0/port.o
 .ARM.attributes
                0x00000000000003ec       0x2c build/GameCat_R4/debug/SAMD_INTERRUPTIONS/Interruption_TRAP.o
 .ARM.attributes
                0x0000000000000418       0x2c build/GameCat_R4/debug/SAMD_MAIN/Function_MAIN.o
 .ARM.attributes
                0x0000000000000444       0x2c build/GameCat_R4/debug/SAMD_MAIN/Storage_DELAY.o
 .ARM.attributes
                0x0000000000000470       0x2c build/GameCat_R4/debug/SAMD_STREAMS/Stream_CTRL_LEDC.o
 .ARM.attributes
                0x000000000000049c       0x2c build/GameCat_R4/debug/SAMD_TASK/Settings_TASKS.o
 .ARM.attributes
                0x00000000000004c8       0x2c build/GameCat_R4/debug/SAMD_TASK/Task_CTRL_LEDC.o
 .ARM.attributes
                0x00000000000004f4       0x2c build/GameCat_R4/debug/SAMD_TASK/Task_CTRL_CANC.o
 .ARM.attributes
                0x0000000000000520       0x2c build/GameCat_R4/debug/SAMD_TASK/Task_EXEC_MUXC.o
 .ARM.attributes
                0x000000000000054c       0x2c /tmp/ccQqh8Ft.o
 .ARM.attributes
                0x0000000000000578       0x2c /opt/microchip/xc32/v4.45/bin/bin/../../lib/gcc/pic32c/8.3.1/../../../../pic32c/lib/thumb/v6-m/nofp/libpic32c.a(data_init.o)
 .ARM.attributes
                0x00000000000005a4       0x2e /opt/microchip/xc32/v4.45/bin/bin/../../lib/gcc/pic32c/8.3.1/../../../../pic32c/lib/thumb/v6-m/nofp/libc-size-musl.a(memcpy.o)
 .ARM.attributes
                0x00000000000005d2       0x2e /opt/microchip/xc32/v4.45/bin/bin/../../lib/gcc/pic32c/8.3.1/../../../../pic32c/lib/thumb/v6-m/nofp/libc-size-musl.a(memset.o)
 .ARM.attributes
                0x0000000000000600       0x2e /opt/microchip/xc32/v4.45/bin/bin/../../lib/gcc/pic32c/8.3.1/../../../../pic32c/lib/thumb/v6-m/nofp/libg-musl.a(__libc_start_main.o)
 .ARM.attributes
                0x000000000000062e       0x2e /opt/microchip/xc32/v4.45/bin/bin/../../lib/gcc/pic32c/8.3.1/../../../../pic32c/lib/thumb/v6-m/nofp/libg-musl.a(libc.o)
 .ARM.attributes
                0x000000000000065c       0x2e /opt/microchip/xc32/v4.45/bin/bin/../../lib/gcc/pic32c/8.3.1/../../../../pic32c/lib/thumb/v6-m/nofp/libg-musl.a(__environ.o)
 .ARM.attributes
                0x000000000000068a       0x1e /opt/microchip/xc32/v4.45/bin/bin/../../lib/gcc/pic32c/8.3.1/thumb/v6-m/nofp/libgcc.a(_udivsi3.o)
 .ARM.attributes
                0x00000000000006a8       0x1e /opt/microchip/xc32/v4.45/bin/bin/../../lib/gcc/pic32c/8.3.1/thumb/v6-m/nofp/libgcc.a(_dvmd_tls.o)
 .ARM.attributes
                0x00000000000006c6       0x2c /opt/microchip/xc32/v4.45/bin/bin/../../lib/gcc/pic32c/8.3.1/thumb/v6-m/nofp/crtend.o
 .ARM.attributes
                0x00000000000006f2       0x1e /opt/microchip/xc32/v4.45/bin/bin/../../lib/gcc/pic32c/8.3.1/thumb/v6-m/nofp/crtn.o
 .ARM.attributes
                0x0000000000000710       0x2c /opt/microchip/xc32/v4.45/bin/bin/../../lib/gcc/pic32c/8.3.1/../../../../pic32c/lib/thumb/v6-m/nofp/libpic32c.a(pic32_data_init_clear.o)
 .ARM.attributes
                0x000000000000073c       0x2c /opt/microchip/xc32/v4.45/bin/bin/../../lib/gcc/pic32c/8.3.1/../../../../pic32c/lib/thumb/v6-m/nofp/libpic32c.a(pic32_data_init_copy.o)

.comment        0x0000000000000000       0x2b
 .comment       0x0000000000000000       0x2b /opt/microchip/xc32/v4.45/bin/bin/../../lib/gcc/pic32c/8.3.1/thumb/v6-m/nofp/crtbegin.o
                                         0x2c (size before relaxing)
 .comment       0x000000000000002b       0x2c build/GameCat_R4/debug/SAMD_CONTROL_HAL/Control_HAL_JOYSTICK.o
 .comment       0x000000000000002b       0x2c build/GameCat_R4/debug/SAMD_CONTROL_HAL/Control_HAL_SST25VF016.o
 .comment       0x000000000000002b       0x2c build/GameCat_R4/debug/SAMD_CONTROL_HAL/Control_HAL_23K256.o
 .comment       0x000000000000002b       0x2c build/GameCat_R4/debug/SAMD_CONTROL_HAL/Control_HAL_24CSM01.o
 .comment       0x000000000000002b       0x2c build/GameCat_R4/debug/SAMD_CONTROL_HAL/Control_HAL_MCP2518FD.o
 .comment       0x000000000000002b       0x2c build/GameCat_R4/debug/SAMD_DRIVERS_HAL/Driver_SAMD_SYSCTRL.o
 .comment       0x000000000000002b       0x2c build/GameCat_R4/debug/SAMD_DRIVERS_HAL/Driver_SAMD_GCLK.o
 .comment       0x000000000000002b       0x2c build/GameCat_R4/debug/SAMD_DRIVERS_HAL/Driver_SAMD_PM.o
 .comment       0x000000000000002b       0x2c build/GameCat_R4/debug/SAMD_DRIVERS_HAL/Driver_SAMD_ADC.o
 .comment       0x000000000000002b       0x2c build/GameCat_R4/debug/SAMD_DRIVERS_HAL/Driver_SAMD_PORT.o
 .comment       0x000000000000002b       0x2c build/GameCat_R4/debug/SAMD_DRIVERS_HAL/Driver_SAMD_SERCOM2_SPIM.o
 .comment       0x000000000000002b       0x2c build/GameCat_R4/debug/SAMD_DRIVERS_HAL/Driver_SAMD_SERCOM1_I2CM.o
 .comment       0x000000000000002b       0x2c build/GameCat_R4/debug/SAMD_DRIVERS_HAL/Driver_SAMD_SERCOM3_SPIM.o
 .comment       0x000000000000002b       0x2c build/GameCat_R4/debug/SAMD_DRIVERS_HAL/Driver_SAMD_SERCOM4_SPIM.o
 .comment       0x000000000000002b       0x2c build/GameCat_R4/debug/SAMD_FreeRTOS/queue.o
 .comment       0x000000000000002b       0x2c build/GameCat_R4/debug/SAMD_FreeRTOS/event_groups.o
 .comment       0x000000000000002b       0x2c build/GameCat_R4/debug/SAMD_FreeRTOS/list.o
 .comment       0x000000000000002b       0x2c build/GameCat_R4/debug/SAMD_FreeRTOS/timers.o
 .comment       0x000000000000002b       0x2c build/GameCat_R4/debug/SAMD_FreeRTOS/tasks.o
 .comment       0x000000000000002b       0x2c build/GameCat_R4/debug/SAMD_FreeRTOS/Portable/MemMang/heap_4.o
 .comment       0x000000000000002b       0x2c build/GameCat_R4/debug/SAMD_FreeRTOS/Portable/ARM_CM0/port.o
 .comment       0x000000000000002b       0x2c build/GameCat_R4/debug/SAMD_INTERRUPTIONS/Interruption_TRAP.o
 .comment       0x000000000000002b       0x2c build/GameCat_R4/debug/SAMD_MAIN/Function_MAIN.o
 .comment       0x000000000000002b       0x2c build/GameCat_R4/debug/SAMD_MAIN/Storage_DELAY.o
 .comment       0x000000000000002b       0x2c build/GameCat_R4/debug/SAMD_STREAMS/Stream_CTRL_LEDC.o
 .comment       0x000000000000002b       0x2c build/GameCat_R4/debug/SAMD_TASK/Settings_TASKS.o
 .comment       0x000000000000002b       0x2c build/GameCat_R4/debug/SAMD_TASK/Task_CTRL_LEDC.o
 .comment       0x000000000000002b       0x2c build/GameCat_R4/debug/SAMD_TASK/Task_CTRL_CANC.o
 .comment       0x000000000000002b       0x2c build/GameCat_R4/debug/SAMD_TASK/Task_EXEC_MUXC.o
 .comment       0x000000000000002b       0x2c /tmp/ccQqh8Ft.o
 .comment       0x000000000000002b       0x2c /opt/microchip/xc32/v4.45/bin/bin/../../lib/gcc/pic32c/8.3.1/../../../../pic32c/lib/thumb/v6-m/nofp/libpic32c.a(data_init.o)
 .comment       0x000000000000002b       0x2c /opt/microchip/xc32/v4.45/bin/bin/../../lib/gcc/pic32c/8.3.1/../../../../pic32c/lib/thumb/v6-m/nofp/libc-size-musl.a(memcpy.o)
 .comment       0x000000000000002b       0x2c /opt/microchip/xc32/v4.45/bin/bin/../../lib/gcc/pic32c/8.3.1/../../../../pic32c/lib/thumb/v6-m/nofp/libc-size-musl.a(memset.o)
 .comment       0x000000000000002b       0x2c /opt/microchip/xc32/v4.45/bin/bin/../../lib/gcc/pic32c/8.3.1/../../../../pic32c/lib/thumb/v6-m/nofp/libg-musl.a(__libc_start_main.o)
 .comment       0x000000000000002b       0x2c /opt/microchip/xc32/v4.45/bin/bin/../../lib/gcc/pic32c/8.3.1/../../../../pic32c/lib/thumb/v6-m/nofp/libg-musl.a(libc.o)
 .comment       0x000000000000002b       0x2c /opt/microchip/xc32/v4.45/bin/bin/../../lib/gcc/pic32c/8.3.1/../../../../pic32c/lib/thumb/v6-m/nofp/libg-musl.a(__environ.o)
 .comment       0x000000000000002b       0x2c /opt/microchip/xc32/v4.45/bin/bin/../../lib/gcc/pic32c/8.3.1/thumb/v6-m/nofp/crtend.o
 .comment       0x000000000000002b       0x2c /opt/microchip/xc32/v4.45/bin/bin/../../lib/gcc/pic32c/8.3.1/../../../../pic32c/lib/thumb/v6-m/nofp/libpic32c.a(pic32_data_init_clear.o)
 .comment       0x000000000000002b       0x2c /opt/microchip/xc32/v4.45/bin/bin/../../lib/gcc/pic32c/8.3.1/../../../../pic32c/lib/thumb/v6-m/nofp/libpic32c.a(pic32_data_init_copy.o)

.debug_info     0x0000000000000000     0xb61b
 .debug_info    0x0000000000000000      0x443 build/GameCat_R4/debug/SAMD_CONTROL_HAL/Control_HAL_JOYSTICK.o
 .debug_info    0x0000000000000443      0x6ba build/GameCat_R4/debug/SAMD_CONTROL_HAL/Control_HAL_SST25VF016.o
 .debug_info    0x0000000000000afd      0x516 build/GameCat_R4/debug/SAMD_CONTROL_HAL/Control_HAL_23K256.o
 .debug_info    0x0000000000001013      0x2b9 build/GameCat_R4/debug/SAMD_CONTROL_HAL/Control_HAL_24CSM01.o
 .debug_info    0x00000000000012cc      0x30a build/GameCat_R4/debug/SAMD_CONTROL_HAL/Control_HAL_MCP2518FD.o
 .debug_info    0x00000000000015d6      0x316 build/GameCat_R4/debug/SAMD_DRIVERS_HAL/Driver_SAMD_SYSCTRL.o
 .debug_info    0x00000000000018ec      0x133 build/GameCat_R4/debug/SAMD_DRIVERS_HAL/Driver_SAMD_GCLK.o
 .debug_info    0x0000000000001a1f      0x39d build/GameCat_R4/debug/SAMD_DRIVERS_HAL/Driver_SAMD_PM.o
 .debug_info    0x0000000000001dbc      0x5aa build/GameCat_R4/debug/SAMD_DRIVERS_HAL/Driver_SAMD_ADC.o
 .debug_info    0x0000000000002366      0x410 build/GameCat_R4/debug/SAMD_DRIVERS_HAL/Driver_SAMD_PORT.o
 .debug_info    0x0000000000002776      0xee4 build/GameCat_R4/debug/SAMD_DRIVERS_HAL/Driver_SAMD_SERCOM2_SPIM.o
 .debug_info    0x000000000000365a     0x1048 build/GameCat_R4/debug/SAMD_DRIVERS_HAL/Driver_SAMD_SERCOM1_I2CM.o
 .debug_info    0x00000000000046a2      0xee4 build/GameCat_R4/debug/SAMD_DRIVERS_HAL/Driver_SAMD_SERCOM3_SPIM.o
 .debug_info    0x0000000000005586      0xee4 build/GameCat_R4/debug/SAMD_DRIVERS_HAL/Driver_SAMD_SERCOM4_SPIM.o
 .debug_info    0x000000000000646a      0xf05 build/GameCat_R4/debug/SAMD_FreeRTOS/queue.o
 .debug_info    0x000000000000736f      0x681 build/GameCat_R4/debug/SAMD_FreeRTOS/event_groups.o
 .debug_info    0x00000000000079f0      0x2b8 build/GameCat_R4/debug/SAMD_FreeRTOS/list.o
 .debug_info    0x0000000000007ca8       0x79 build/GameCat_R4/debug/SAMD_FreeRTOS/timers.o
 .debug_info    0x0000000000007d21     0x12b0 build/GameCat_R4/debug/SAMD_FreeRTOS/tasks.o
 .debug_info    0x0000000000008fd1      0x4bc build/GameCat_R4/debug/SAMD_FreeRTOS/Portable/MemMang/heap_4.o
 .debug_info    0x000000000000948d      0x2a9 build/GameCat_R4/debug/SAMD_FreeRTOS/Portable/ARM_CM0/port.o
 .debug_info    0x0000000000009736      0x136 build/GameCat_R4/debug/SAMD_INTERRUPTIONS/Interruption_TRAP.o
 .debug_info    0x000000000000986c       0x9c build/GameCat_R4/debug/SAMD_MAIN/Function_MAIN.o
 .debug_info    0x0000000000009908       0xbe build/GameCat_R4/debug/SAMD_MAIN/Storage_DELAY.o
 .debug_info    0x00000000000099c6      0x341 build/GameCat_R4/debug/SAMD_STREAMS/Stream_CTRL_LEDC.o
 .debug_info    0x0000000000009d07      0x2a1 build/GameCat_R4/debug/SAMD_TASK/Settings_TASKS.o
 .debug_info    0x0000000000009fa8      0x57b build/GameCat_R4/debug/SAMD_TASK/Task_CTRL_LEDC.o
 .debug_info    0x000000000000a523       0xd2 build/GameCat_R4/debug/SAMD_TASK/Task_CTRL_CANC.o
 .debug_info    0x000000000000a5f5      0x2d8 build/GameCat_R4/debug/SAMD_TASK/Task_EXEC_MUXC.o
 .debug_info    0x000000000000a8cd      0x47f /tmp/ccQqh8Ft.o
 .debug_info    0x000000000000ad4c       0x54 /opt/microchip/xc32/v4.45/bin/bin/../../lib/gcc/pic32c/8.3.1/../../../../pic32c/lib/thumb/v6-m/nofp/libpic32c.a(data_init.o)
 .debug_info    0x000000000000ada0       0xed /opt/microchip/xc32/v4.45/bin/bin/../../lib/gcc/pic32c/8.3.1/../../../../pic32c/lib/thumb/v6-m/nofp/libc-size-musl.a(memcpy.o)
 .debug_info    0x000000000000ae8d       0xbb /opt/microchip/xc32/v4.45/bin/bin/../../lib/gcc/pic32c/8.3.1/../../../../pic32c/lib/thumb/v6-m/nofp/libc-size-musl.a(memset.o)
 .debug_info    0x000000000000af48      0x2fb /opt/microchip/xc32/v4.45/bin/bin/../../lib/gcc/pic32c/8.3.1/../../../../pic32c/lib/thumb/v6-m/nofp/libg-musl.a(__libc_start_main.o)
 .debug_info    0x000000000000b243      0x276 /opt/microchip/xc32/v4.45/bin/bin/../../lib/gcc/pic32c/8.3.1/../../../../pic32c/lib/thumb/v6-m/nofp/libg-musl.a(libc.o)
 .debug_info    0x000000000000b4b9       0x97 /opt/microchip/xc32/v4.45/bin/bin/../../lib/gcc/pic32c/8.3.1/../../../../pic32c/lib/thumb/v6-m/nofp/libg-musl.a(__environ.o)
 .debug_info    0x000000000000b550       0x26 /opt/microchip/xc32/v4.45/bin/bin/../../lib/gcc/pic32c/8.3.1/thumb/v6-m/nofp/libgcc.a(_udivsi3.o)
 .debug_info    0x000000000000b576       0x26 /opt/microchip/xc32/v4.45/bin/bin/../../lib/gcc/pic32c/8.3.1/thumb/v6-m/nofp/libgcc.a(_dvmd_tls.o)
 .debug_info    0x000000000000b59c       0x3f /opt/microchip/xc32/v4.45/bin/bin/../../lib/gcc/pic32c/8.3.1/../../../../pic32c/lib/thumb/v6-m/nofp/libpic32c.a(pic32_data_init_clear.o)
 .debug_info    0x000000000000b5db       0x40 /opt/microchip/xc32/v4.45/bin/bin/../../lib/gcc/pic32c/8.3.1/../../../../pic32c/lib/thumb/v6-m/nofp/libpic32c.a(pic32_data_init_copy.o)

.debug_abbrev   0x0000000000000000     0x2856
 .debug_abbrev  0x0000000000000000      0x146 build/GameCat_R4/debug/SAMD_CONTROL_HAL/Control_HAL_JOYSTICK.o
 .debug_abbrev  0x0000000000000146      0x1d5 build/GameCat_R4/debug/SAMD_CONTROL_HAL/Control_HAL_SST25VF016.o
 .debug_abbrev  0x000000000000031b      0x11f build/GameCat_R4/debug/SAMD_CONTROL_HAL/Control_HAL_23K256.o
 .debug_abbrev  0x000000000000043a       0xc8 build/GameCat_R4/debug/SAMD_CONTROL_HAL/Control_HAL_24CSM01.o
 .debug_abbrev  0x0000000000000502      0x116 build/GameCat_R4/debug/SAMD_CONTROL_HAL/Control_HAL_MCP2518FD.o
 .debug_abbrev  0x0000000000000618       0xa2 build/GameCat_R4/debug/SAMD_DRIVERS_HAL/Driver_SAMD_SYSCTRL.o
 .debug_abbrev  0x00000000000006ba       0x90 build/GameCat_R4/debug/SAMD_DRIVERS_HAL/Driver_SAMD_GCLK.o
 .debug_abbrev  0x000000000000074a       0xc2 build/GameCat_R4/debug/SAMD_DRIVERS_HAL/Driver_SAMD_PM.o
 .debug_abbrev  0x000000000000080c      0x102 build/GameCat_R4/debug/SAMD_DRIVERS_HAL/Driver_SAMD_ADC.o
 .debug_abbrev  0x000000000000090e       0xb1 build/GameCat_R4/debug/SAMD_DRIVERS_HAL/Driver_SAMD_PORT.o
 .debug_abbrev  0x00000000000009bf      0x1f5 build/GameCat_R4/debug/SAMD_DRIVERS_HAL/Driver_SAMD_SERCOM2_SPIM.o
 .debug_abbrev  0x0000000000000bb4      0x26d build/GameCat_R4/debug/SAMD_DRIVERS_HAL/Driver_SAMD_SERCOM1_I2CM.o
 .debug_abbrev  0x0000000000000e21      0x1f5 build/GameCat_R4/debug/SAMD_DRIVERS_HAL/Driver_SAMD_SERCOM3_SPIM.o
 .debug_abbrev  0x0000000000001016      0x1f5 build/GameCat_R4/debug/SAMD_DRIVERS_HAL/Driver_SAMD_SERCOM4_SPIM.o
 .debug_abbrev  0x000000000000120b      0x1c1 build/GameCat_R4/debug/SAMD_FreeRTOS/queue.o
 .debug_abbrev  0x00000000000013cc      0x15e build/GameCat_R4/debug/SAMD_FreeRTOS/event_groups.o
 .debug_abbrev  0x000000000000152a       0xf7 build/GameCat_R4/debug/SAMD_FreeRTOS/list.o
 .debug_abbrev  0x0000000000001621       0x26 build/GameCat_R4/debug/SAMD_FreeRTOS/timers.o
 .debug_abbrev  0x0000000000001647      0x252 build/GameCat_R4/debug/SAMD_FreeRTOS/tasks.o
 .debug_abbrev  0x0000000000001899      0x19f build/GameCat_R4/debug/SAMD_FreeRTOS/Portable/MemMang/heap_4.o
 .debug_abbrev  0x0000000000001a38      0x1bf build/GameCat_R4/debug/SAMD_FreeRTOS/Portable/ARM_CM0/port.o
 .debug_abbrev  0x0000000000001bf7       0xdb build/GameCat_R4/debug/SAMD_INTERRUPTIONS/Interruption_TRAP.o
 .debug_abbrev  0x0000000000001cd2       0x46 build/GameCat_R4/debug/SAMD_MAIN/Function_MAIN.o
 .debug_abbrev  0x0000000000001d18       0x6d build/GameCat_R4/debug/SAMD_MAIN/Storage_DELAY.o
 .debug_abbrev  0x0000000000001d85      0x116 build/GameCat_R4/debug/SAMD_STREAMS/Stream_CTRL_LEDC.o
 .debug_abbrev  0x0000000000001e9b       0xdf build/GameCat_R4/debug/SAMD_TASK/Settings_TASKS.o
 .debug_abbrev  0x0000000000001f7a      0x17e build/GameCat_R4/debug/SAMD_TASK/Task_CTRL_LEDC.o
 .debug_abbrev  0x00000000000020f8       0x8b build/GameCat_R4/debug/SAMD_TASK/Task_CTRL_CANC.o
 .debug_abbrev  0x0000000000002183      0x10d build/GameCat_R4/debug/SAMD_TASK/Task_EXEC_MUXC.o
 .debug_abbrev  0x0000000000002290      0x138 /tmp/ccQqh8Ft.o
 .debug_abbrev  0x00000000000023c8       0x44 /opt/microchip/xc32/v4.45/bin/bin/../../lib/gcc/pic32c/8.3.1/../../../../pic32c/lib/thumb/v6-m/nofp/libpic32c.a(data_init.o)
 .debug_abbrev  0x000000000000240c       0xbb /opt/microchip/xc32/v4.45/bin/bin/../../lib/gcc/pic32c/8.3.1/../../../../pic32c/lib/thumb/v6-m/nofp/libc-size-musl.a(memcpy.o)
 .debug_abbrev  0x00000000000024c7       0xa2 /opt/microchip/xc32/v4.45/bin/bin/../../lib/gcc/pic32c/8.3.1/../../../../pic32c/lib/thumb/v6-m/nofp/libc-size-musl.a(memset.o)
 .debug_abbrev  0x0000000000002569      0x133 /opt/microchip/xc32/v4.45/bin/bin/../../lib/gcc/pic32c/8.3.1/../../../../pic32c/lib/thumb/v6-m/nofp/libg-musl.a(__libc_start_main.o)
 .debug_abbrev  0x000000000000269c       0xd4 /opt/microchip/xc32/v4.45/bin/bin/../../lib/gcc/pic32c/8.3.1/../../../../pic32c/lib/thumb/v6-m/nofp/libg-musl.a(libc.o)
 .debug_abbrev  0x0000000000002770       0x62 /opt/microchip/xc32/v4.45/bin/bin/../../lib/gcc/pic32c/8.3.1/../../../../pic32c/lib/thumb/v6-m/nofp/libg-musl.a(__environ.o)
 .debug_abbrev  0x00000000000027d2       0x14 /opt/microchip/xc32/v4.45/bin/bin/../../lib/gcc/pic32c/8.3.1/thumb/v6-m/nofp/libgcc.a(_udivsi3.o)
 .debug_abbrev  0x00000000000027e6       0x14 /opt/microchip/xc32/v4.45/bin/bin/../../lib/gcc/pic32c/8.3.1/thumb/v6-m/nofp/libgcc.a(_dvmd_tls.o)
 .debug_abbrev  0x00000000000027fa       0x2e /opt/microchip/xc32/v4.45/bin/bin/../../lib/gcc/pic32c/8.3.1/../../../../pic32c/lib/thumb/v6-m/nofp/libpic32c.a(pic32_data_init_clear.o)
 .debug_abbrev  0x0000000000002828       0x2e /opt/microchip/xc32/v4.45/bin/bin/../../lib/gcc/pic32c/8.3.1/../../../../pic32c/lib/thumb/v6-m/nofp/libpic32c.a(pic32_data_init_copy.o)

.debug_loc      0x0000000000000000     0x2be5
 .debug_loc     0x0000000000000000       0x38 build/GameCat_R4/debug/SAMD_CONTROL_HAL/Control_HAL_JOYSTICK.o
 .debug_loc     0x0000000000000038      0x49c build/GameCat_R4/debug/SAMD_CONTROL_HAL/Control_HAL_SST25VF016.o
 .debug_loc     0x00000000000004d4      0x230 build/GameCat_R4/debug/SAMD_CONTROL_HAL/Control_HAL_23K256.o
 .debug_loc     0x0000000000000704      0x146 build/GameCat_R4/debug/SAMD_CONTROL_HAL/Control_HAL_24CSM01.o
 .debug_loc     0x000000000000084a       0xc8 build/GameCat_R4/debug/SAMD_CONTROL_HAL/Control_HAL_MCP2518FD.o
 .debug_loc     0x0000000000000912       0x2c build/GameCat_R4/debug/SAMD_DRIVERS_HAL/Driver_SAMD_SYSCTRL.o
 .debug_loc     0x000000000000093e       0x2c build/GameCat_R4/debug/SAMD_DRIVERS_HAL/Driver_SAMD_GCLK.o
 .debug_loc     0x000000000000096a       0x2c build/GameCat_R4/debug/SAMD_DRIVERS_HAL/Driver_SAMD_PM.o
 .debug_loc     0x0000000000000996       0x70 build/GameCat_R4/debug/SAMD_DRIVERS_HAL/Driver_SAMD_ADC.o
 .debug_loc     0x0000000000000a06       0x2c build/GameCat_R4/debug/SAMD_DRIVERS_HAL/Driver_SAMD_PORT.o
 .debug_loc     0x0000000000000a32      0x17c build/GameCat_R4/debug/SAMD_DRIVERS_HAL/Driver_SAMD_SERCOM2_SPIM.o
 .debug_loc     0x0000000000000bae      0x2b4 build/GameCat_R4/debug/SAMD_DRIVERS_HAL/Driver_SAMD_SERCOM1_I2CM.o
 .debug_loc     0x0000000000000e62      0x17c build/GameCat_R4/debug/SAMD_DRIVERS_HAL/Driver_SAMD_SERCOM3_SPIM.o
 .debug_loc     0x0000000000000fde      0x17c build/GameCat_R4/debug/SAMD_DRIVERS_HAL/Driver_SAMD_SERCOM4_SPIM.o
 .debug_loc     0x000000000000115a      0x5e9 build/GameCat_R4/debug/SAMD_FreeRTOS/queue.o
 .debug_loc     0x0000000000001743      0x230 build/GameCat_R4/debug/SAMD_FreeRTOS/event_groups.o
 .debug_loc     0x0000000000001973      0x118 build/GameCat_R4/debug/SAMD_FreeRTOS/list.o
 .debug_loc     0x0000000000001a8b      0x840 build/GameCat_R4/debug/SAMD_FreeRTOS/tasks.o
 .debug_loc     0x00000000000022cb      0x200 build/GameCat_R4/debug/SAMD_FreeRTOS/Portable/MemMang/heap_4.o
 .debug_loc     0x00000000000024cb      0x1dc build/GameCat_R4/debug/SAMD_FreeRTOS/Portable/ARM_CM0/port.o
 .debug_loc     0x00000000000026a7       0x90 build/GameCat_R4/debug/SAMD_INTERRUPTIONS/Interruption_TRAP.o
 .debug_loc     0x0000000000002737       0x2c build/GameCat_R4/debug/SAMD_MAIN/Function_MAIN.o
 .debug_loc     0x0000000000002763       0x38 build/GameCat_R4/debug/SAMD_MAIN/Storage_DELAY.o
 .debug_loc     0x000000000000279b       0x38 build/GameCat_R4/debug/SAMD_STREAMS/Stream_CTRL_LEDC.o
 .debug_loc     0x00000000000027d3       0xe8 build/GameCat_R4/debug/SAMD_TASK/Settings_TASKS.o
 .debug_loc     0x00000000000028bb       0x3a build/GameCat_R4/debug/SAMD_TASK/Task_CTRL_LEDC.o
 .debug_loc     0x00000000000028f5       0x38 build/GameCat_R4/debug/SAMD_TASK/Task_CTRL_CANC.o
 .debug_loc     0x000000000000292d       0x38 build/GameCat_R4/debug/SAMD_TASK/Task_EXEC_MUXC.o
 .debug_loc     0x0000000000002965       0x14 /opt/microchip/xc32/v4.45/bin/bin/../../lib/gcc/pic32c/8.3.1/../../../../pic32c/lib/thumb/v6-m/nofp/libpic32c.a(data_init.o)
 .debug_loc     0x0000000000002979      0x12d /opt/microchip/xc32/v4.45/bin/bin/../../lib/gcc/pic32c/8.3.1/../../../../pic32c/lib/thumb/v6-m/nofp/libc-size-musl.a(memcpy.o)
 .debug_loc     0x0000000000002aa6       0xcd /opt/microchip/xc32/v4.45/bin/bin/../../lib/gcc/pic32c/8.3.1/../../../../pic32c/lib/thumb/v6-m/nofp/libc-size-musl.a(memset.o)
 .debug_loc     0x0000000000002b73       0x5e /opt/microchip/xc32/v4.45/bin/bin/../../lib/gcc/pic32c/8.3.1/../../../../pic32c/lib/thumb/v6-m/nofp/libg-musl.a(__libc_start_main.o)
 .debug_loc     0x0000000000002bd1       0x14 /opt/microchip/xc32/v4.45/bin/bin/../../lib/gcc/pic32c/8.3.1/../../../../pic32c/lib/thumb/v6-m/nofp/libpic32c.a(pic32_data_init_copy.o)

.debug_aranges  0x0000000000000000      0x500
 .debug_aranges
                0x0000000000000000       0x20 build/GameCat_R4/debug/SAMD_CONTROL_HAL/Control_HAL_JOYSTICK.o
 .debug_aranges
                0x0000000000000020       0x20 build/GameCat_R4/debug/SAMD_CONTROL_HAL/Control_HAL_SST25VF016.o
 .debug_aranges
                0x0000000000000040       0x20 build/GameCat_R4/debug/SAMD_CONTROL_HAL/Control_HAL_23K256.o
 .debug_aranges
                0x0000000000000060       0x20 build/GameCat_R4/debug/SAMD_CONTROL_HAL/Control_HAL_24CSM01.o
 .debug_aranges
                0x0000000000000080       0x20 build/GameCat_R4/debug/SAMD_CONTROL_HAL/Control_HAL_MCP2518FD.o
 .debug_aranges
                0x00000000000000a0       0x20 build/GameCat_R4/debug/SAMD_DRIVERS_HAL/Driver_SAMD_SYSCTRL.o
 .debug_aranges
                0x00000000000000c0       0x20 build/GameCat_R4/debug/SAMD_DRIVERS_HAL/Driver_SAMD_GCLK.o
 .debug_aranges
                0x00000000000000e0       0x20 build/GameCat_R4/debug/SAMD_DRIVERS_HAL/Driver_SAMD_PM.o
 .debug_aranges
                0x0000000000000100       0x20 build/GameCat_R4/debug/SAMD_DRIVERS_HAL/Driver_SAMD_ADC.o
 .debug_aranges
                0x0000000000000120       0x20 build/GameCat_R4/debug/SAMD_DRIVERS_HAL/Driver_SAMD_PORT.o
 .debug_aranges
                0x0000000000000140       0x20 build/GameCat_R4/debug/SAMD_DRIVERS_HAL/Driver_SAMD_SERCOM2_SPIM.o
 .debug_aranges
                0x0000000000000160       0x20 build/GameCat_R4/debug/SAMD_DRIVERS_HAL/Driver_SAMD_SERCOM1_I2CM.o
 .debug_aranges
                0x0000000000000180       0x20 build/GameCat_R4/debug/SAMD_DRIVERS_HAL/Driver_SAMD_SERCOM3_SPIM.o
 .debug_aranges
                0x00000000000001a0       0x20 build/GameCat_R4/debug/SAMD_DRIVERS_HAL/Driver_SAMD_SERCOM4_SPIM.o
 .debug_aranges
                0x00000000000001c0       0x20 build/GameCat_R4/debug/SAMD_FreeRTOS/queue.o
 .debug_aranges
                0x00000000000001e0       0x20 build/GameCat_R4/debug/SAMD_FreeRTOS/event_groups.o
 .debug_aranges
                0x0000000000000200       0x20 build/GameCat_R4/debug/SAMD_FreeRTOS/list.o
 .debug_aranges
                0x0000000000000220       0x18 build/GameCat_R4/debug/SAMD_FreeRTOS/timers.o
 .debug_aranges
                0x0000000000000238       0x20 build/GameCat_R4/debug/SAMD_FreeRTOS/tasks.o
 .debug_aranges
                0x0000000000000258       0x20 build/GameCat_R4/debug/SAMD_FreeRTOS/Portable/MemMang/heap_4.o
 .debug_aranges
                0x0000000000000278       0x20 build/GameCat_R4/debug/SAMD_FreeRTOS/Portable/ARM_CM0/port.o
 .debug_aranges
                0x0000000000000298       0x20 build/GameCat_R4/debug/SAMD_INTERRUPTIONS/Interruption_TRAP.o
 .debug_aranges
                0x00000000000002b8       0x20 build/GameCat_R4/debug/SAMD_MAIN/Function_MAIN.o
 .debug_aranges
                0x00000000000002d8       0x20 build/GameCat_R4/debug/SAMD_MAIN/Storage_DELAY.o
 .debug_aranges
                0x00000000000002f8       0x20 build/GameCat_R4/debug/SAMD_STREAMS/Stream_CTRL_LEDC.o
 .debug_aranges
                0x0000000000000318       0x20 build/GameCat_R4/debug/SAMD_TASK/Settings_TASKS.o
 .debug_aranges
                0x0000000000000338       0x20 build/GameCat_R4/debug/SAMD_TASK/Task_CTRL_LEDC.o
 .debug_aranges
                0x0000000000000358       0x20 build/GameCat_R4/debug/SAMD_TASK/Task_CTRL_CANC.o
 .debug_aranges
                0x0000000000000378       0x20 build/GameCat_R4/debug/SAMD_TASK/Task_EXEC_MUXC.o
 .debug_aranges
                0x0000000000000398       0x28 /tmp/ccQqh8Ft.o
 .debug_aranges
                0x00000000000003c0       0x28 /opt/microchip/xc32/v4.45/bin/bin/../../lib/gcc/pic32c/8.3.1/../../../../pic32c/lib/thumb/v6-m/nofp/libpic32c.a(data_init.o)
 .debug_aranges
                0x00000000000003e8       0x20 /opt/microchip/xc32/v4.45/bin/bin/../../lib/gcc/pic32c/8.3.1/../../../../pic32c/lib/thumb/v6-m/nofp/libc-size-musl.a(memcpy.o)
 .debug_aranges
                0x0000000000000408       0x20 /opt/microchip/xc32/v4.45/bin/bin/../../lib/gcc/pic32c/8.3.1/../../../../pic32c/lib/thumb/v6-m/nofp/libc-size-musl.a(memset.o)
 .debug_aranges
                0x0000000000000428       0x28 /opt/microchip/xc32/v4.45/bin/bin/../../lib/gcc/pic32c/8.3.1/../../../../pic32c/lib/thumb/v6-m/nofp/libg-musl.a(__libc_start_main.o)
 .debug_aranges
                0x0000000000000450       0x18 /opt/microchip/xc32/v4.45/bin/bin/../../lib/gcc/pic32c/8.3.1/../../../../pic32c/lib/thumb/v6-m/nofp/libg-musl.a(libc.o)
 .debug_aranges
                0x0000000000000468       0x18 /opt/microchip/xc32/v4.45/bin/bin/../../lib/gcc/pic32c/8.3.1/../../../../pic32c/lib/thumb/v6-m/nofp/libg-musl.a(__environ.o)
 .debug_aranges
                0x0000000000000480       0x20 /opt/microchip/xc32/v4.45/bin/bin/../../lib/gcc/pic32c/8.3.1/thumb/v6-m/nofp/libgcc.a(_udivsi3.o)
 .debug_aranges
                0x00000000000004a0       0x20 /opt/microchip/xc32/v4.45/bin/bin/../../lib/gcc/pic32c/8.3.1/thumb/v6-m/nofp/libgcc.a(_dvmd_tls.o)
 .debug_aranges
                0x00000000000004c0       0x20 /opt/microchip/xc32/v4.45/bin/bin/../../lib/gcc/pic32c/8.3.1/../../../../pic32c/lib/thumb/v6-m/nofp/libpic32c.a(pic32_data_init_clear.o)
 .debug_aranges
                0x00000000000004e0       0x20 /opt/microchip/xc32/v4.45/bin/bin/../../lib/gcc/pic32c/8.3.1/../../../../pic32c/lib/thumb/v6-m/nofp/libpic32c.a(pic32_data_init_copy.o)

.debug_line     0x0000000000000000     0x52b8
 .debug_line    0x0000000000000000      0x1d1 build/GameCat_R4/debug/SAMD_CONTROL_HAL/Control_HAL_JOYSTICK.o
 .debug_line    0x00000000000001d1      0x3c1 build/GameCat_R4/debug/SAMD_CONTROL_HAL/Control_HAL_SST25VF016.o
 .debug_line    0x0000000000000592      0x23e build/GameCat_R4/debug/SAMD_CONTROL_HAL/Control_HAL_23K256.o
 .debug_line    0x00000000000007d0      0x1cb build/GameCat_R4/debug/SAMD_CONTROL_HAL/Control_HAL_24CSM01.o
 .debug_line    0x000000000000099b      0x141 build/GameCat_R4/debug/SAMD_CONTROL_HAL/Control_HAL_MCP2518FD.o
 .debug_line    0x0000000000000adc      0x14a build/GameCat_R4/debug/SAMD_DRIVERS_HAL/Driver_SAMD_SYSCTRL.o
 .debug_line    0x0000000000000c26      0x163 build/GameCat_R4/debug/SAMD_DRIVERS_HAL/Driver_SAMD_GCLK.o
 .debug_line    0x0000000000000d89      0x121 build/GameCat_R4/debug/SAMD_DRIVERS_HAL/Driver_SAMD_PM.o
 .debug_line    0x0000000000000eaa      0x23c build/GameCat_R4/debug/SAMD_DRIVERS_HAL/Driver_SAMD_ADC.o
 .debug_line    0x00000000000010e6      0x2dc build/GameCat_R4/debug/SAMD_DRIVERS_HAL/Driver_SAMD_PORT.o
 .debug_line    0x00000000000013c2      0x373 build/GameCat_R4/debug/SAMD_DRIVERS_HAL/Driver_SAMD_SERCOM2_SPIM.o
 .debug_line    0x0000000000001735      0x612 build/GameCat_R4/debug/SAMD_DRIVERS_HAL/Driver_SAMD_SERCOM1_I2CM.o
 .debug_line    0x0000000000001d47      0x373 build/GameCat_R4/debug/SAMD_DRIVERS_HAL/Driver_SAMD_SERCOM3_SPIM.o
 .debug_line    0x00000000000020ba      0x373 build/GameCat_R4/debug/SAMD_DRIVERS_HAL/Driver_SAMD_SERCOM4_SPIM.o
 .debug_line    0x000000000000242d      0x7f9 build/GameCat_R4/debug/SAMD_FreeRTOS/queue.o
 .debug_line    0x0000000000002c26      0x338 build/GameCat_R4/debug/SAMD_FreeRTOS/event_groups.o
 .debug_line    0x0000000000002f5e      0x19a build/GameCat_R4/debug/SAMD_FreeRTOS/list.o
 .debug_line    0x00000000000030f8       0x1d build/GameCat_R4/debug/SAMD_FreeRTOS/timers.o
 .debug_line    0x0000000000003115      0x80a build/GameCat_R4/debug/SAMD_FreeRTOS/tasks.o
 .debug_line    0x000000000000391f      0x395 build/GameCat_R4/debug/SAMD_FreeRTOS/Portable/MemMang/heap_4.o
 .debug_line    0x0000000000003cb4      0x237 build/GameCat_R4/debug/SAMD_FreeRTOS/Portable/ARM_CM0/port.o
 .debug_line    0x0000000000003eeb      0x165 build/GameCat_R4/debug/SAMD_INTERRUPTIONS/Interruption_TRAP.o
 .debug_line    0x0000000000004050       0x5f build/GameCat_R4/debug/SAMD_MAIN/Function_MAIN.o
 .debug_line    0x00000000000040af       0x90 build/GameCat_R4/debug/SAMD_MAIN/Storage_DELAY.o
 .debug_line    0x000000000000413f      0x17b build/GameCat_R4/debug/SAMD_STREAMS/Stream_CTRL_LEDC.o
 .debug_line    0x00000000000042ba      0x15c build/GameCat_R4/debug/SAMD_TASK/Settings_TASKS.o
 .debug_line    0x0000000000004416      0x2ce build/GameCat_R4/debug/SAMD_TASK/Task_CTRL_LEDC.o
 .debug_line    0x00000000000046e4       0xca build/GameCat_R4/debug/SAMD_TASK/Task_CTRL_CANC.o
 .debug_line    0x00000000000047ae      0x146 build/GameCat_R4/debug/SAMD_TASK/Task_EXEC_MUXC.o
 .debug_line    0x00000000000048f4      0x1c9 /tmp/ccQqh8Ft.o
 .debug_line    0x0000000000004abd       0x8e /opt/microchip/xc32/v4.45/bin/bin/../../lib/gcc/pic32c/8.3.1/../../../../pic32c/lib/thumb/v6-m/nofp/libpic32c.a(data_init.o)
 .debug_line    0x0000000000004b4b       0xee /opt/microchip/xc32/v4.45/bin/bin/../../lib/gcc/pic32c/8.3.1/../../../../pic32c/lib/thumb/v6-m/nofp/libc-size-musl.a(memcpy.o)
 .debug_line    0x0000000000004c39       0xe3 /opt/microchip/xc32/v4.45/bin/bin/../../lib/gcc/pic32c/8.3.1/../../../../pic32c/lib/thumb/v6-m/nofp/libc-size-musl.a(memset.o)
 .debug_line    0x0000000000004d1c      0x1bc /opt/microchip/xc32/v4.45/bin/bin/../../lib/gcc/pic32c/8.3.1/../../../../pic32c/lib/thumb/v6-m/nofp/libg-musl.a(__libc_start_main.o)
 .debug_line    0x0000000000004ed8       0xb5 /opt/microchip/xc32/v4.45/bin/bin/../../lib/gcc/pic32c/8.3.1/../../../../pic32c/lib/thumb/v6-m/nofp/libg-musl.a(libc.o)
 .debug_line    0x0000000000004f8d       0xfb /opt/microchip/xc32/v4.45/bin/bin/../../lib/gcc/pic32c/8.3.1/../../../../pic32c/lib/thumb/v6-m/nofp/libg-musl.a(__environ.o)
 .debug_line    0x0000000000005088       0xa8 /opt/microchip/xc32/v4.45/bin/bin/../../lib/gcc/pic32c/8.3.1/thumb/v6-m/nofp/libgcc.a(_udivsi3.o)
 .debug_line    0x0000000000005130       0x91 /opt/microchip/xc32/v4.45/bin/bin/../../lib/gcc/pic32c/8.3.1/thumb/v6-m/nofp/libgcc.a(_dvmd_tls.o)
 .debug_line    0x00000000000051c1       0x6f /opt/microchip/xc32/v4.45/bin/bin/../../lib/gcc/pic32c/8.3.1/../../../../pic32c/lib/thumb/v6-m/nofp/libpic32c.a(pic32_data_init_clear.o)
 .debug_line    0x0000000000005230       0x88 /opt/microchip/xc32/v4.45/bin/bin/../../lib/gcc/pic32c/8.3.1/../../../../pic32c/lib/thumb/v6-m/nofp/libpic32c.a(pic32_data_init_copy.o)

.debug_str      0x0000000000000000     0xaa7c
 .debug_str     0x0000000000000000      0x3d6 build/GameCat_R4/debug/SAMD_CONTROL_HAL/Control_HAL_JOYSTICK.o
 .debug_str     0x00000000000003d6      0x769 build/GameCat_R4/debug/SAMD_CONTROL_HAL/Control_HAL_SST25VF016.o
 .debug_str     0x0000000000000b3f      0x48a build/GameCat_R4/debug/SAMD_CONTROL_HAL/Control_HAL_23K256.o
 .debug_str     0x0000000000000fc9      0x375 build/GameCat_R4/debug/SAMD_CONTROL_HAL/Control_HAL_24CSM01.o
 .debug_str     0x000000000000133e      0x3da build/GameCat_R4/debug/SAMD_CONTROL_HAL/Control_HAL_MCP2518FD.o
 .debug_str     0x0000000000001718      0x42c build/GameCat_R4/debug/SAMD_DRIVERS_HAL/Driver_SAMD_SYSCTRL.o
 .debug_str     0x0000000000001b44      0x2cf build/GameCat_R4/debug/SAMD_DRIVERS_HAL/Driver_SAMD_GCLK.o
 .debug_str     0x0000000000001e13      0x3f0 build/GameCat_R4/debug/SAMD_DRIVERS_HAL/Driver_SAMD_PM.o
 .debug_str     0x0000000000002203      0x551 build/GameCat_R4/debug/SAMD_DRIVERS_HAL/Driver_SAMD_ADC.o
 .debug_str     0x0000000000002754      0x40f build/GameCat_R4/debug/SAMD_DRIVERS_HAL/Driver_SAMD_PORT.o
 .debug_str     0x0000000000002b63      0x7ef build/GameCat_R4/debug/SAMD_DRIVERS_HAL/Driver_SAMD_SERCOM2_SPIM.o
 .debug_str     0x0000000000003352      0x8ce build/GameCat_R4/debug/SAMD_DRIVERS_HAL/Driver_SAMD_SERCOM1_I2CM.o
 .debug_str     0x0000000000003c20      0x7ef build/GameCat_R4/debug/SAMD_DRIVERS_HAL/Driver_SAMD_SERCOM3_SPIM.o
 .debug_str     0x000000000000440f      0x7ef build/GameCat_R4/debug/SAMD_DRIVERS_HAL/Driver_SAMD_SERCOM4_SPIM.o
 .debug_str     0x0000000000004bfe      0x857 build/GameCat_R4/debug/SAMD_FreeRTOS/queue.o
 .debug_str     0x0000000000005455      0x590 build/GameCat_R4/debug/SAMD_FreeRTOS/event_groups.o
 .debug_str     0x00000000000059e5      0x375 build/GameCat_R4/debug/SAMD_FreeRTOS/list.o
 .debug_str     0x0000000000005d5a      0x23f build/GameCat_R4/debug/SAMD_FreeRTOS/timers.o
 .debug_str     0x0000000000005f99      0xb6a build/GameCat_R4/debug/SAMD_FreeRTOS/tasks.o
 .debug_str     0x0000000000006b03      0x55a build/GameCat_R4/debug/SAMD_FreeRTOS/Portable/MemMang/heap_4.o
 .debug_str     0x000000000000705d      0x3e8 build/GameCat_R4/debug/SAMD_FreeRTOS/Portable/ARM_CM0/port.o
 .debug_str     0x0000000000007445      0x2b4 build/GameCat_R4/debug/SAMD_INTERRUPTIONS/Interruption_TRAP.o
 .debug_str     0x00000000000076f9      0x247 build/GameCat_R4/debug/SAMD_MAIN/Function_MAIN.o
 .debug_str     0x0000000000007940      0x260 build/GameCat_R4/debug/SAMD_MAIN/Storage_DELAY.o
 .debug_str     0x0000000000007ba0      0x48a build/GameCat_R4/debug/SAMD_STREAMS/Stream_CTRL_LEDC.o
 .debug_str     0x000000000000802a      0x422 build/GameCat_R4/debug/SAMD_TASK/Settings_TASKS.o
 .debug_str     0x000000000000844c      0x5bf build/GameCat_R4/debug/SAMD_TASK/Task_CTRL_LEDC.o
 .debug_str     0x0000000000008a0b      0x286 build/GameCat_R4/debug/SAMD_TASK/Task_CTRL_CANC.o
 .debug_str     0x0000000000008c91      0x36d build/GameCat_R4/debug/SAMD_TASK/Task_EXEC_MUXC.o
 .debug_str     0x0000000000008ffe      0x5d5 /tmp/ccQqh8Ft.o
 .debug_str     0x00000000000095d3      0x1eb /opt/microchip/xc32/v4.45/bin/bin/../../lib/gcc/pic32c/8.3.1/../../../../pic32c/lib/thumb/v6-m/nofp/libpic32c.a(data_init.o)
 .debug_str     0x00000000000097be      0x225 /opt/microchip/xc32/v4.45/bin/bin/../../lib/gcc/pic32c/8.3.1/../../../../pic32c/lib/thumb/v6-m/nofp/libc-size-musl.a(memcpy.o)
 .debug_str     0x00000000000099e3      0x211 /opt/microchip/xc32/v4.45/bin/bin/../../lib/gcc/pic32c/8.3.1/../../../../pic32c/lib/thumb/v6-m/nofp/libc-size-musl.a(memset.o)
 .debug_str     0x0000000000009bf4      0x3ca /opt/microchip/xc32/v4.45/bin/bin/../../lib/gcc/pic32c/8.3.1/../../../../pic32c/lib/thumb/v6-m/nofp/libg-musl.a(__libc_start_main.o)
 .debug_str     0x0000000000009fbe      0x335 /opt/microchip/xc32/v4.45/bin/bin/../../lib/gcc/pic32c/8.3.1/../../../../pic32c/lib/thumb/v6-m/nofp/libg-musl.a(libc.o)
 .debug_str     0x000000000000a2f3      0x235 /opt/microchip/xc32/v4.45/bin/bin/../../lib/gcc/pic32c/8.3.1/../../../../pic32c/lib/thumb/v6-m/nofp/libg-musl.a(__environ.o)
 .debug_str     0x000000000000a528       0xd6 /opt/microchip/xc32/v4.45/bin/bin/../../lib/gcc/pic32c/8.3.1/thumb/v6-m/nofp/libgcc.a(_udivsi3.o)
 .debug_str     0x000000000000a5fe       0xd6 /opt/microchip/xc32/v4.45/bin/bin/../../lib/gcc/pic32c/8.3.1/thumb/v6-m/nofp/libgcc.a(_dvmd_tls.o)
 .debug_str     0x000000000000a6d4      0x1d5 /opt/microchip/xc32/v4.45/bin/bin/../../lib/gcc/pic32c/8.3.1/../../../../pic32c/lib/thumb/v6-m/nofp/libpic32c.a(pic32_data_init_clear.o)
 .debug_str     0x000000000000a8a9      0x1d3 /opt/microchip/xc32/v4.45/bin/bin/../../lib/gcc/pic32c/8.3.1/../../../../pic32c/lib/thumb/v6-m/nofp/libpic32c.a(pic32_data_init_copy.o)

.debug_frame    0x0000000000000000     0x1b98
 .debug_frame   0x0000000000000000       0x30 build/GameCat_R4/debug/SAMD_CONTROL_HAL/Control_HAL_JOYSTICK.o
 .debug_frame   0x0000000000000030      0x2d8 build/GameCat_R4/debug/SAMD_CONTROL_HAL/Control_HAL_SST25VF016.o
 .debug_frame   0x0000000000000308      0x150 build/GameCat_R4/debug/SAMD_CONTROL_HAL/Control_HAL_23K256.o
 .debug_frame   0x0000000000000458       0xd0 build/GameCat_R4/debug/SAMD_CONTROL_HAL/Control_HAL_24CSM01.o
 .debug_frame   0x0000000000000528       0x88 build/GameCat_R4/debug/SAMD_CONTROL_HAL/Control_HAL_MCP2518FD.o
 .debug_frame   0x00000000000005b0       0x2c build/GameCat_R4/debug/SAMD_DRIVERS_HAL/Driver_SAMD_SYSCTRL.o
 .debug_frame   0x00000000000005dc       0x2c build/GameCat_R4/debug/SAMD_DRIVERS_HAL/Driver_SAMD_GCLK.o
 .debug_frame   0x0000000000000608       0x2c build/GameCat_R4/debug/SAMD_DRIVERS_HAL/Driver_SAMD_PM.o
 .debug_frame   0x0000000000000634       0x50 build/GameCat_R4/debug/SAMD_DRIVERS_HAL/Driver_SAMD_ADC.o
 .debug_frame   0x0000000000000684       0x2c build/GameCat_R4/debug/SAMD_DRIVERS_HAL/Driver_SAMD_PORT.o
 .debug_frame   0x00000000000006b0       0xec build/GameCat_R4/debug/SAMD_DRIVERS_HAL/Driver_SAMD_SERCOM2_SPIM.o
 .debug_frame   0x000000000000079c      0x1a4 build/GameCat_R4/debug/SAMD_DRIVERS_HAL/Driver_SAMD_SERCOM1_I2CM.o
 .debug_frame   0x0000000000000940       0xec build/GameCat_R4/debug/SAMD_DRIVERS_HAL/Driver_SAMD_SERCOM3_SPIM.o
 .debug_frame   0x0000000000000a2c       0xec build/GameCat_R4/debug/SAMD_DRIVERS_HAL/Driver_SAMD_SERCOM4_SPIM.o
 .debug_frame   0x0000000000000b18      0x378 build/GameCat_R4/debug/SAMD_FreeRTOS/queue.o
 .debug_frame   0x0000000000000e90      0x150 build/GameCat_R4/debug/SAMD_FreeRTOS/event_groups.o
 .debug_frame   0x0000000000000fe0       0xb0 build/GameCat_R4/debug/SAMD_FreeRTOS/list.o
 .debug_frame   0x0000000000001090      0x4d8 build/GameCat_R4/debug/SAMD_FreeRTOS/tasks.o
 .debug_frame   0x0000000000001568      0x140 build/GameCat_R4/debug/SAMD_FreeRTOS/Portable/MemMang/heap_4.o
 .debug_frame   0x00000000000016a8      0x174 build/GameCat_R4/debug/SAMD_FreeRTOS/Portable/ARM_CM0/port.o
 .debug_frame   0x000000000000181c       0x68 build/GameCat_R4/debug/SAMD_INTERRUPTIONS/Interruption_TRAP.o
 .debug_frame   0x0000000000001884       0x2c build/GameCat_R4/debug/SAMD_MAIN/Function_MAIN.o
 .debug_frame   0x00000000000018b0       0x30 build/GameCat_R4/debug/SAMD_MAIN/Storage_DELAY.o
 .debug_frame   0x00000000000018e0       0x30 build/GameCat_R4/debug/SAMD_STREAMS/Stream_CTRL_LEDC.o
 .debug_frame   0x0000000000001910       0xa0 build/GameCat_R4/debug/SAMD_TASK/Settings_TASKS.o
 .debug_frame   0x00000000000019b0       0x34 build/GameCat_R4/debug/SAMD_TASK/Task_CTRL_LEDC.o
 .debug_frame   0x00000000000019e4       0x30 build/GameCat_R4/debug/SAMD_TASK/Task_CTRL_CANC.o
 .debug_frame   0x0000000000001a14       0x34 build/GameCat_R4/debug/SAMD_TASK/Task_EXEC_MUXC.o
 .debug_frame   0x0000000000001a48       0x30 /tmp/ccQqh8Ft.o
 .debug_frame   0x0000000000001a78       0x38 /opt/microchip/xc32/v4.45/bin/bin/../../lib/gcc/pic32c/8.3.1/../../../../pic32c/lib/thumb/v6-m/nofp/libpic32c.a(data_init.o)
 .debug_frame   0x0000000000001ab0       0x28 /opt/microchip/xc32/v4.45/bin/bin/../../lib/gcc/pic32c/8.3.1/../../../../pic32c/lib/thumb/v6-m/nofp/libc-size-musl.a(memcpy.o)
 .debug_frame   0x0000000000001ad8       0x20 /opt/microchip/xc32/v4.45/bin/bin/../../lib/gcc/pic32c/8.3.1/../../../../pic32c/lib/thumb/v6-m/nofp/libc-size-musl.a(memset.o)
 .debug_frame   0x0000000000001af8       0x38 /opt/microchip/xc32/v4.45/bin/bin/../../lib/gcc/pic32c/8.3.1/../../../../pic32c/lib/thumb/v6-m/nofp/libg-musl.a(__libc_start_main.o)
 .debug_frame   0x0000000000001b30       0x20 /opt/microchip/xc32/v4.45/bin/bin/../../lib/gcc/pic32c/8.3.1/thumb/v6-m/nofp/libgcc.a(_udivsi3.o)
 .debug_frame   0x0000000000001b50       0x20 /opt/microchip/xc32/v4.45/bin/bin/../../lib/gcc/pic32c/8.3.1/../../../../pic32c/lib/thumb/v6-m/nofp/libpic32c.a(pic32_data_init_clear.o)
 .debug_frame   0x0000000000001b70       0x28 /opt/microchip/xc32/v4.45/bin/bin/../../lib/gcc/pic32c/8.3.1/../../../../pic32c/lib/thumb/v6-m/nofp/libpic32c.a(pic32_data_init_copy.o)

.debug_ranges   0x0000000000000000       0xb0
 .debug_ranges  0x0000000000000000       0x10 build/GameCat_R4/debug/SAMD_MAIN/Storage_DELAY.o
 .debug_ranges  0x0000000000000010       0x18 /tmp/ccQqh8Ft.o
 .debug_ranges  0x0000000000000028       0x18 /opt/microchip/xc32/v4.45/bin/bin/../../lib/gcc/pic32c/8.3.1/../../../../pic32c/lib/thumb/v6-m/nofp/libpic32c.a(data_init.o)
 .debug_ranges  0x0000000000000040       0x10 /opt/microchip/xc32/v4.45/bin/bin/../../lib/gcc/pic32c/8.3.1/../../../../pic32c/lib/thumb/v6-m/nofp/libc-size-musl.a(memcpy.o)
 .debug_ranges  0x0000000000000050       0x10 /opt/microchip/xc32/v4.45/bin/bin/../../lib/gcc/pic32c/8.3.1/../../../../pic32c/lib/thumb/v6-m/nofp/libc-size-musl.a(memset.o)
 .debug_ranges  0x0000000000000060       0x30 /opt/microchip/xc32/v4.45/bin/bin/../../lib/gcc/pic32c/8.3.1/../../../../pic32c/lib/thumb/v6-m/nofp/libg-musl.a(__libc_start_main.o)
 .debug_ranges  0x0000000000000090       0x10 /opt/microchip/xc32/v4.45/bin/bin/../../lib/gcc/pic32c/8.3.1/../../../../pic32c/lib/thumb/v6-m/nofp/libpic32c.a(pic32_data_init_clear.o)
 .debug_ranges  0x00000000000000a0       0x10 /opt/microchip/xc32/v4.45/bin/bin/../../lib/gcc/pic32c/8.3.1/../../../../pic32c/lib/thumb/v6-m/nofp/libpic32c.a(pic32_data_init_copy.o)

.note.GNU-stack
                0x0000000000000000        0x0
 .note.GNU-stack
                0x0000000000000000        0x0 /opt/microchip/xc32/v4.45/bin/bin/../../lib/gcc/pic32c/8.3.1/../../../../pic32c/lib/thumb/v6-m/nofp/libc-size-musl.a(memcpy.o)
 .note.GNU-stack
                0x0000000000000000        0x0 /opt/microchip/xc32/v4.45/bin/bin/../../lib/gcc/pic32c/8.3.1/../../../../pic32c/lib/thumb/v6-m/nofp/libc-size-musl.a(memset.o)
 .note.GNU-stack
                0x0000000000000000        0x0 /opt/microchip/xc32/v4.45/bin/bin/../../lib/gcc/pic32c/8.3.1/../../../../pic32c/lib/thumb/v6-m/nofp/libg-musl.a(__libc_start_main.o)
 .note.GNU-stack
                0x0000000000000000        0x0 /opt/microchip/xc32/v4.45/bin/bin/../../lib/gcc/pic32c/8.3.1/../../../../pic32c/lib/thumb/v6-m/nofp/libg-musl.a(libc.o)
 .note.GNU-stack
                0x0000000000000000        0x0 /opt/microchip/xc32/v4.45/bin/bin/../../lib/gcc/pic32c/8.3.1/../../../../pic32c/lib/thumb/v6-m/nofp/libg-musl.a(__environ.o)

.stack          0x00000000200012e8      0x100
 .stack         0x00000000200012e8      0x100 stack

.bss%1          0x0000000020000000     0x101c
 .bss           0x0000000020000000     0x101c build/GameCat_R4/debug/SAMD_FreeRTOS/Portable/MemMang/heap_4.o

.bss%2          0x000000002000101c      0x188
 .bss           0x000000002000101c      0x188 build/GameCat_R4/debug/SAMD_FreeRTOS/tasks.o
                0x000000002000101c                pxCurrentTCB

.bss%3          0x00000000200011a4       0x50
 .bss           0x00000000200011a4       0x50 /opt/microchip/xc32/v4.45/bin/bin/../../lib/gcc/pic32c/8.3.1/../../../../pic32c/lib/thumb/v6-m/nofp/libg-musl.a(libc.o)
                0x00000000200011a4                program_invocation_name
                0x00000000200011a4                __progname_full
                0x00000000200011a8                __progname
                0x00000000200011a8                program_invocation_short_name
                0x00000000200011ac                __sysinfo
                0x00000000200011b0                __hwcap
                0x00000000200011b4                __libc

.bss%4          0x00000000200011f4       0x24
 .bss           0x00000000200011f4       0x24 build/GameCat_R4/debug/SAMD_TASK/Settings_TASKS.o
                0x00000000200011f4                xStatementSystemOS

.bss%5          0x0000000020001218       0x1c
 .bss           0x0000000020001218       0x1c /opt/microchip/xc32/v4.45/bin/bin/../../lib/gcc/pic32c/8.3.1/thumb/v6-m/nofp/crtbegin.o

.bss%6          0x0000000020001234        0x4
 .bss           0x0000000020001234        0x4 /opt/microchip/xc32/v4.45/bin/bin/../../lib/gcc/pic32c/8.3.1/../../../../pic32c/lib/thumb/v6-m/nofp/libpic32c.a(data_init.o)

.bss%7          0x0000000020001238        0x4
 .bss           0x0000000020001238        0x4 /opt/microchip/xc32/v4.45/bin/bin/../../lib/gcc/pic32c/8.3.1/../../../../pic32c/lib/thumb/v6-m/nofp/libg-musl.a(__environ.o)
                0x0000000020001238                _environ
                0x0000000020001238                __environ
                0x0000000020001238                environ
                0x0000000020001238                ___environ

.bss%z1         0x0000000000000000        0x0
 .bss           0x0000000000000000        0x0 /opt/microchip/xc32/v4.45/bin/bin/../../lib/gcc/pic32c/8.3.1/../../../../pic32c/lib/thumb/v6-m/nofp/libpic32c.a(pic32_data_init_copy.o)

.bss%z2         0x0000000000000000        0x0
 .bss           0x0000000000000000        0x0 /opt/microchip/xc32/v4.45/bin/bin/../../lib/gcc/pic32c/8.3.1/../../../../pic32c/lib/thumb/v6-m/nofp/libpic32c.a(pic32_data_init_clear.o)

.bss%z3         0x0000000000000000        0x0
 .bss           0x0000000000000000        0x0 /opt/microchip/xc32/v4.45/bin/bin/../../lib/gcc/pic32c/8.3.1/thumb/v6-m/nofp/crtn.o

.bss%z4         0x0000000000000000        0x0
 .bss           0x0000000000000000        0x0 /opt/microchip/xc32/v4.45/bin/bin/../../lib/gcc/pic32c/8.3.1/thumb/v6-m/nofp/crtend.o

.bss%z5         0x0000000000000000        0x0
 .bss           0x0000000000000000        0x0 /opt/microchip/xc32/v4.45/bin/bin/../../lib/gcc/pic32c/8.3.1/thumb/v6-m/nofp/libgcc.a(_dvmd_tls.o)

.bss%z6         0x0000000000000000        0x0
 .bss           0x0000000000000000        0x0 /opt/microchip/xc32/v4.45/bin/bin/../../lib/gcc/pic32c/8.3.1/thumb/v6-m/nofp/libgcc.a(_udivsi3.o)

.bss%z7         0x0000000000000000        0x0
 .bss           0x0000000000000000        0x0 /opt/microchip/xc32/v4.45/bin/bin/../../lib/gcc/pic32c/8.3.1/../../../../pic32c/lib/thumb/v6-m/nofp/libg-musl.a(__libc_start_main.o)

.bss%z8         0x0000000000000000        0x0
 .bss           0x0000000000000000        0x0 /opt/microchip/xc32/v4.45/bin/bin/../../lib/gcc/pic32c/8.3.1/../../../../pic32c/lib/thumb/v6-m/nofp/libc-size-musl.a(memset.o)

.bss%z9         0x0000000000000000        0x0
 .bss           0x0000000000000000        0x0 /opt/microchip/xc32/v4.45/bin/bin/../../lib/gcc/pic32c/8.3.1/../../../../pic32c/lib/thumb/v6-m/nofp/libc-size-musl.a(memcpy.o)

.bss%z10        0x0000000000000000        0x0
 .bss           0x0000000000000000        0x0 /tmp/ccQqh8Ft.o

.bss%z11        0x0000000000000000        0x0
 .bss           0x0000000000000000        0x0 build/GameCat_R4/debug/SAMD_TASK/Task_EXEC_MUXC.o

.bss%z12        0x0000000000000000        0x0
 .bss           0x0000000000000000        0x0 build/GameCat_R4/debug/SAMD_TASK/Task_CTRL_CANC.o

.bss%z13        0x0000000000000000        0x0
 .bss           0x0000000000000000        0x0 build/GameCat_R4/debug/SAMD_TASK/Task_CTRL_LEDC.o

.bss%z14        0x0000000000000000        0x0
 .bss           0x0000000000000000        0x0 build/GameCat_R4/debug/SAMD_STREAMS/Stream_CTRL_LEDC.o

.bss%z15        0x0000000000000000        0x0
 .bss           0x0000000000000000        0x0 build/GameCat_R4/debug/SAMD_MAIN/Storage_DELAY.o

.bss%z16        0x0000000000000000        0x0
 .bss           0x0000000000000000        0x0 build/GameCat_R4/debug/SAMD_MAIN/Function_MAIN.o

.bss%z17        0x0000000000000000        0x0
 .bss           0x0000000000000000        0x0 build/GameCat_R4/debug/SAMD_INTERRUPTIONS/Interruption_TRAP.o

.bss%z18        0x0000000000000000        0x0
 .bss           0x0000000000000000        0x0 build/GameCat_R4/debug/SAMD_FreeRTOS/Portable/ARM_CM0/port.o

.bss%z19        0x0000000000000000        0x0
 .bss           0x0000000000000000        0x0 build/GameCat_R4/debug/SAMD_FreeRTOS/timers.o

.bss%z20        0x0000000000000000        0x0
 .bss           0x0000000000000000        0x0 build/GameCat_R4/debug/SAMD_FreeRTOS/list.o

.bss%z21        0x0000000000000000        0x0
 .bss           0x0000000000000000        0x0 build/GameCat_R4/debug/SAMD_FreeRTOS/event_groups.o

.bss%z22        0x0000000000000000        0x0
 .bss           0x0000000000000000        0x0 build/GameCat_R4/debug/SAMD_FreeRTOS/queue.o

.bss%z23        0x0000000000000000        0x0
 .bss           0x0000000000000000        0x0 build/GameCat_R4/debug/SAMD_DRIVERS_HAL/Driver_SAMD_SERCOM4_SPIM.o

.bss%z24        0x0000000000000000        0x0
 .bss           0x0000000000000000        0x0 build/GameCat_R4/debug/SAMD_DRIVERS_HAL/Driver_SAMD_SERCOM3_SPIM.o

.bss%z25        0x0000000000000000        0x0
 .bss           0x0000000000000000        0x0 build/GameCat_R4/debug/SAMD_DRIVERS_HAL/Driver_SAMD_SERCOM1_I2CM.o

.bss%z26        0x0000000000000000        0x0
 .bss           0x0000000000000000        0x0 build/GameCat_R4/debug/SAMD_DRIVERS_HAL/Driver_SAMD_SERCOM2_SPIM.o

.bss%z27        0x0000000000000000        0x0
 .bss           0x0000000000000000        0x0 build/GameCat_R4/debug/SAMD_DRIVERS_HAL/Driver_SAMD_PORT.o

.bss%z28        0x0000000000000000        0x0
 .bss           0x0000000000000000        0x0 build/GameCat_R4/debug/SAMD_DRIVERS_HAL/Driver_SAMD_ADC.o

.bss%z29        0x0000000000000000        0x0
 .bss           0x0000000000000000        0x0 build/GameCat_R4/debug/SAMD_DRIVERS_HAL/Driver_SAMD_PM.o

.bss%z30        0x0000000000000000        0x0
 .bss           0x0000000000000000        0x0 build/GameCat_R4/debug/SAMD_DRIVERS_HAL/Driver_SAMD_GCLK.o

.bss%z31        0x0000000000000000        0x0
 .bss           0x0000000000000000        0x0 build/GameCat_R4/debug/SAMD_DRIVERS_HAL/Driver_SAMD_SYSCTRL.o

.bss%z32        0x0000000000000000        0x0
 .bss           0x0000000000000000        0x0 build/GameCat_R4/debug/SAMD_CONTROL_HAL/Control_HAL_MCP2518FD.o

.bss%z33        0x0000000000000000        0x0
 .bss           0x0000000000000000        0x0 build/GameCat_R4/debug/SAMD_CONTROL_HAL/Control_HAL_24CSM01.o

.bss%z34        0x0000000000000000        0x0
 .bss           0x0000000000000000        0x0 build/GameCat_R4/debug/SAMD_CONTROL_HAL/Control_HAL_23K256.o

.bss%z35        0x0000000000000000        0x0
 .bss           0x0000000000000000        0x0 build/GameCat_R4/debug/SAMD_CONTROL_HAL/Control_HAL_SST25VF016.o

.bss%z36        0x0000000000000000        0x0
 .bss           0x0000000000000000        0x0 build/GameCat_R4/debug/SAMD_CONTROL_HAL/Control_HAL_JOYSTICK.o

.bss%z37        0x0000000000000000        0x0
 .bss           0x0000000000000000        0x0 /opt/microchip/xc32/v4.45/bin/bin/../../lib/gcc/pic32c/8.3.1/thumb/v6-m/nofp/crti.o

.data%8         0x000000002000123c        0x4
 .data          0x000000002000123c        0x4 /opt/microchip/xc32/v4.45/bin/bin/../../lib/gcc/pic32c/8.3.1/thumb/v6-m/nofp/crtbegin.o
                0x000000002000123c                __dso_handle

.data%9         0x0000000020001240        0x4
 .data          0x0000000020001240        0x4 build/GameCat_R4/debug/SAMD_FreeRTOS/tasks.o

.data%10        0x0000000020001244        0x4
 .data          0x0000000020001244        0x4 build/GameCat_R4/debug/SAMD_FreeRTOS/Portable/ARM_CM0/port.o

.eh_frame%11    0x0000000020001248        0x4
 .eh_frame      0x0000000020001248        0x4 /opt/microchip/xc32/v4.45/bin/bin/../../lib/gcc/pic32c/8.3.1/thumb/v6-m/nofp/crtend.o

.data%z38       0x0000000000000000        0x0
 .data          0x0000000000000000        0x0 /opt/microchip/xc32/v4.45/bin/bin/../../lib/gcc/pic32c/8.3.1/../../../../pic32c/lib/thumb/v6-m/nofp/libpic32c.a(pic32_data_init_copy.o)

.data%z39       0x0000000000000000        0x0
 .data          0x0000000000000000        0x0 /opt/microchip/xc32/v4.45/bin/bin/../../lib/gcc/pic32c/8.3.1/../../../../pic32c/lib/thumb/v6-m/nofp/libpic32c.a(pic32_data_init_clear.o)

.data%z40       0x0000000000000000        0x0
 .data          0x0000000000000000        0x0 /opt/microchip/xc32/v4.45/bin/bin/../../lib/gcc/pic32c/8.3.1/thumb/v6-m/nofp/crtn.o

.data%z41       0x0000000000000000        0x0
 .data          0x0000000000000000        0x0 /opt/microchip/xc32/v4.45/bin/bin/../../lib/gcc/pic32c/8.3.1/thumb/v6-m/nofp/crtend.o

.data%z42       0x0000000000000000        0x0
 .data          0x0000000000000000        0x0 /opt/microchip/xc32/v4.45/bin/bin/../../lib/gcc/pic32c/8.3.1/thumb/v6-m/nofp/libgcc.a(_dvmd_tls.o)

.data%z43       0x0000000000000000        0x0
 .data          0x0000000000000000        0x0 /opt/microchip/xc32/v4.45/bin/bin/../../lib/gcc/pic32c/8.3.1/thumb/v6-m/nofp/libgcc.a(_udivsi3.o)

.data%z44       0x0000000000000000        0x0
 .data          0x0000000000000000        0x0 /opt/microchip/xc32/v4.45/bin/bin/../../lib/gcc/pic32c/8.3.1/../../../../pic32c/lib/thumb/v6-m/nofp/libg-musl.a(__environ.o)

.data%z45       0x0000000000000000        0x0
 .data          0x0000000000000000        0x0 /opt/microchip/xc32/v4.45/bin/bin/../../lib/gcc/pic32c/8.3.1/../../../../pic32c/lib/thumb/v6-m/nofp/libg-musl.a(libc.o)

.data%z46       0x0000000000000000        0x0
 .data          0x0000000000000000        0x0 /opt/microchip/xc32/v4.45/bin/bin/../../lib/gcc/pic32c/8.3.1/../../../../pic32c/lib/thumb/v6-m/nofp/libg-musl.a(__libc_start_main.o)

.data%z47       0x0000000000000000        0x0
 .data          0x0000000000000000        0x0 /opt/microchip/xc32/v4.45/bin/bin/../../lib/gcc/pic32c/8.3.1/../../../../pic32c/lib/thumb/v6-m/nofp/libc-size-musl.a(memset.o)

.data%z48       0x0000000000000000        0x0
 .data          0x0000000000000000        0x0 /opt/microchip/xc32/v4.45/bin/bin/../../lib/gcc/pic32c/8.3.1/../../../../pic32c/lib/thumb/v6-m/nofp/libc-size-musl.a(memcpy.o)

.data%z49       0x0000000000000000        0x0
 .data          0x0000000000000000        0x0 /opt/microchip/xc32/v4.45/bin/bin/../../lib/gcc/pic32c/8.3.1/../../../../pic32c/lib/thumb/v6-m/nofp/libpic32c.a(data_init.o)

.data%z50       0x0000000000000000        0x0
 .data          0x0000000000000000        0x0 /tmp/ccQqh8Ft.o

.data%z51       0x0000000000000000        0x0
 .data          0x0000000000000000        0x0 build/GameCat_R4/debug/SAMD_TASK/Task_EXEC_MUXC.o

.data%z52       0x0000000000000000        0x0
 .data          0x0000000000000000        0x0 build/GameCat_R4/debug/SAMD_TASK/Task_CTRL_CANC.o

.data%z53       0x0000000000000000        0x0
 .data          0x0000000000000000        0x0 build/GameCat_R4/debug/SAMD_TASK/Task_CTRL_LEDC.o

.data%z54       0x0000000000000000        0x0
 .data          0x0000000000000000        0x0 build/GameCat_R4/debug/SAMD_TASK/Settings_TASKS.o

.data%z55       0x0000000000000000        0x0
 .data          0x0000000000000000        0x0 build/GameCat_R4/debug/SAMD_STREAMS/Stream_CTRL_LEDC.o

.data%z56       0x0000000000000000        0x0
 .data          0x0000000000000000        0x0 build/GameCat_R4/debug/SAMD_MAIN/Storage_DELAY.o

.data%z57       0x0000000000000000        0x0
 .data          0x0000000000000000        0x0 build/GameCat_R4/debug/SAMD_MAIN/Function_MAIN.o

.data%z58       0x0000000000000000        0x0
 .data          0x0000000000000000        0x0 build/GameCat_R4/debug/SAMD_INTERRUPTIONS/Interruption_TRAP.o

.data%z59       0x0000000000000000        0x0
 .data          0x0000000000000000        0x0 build/GameCat_R4/debug/SAMD_FreeRTOS/Portable/MemMang/heap_4.o

.data%z60       0x0000000000000000        0x0
 .data          0x0000000000000000        0x0 build/GameCat_R4/debug/SAMD_FreeRTOS/timers.o

.data%z61       0x0000000000000000        0x0
 .data          0x0000000000000000        0x0 build/GameCat_R4/debug/SAMD_FreeRTOS/list.o

.data%z62       0x0000000000000000        0x0
 .data          0x0000000000000000        0x0 build/GameCat_R4/debug/SAMD_FreeRTOS/event_groups.o

.data%z63       0x0000000000000000        0x0
 .data          0x0000000000000000        0x0 build/GameCat_R4/debug/SAMD_FreeRTOS/queue.o

.data%z64       0x0000000000000000        0x0
 .data          0x0000000000000000        0x0 build/GameCat_R4/debug/SAMD_DRIVERS_HAL/Driver_SAMD_SERCOM4_SPIM.o

.data%z65       0x0000000000000000        0x0
 .data          0x0000000000000000        0x0 build/GameCat_R4/debug/SAMD_DRIVERS_HAL/Driver_SAMD_SERCOM3_SPIM.o

.data%z66       0x0000000000000000        0x0
 .data          0x0000000000000000        0x0 build/GameCat_R4/debug/SAMD_DRIVERS_HAL/Driver_SAMD_SERCOM1_I2CM.o

.data%z67       0x0000000000000000        0x0
 .data          0x0000000000000000        0x0 build/GameCat_R4/debug/SAMD_DRIVERS_HAL/Driver_SAMD_SERCOM2_SPIM.o

.data%z68       0x0000000000000000        0x0
 .data          0x0000000000000000        0x0 build/GameCat_R4/debug/SAMD_DRIVERS_HAL/Driver_SAMD_PORT.o

.data%z69       0x0000000000000000        0x0
 .data          0x0000000000000000        0x0 build/GameCat_R4/debug/SAMD_DRIVERS_HAL/Driver_SAMD_ADC.o

.data%z70       0x0000000000000000        0x0
 .data          0x0000000000000000        0x0 build/GameCat_R4/debug/SAMD_DRIVERS_HAL/Driver_SAMD_PM.o

.data%z71       0x0000000000000000        0x0
 .data          0x0000000000000000        0x0 build/GameCat_R4/debug/SAMD_DRIVERS_HAL/Driver_SAMD_GCLK.o

.data%z72       0x0000000000000000        0x0
 .data          0x0000000000000000        0x0 build/GameCat_R4/debug/SAMD_DRIVERS_HAL/Driver_SAMD_SYSCTRL.o

.data%z73       0x0000000000000000        0x0
 .data          0x0000000000000000        0x0 build/GameCat_R4/debug/SAMD_CONTROL_HAL/Control_HAL_MCP2518FD.o

.data%z74       0x0000000000000000        0x0
 .data          0x0000000000000000        0x0 build/GameCat_R4/debug/SAMD_CONTROL_HAL/Control_HAL_24CSM01.o

.data%z75       0x0000000000000000        0x0
 .data          0x0000000000000000        0x0 build/GameCat_R4/debug/SAMD_CONTROL_HAL/Control_HAL_23K256.o

.data%z76       0x0000000000000000        0x0
 .data          0x0000000000000000        0x0 build/GameCat_R4/debug/SAMD_CONTROL_HAL/Control_HAL_SST25VF016.o

.data%z77       0x0000000000000000        0x0
 .data          0x0000000000000000        0x0 build/GameCat_R4/debug/SAMD_CONTROL_HAL/Control_HAL_JOYSTICK.o

.eh_frame%z78   0x0000000000000000        0x0
 .eh_frame      0x0000000000000000        0x0 /opt/microchip/xc32/v4.45/bin/bin/../../lib/gcc/pic32c/8.3.1/thumb/v6-m/nofp/crtbegin.o

.data%z79       0x0000000000000000        0x0
 .data          0x0000000000000000        0x0 /opt/microchip/xc32/v4.45/bin/bin/../../lib/gcc/pic32c/8.3.1/thumb/v6-m/nofp/crti.o

.text%12        0x00000000000000d0     0x1518
 .text          0x00000000000000d0     0x1518 build/GameCat_R4/debug/SAMD_FreeRTOS/tasks.o
                0x0000000000000152                xTaskCreate
                0x00000000000003a4                xTaskDelayUntil
                0x000000000000045c                vTaskDelay
                0x0000000000000540                vTaskStartScheduler
                0x0000000000000598                vTaskEndScheduler
                0x00000000000005b4                vTaskSuspendAll
                0x00000000000005cc                xTaskResumeAll
                0x00000000000007b4                xTaskGetTickCount
                0x00000000000007d0                xTaskGetTickCountFromISR
                0x00000000000007f0                uxTaskGetNumberOfTasks
                0x0000000000000804                pcTaskGetName
                0x0000000000000838                xTaskCatchUpTicks
                0x0000000000000880                xTaskIncrementTick
                0x0000000000000a9c                vTaskSwitchContext
                0x0000000000000b40                vTaskPlaceOnEventList
                0x0000000000000b7c                vTaskPlaceOnUnorderedEventList
                0x0000000000000c08                xTaskRemoveFromEventList
                0x0000000000000da0                vTaskRemoveFromUnorderedEventList
                0x0000000000000efc                vTaskSetTimeOutState
                0x0000000000000f38                vTaskInternalSetTimeOutState
                0x0000000000000f60                xTaskCheckForTimeOut
                0x0000000000000ff8                vTaskMissedYield
                0x00000000000010c8                xTaskGetCurrentTaskHandle
                0x00000000000010e4                xTaskGetCurrentTaskHandleForCore
                0x0000000000001110                xTaskPriorityInherit
                0x0000000000001234                xTaskPriorityDisinherit
                0x000000000000133c                vTaskPriorityDisinheritAfterTimeout
                0x000000000000146c                uxTaskResetEventItemValue
                0x0000000000001498                pvTaskIncrementMutexHeldCount
                0x0000000000001554                vTaskResetState

.text%13        0x00000000000015e8      0xf20
 .text          0x00000000000015e8      0xf20 build/GameCat_R4/debug/SAMD_FreeRTOS/queue.o
                0x00000000000015e8                xQueueGenericReset
                0x00000000000016fa                xQueueGenericCreate
                0x000000000000182e                xQueueCreateMutex
                0x0000000000001866                xQueueGenericSend
                0x00000000000019d2                xQueueGenericSendFromISR
                0x0000000000001ade                xQueueGiveFromISR
                0x0000000000001bcc                xQueueReceive
                0x0000000000001d1a                xQueueSemaphoreTake
                0x0000000000001ea8                xQueuePeek
                0x0000000000001ffa                xQueueReceiveFromISR
                0x00000000000020e4                xQueuePeekFromISR
                0x0000000000002168                uxQueueMessagesWaiting
                0x0000000000002192                uxQueueSpacesAvailable
                0x00000000000021c6                uxQueueMessagesWaitingFromISR
                0x00000000000021ec                vQueueDelete
                0x0000000000002212                uxQueueGetQueueItemSize
                0x0000000000002226                uxQueueGetQueueLength
                0x0000000000002470                xQueueIsQueueEmptyFromISR
                0x00000000000024d2                xQueueIsQueueFullFromISR

.text%14        0x0000000000002508      0x840
 .text          0x0000000000002508      0x840 build/GameCat_R4/debug/SAMD_CONTROL_HAL/Control_HAL_SST25VF016.o
                0x0000000000002508                xControl_HAL_FLASH_SST25VF016_CHECK
                0x0000000000002528                vControl_HAL_FLASH_SST25VF016_CONFIG
                0x0000000000002538                vControl_HAL_FLASH_SST25VF016_WRITE_ENABLE
                0x0000000000002564                vControl_HAL_FLASH_SST25VF016_WRITE_DISABLE
                0x0000000000002590                vControl_HAL_FLASH_SST25VF016_ENABLE_WRITE_STATUS
                0x00000000000025bc                xControl_HAL_FLASH_SST25VF016_GET_STATUS
                0x0000000000002604                vControl_HAL_FLASH_SST25VF016_PUT_STATUS
                0x000000000000264c                vControl_HAL_FLASH_SST25VF016_PUT_STATUS_SET
                0x000000000000268c                vControl_HAL_FLASH_SST25VF016_PUT_STATUS_CLEAR
                0x00000000000026d4                vControl_HAL_FLASH_SST25VF016_BUSY_OUT_ENABLE
                0x0000000000002700                vControl_HAL_FLASH_SST25VF016_BUSY_OUT_DISABLE
                0x000000000000272c                xControl_HAL_FLASH_SST25VF016_CHECK_POLL_BUSY
                0x0000000000002738                xControl_HAL_FLASH_SST25VF016_GET_BYTE
                0x00000000000027b8                vControl_HAL_FLASH_SST25VF016_PUT_BYTE
                0x0000000000002848                xControl_HAL_FLASH_SST25VF016_GET_PAGE
                0x00000000000028ec                xControl_HAL_FLASH_SST25VF016_PUT_PAGE_BYTE
                0x00000000000029ac                xControl_HAL_FLASH_SST25VF016_PUT_PAGE_WORD
                0x0000000000002aa8                vControl_HAL_FLASH_SST25VF016_BLOCK_ERASE_4K
                0x0000000000002b28                vControl_HAL_FLASH_SST25VF016_BLOCK_ERASE_32K
                0x0000000000002ba8                vControl_HAL_FLASH_SST25VF016_BLOCK_ERASE_64K
                0x0000000000002c28                vControl_HAL_FLASH_SST25VF016_CHIP_ERASE
                0x0000000000002c6c                xControl_HAL_FLASH_SST25VF016_GET_DEVICE_ID
                0x0000000000002ce4                xControl_HAL_FLASH_SST25VF016_GET_JEDEC

.text%15        0x0000000000002d48      0x6ac
 .text          0x0000000000002d48      0x6ac build/GameCat_R4/debug/SAMD_DRIVERS_HAL/Driver_SAMD_SERCOM1_I2CM.o
                0x0000000000002dc0                vDriver_SAMD_SERCOM1_I2CM_CONFIGURE
                0x0000000000002e8c                xDriver_SAMD_SERCOM1_I2C_GET_ERROR
                0x0000000000002f20                xDriver_SAMD_SERCOM1_I2C_POLL
                0x0000000000002fd0                vDriver_SAMD_SERCOM1_I2C_SET_ACK
                0x000000000000301c                vDriver_SAMD_SERCOM1_I2C_SET_STOP
                0x0000000000003060                xDriver_SAMD_SERCOM1_I2C_SET_START
                0x00000000000030f0                xDriver_SAMD_SERCOM1_I2C_SET_RESTART
                0x0000000000003170                xDriver_SAMD_SERCOM1_I2C_PUT
                0x00000000000031f4                xDriver_SAMD_SERCOM1_I2C_GET
                0x000000000000326c                xDriver_SAMD_SERCOM1_I2C_PUTS
                0x000000000000332c                xDriver_SAMD_SERCOM1_I2C_GETS

.text%16        0x00000000000033f4      0x5bc
 .text          0x00000000000033f4      0x5bc build/GameCat_R4/debug/SAMD_FreeRTOS/Portable/MemMang/heap_4.o
                0x00000000000033f4                pvPortMalloc
                0x00000000000035dc                vPortFree
                0x0000000000003698                xPortGetFreeHeapSize
                0x00000000000036ac                xPortGetMinimumEverFreeHeapSize
                0x00000000000036c0                vPortInitialiseBlocks
                0x00000000000036ca                pvPortCalloc
                0x00000000000038b8                vPortGetHeapStats
                0x0000000000003974                vPortHeapResetState

.text%17        0x00000000000039b0      0x4ac
 .text          0x00000000000039b0      0x4ac build/GameCat_R4/debug/SAMD_CONTROL_HAL/Control_HAL_23K256.o
                0x00000000000039b0                vControl_HAL_SRAM_CONFIGURE
                0x0000000000003a28                vControl_HAL_SRAM_WRITE_STATUS
                0x0000000000003a70                xControl_HAL_SRAM_READ_STATUS
                0x0000000000003abc                vControl_HAL_SRAM_WRITE_CMD
                0x0000000000003b1c                vControl_HAL_SRAM_PUT
                0x0000000000003b84                xControl_HAL_SRAM_GET
                0x0000000000003bf0                vControl_HAL_SRAM_PAGE_PUT
                0x0000000000003c84                vControl_HAL_SRAM_PAGE_GET
                0x0000000000003d18                vControl_HAL_SRAM_SEQ_PUT
                0x0000000000003db8                vControl_HAL_SRAM_SEQ_GET

.text%18        0x0000000000003e5c      0x4a0
 .text          0x0000000000003e5c      0x4a0 build/GameCat_R4/debug/SAMD_FreeRTOS/event_groups.o
                0x0000000000003e5c                xEventGroupCreate
                0x0000000000003e8c                xEventGroupSync
                0x0000000000003f8c                xEventGroupWaitBits
                0x00000000000040bc                xEventGroupClearBits
                0x0000000000004106                xEventGroupGetBitsFromISR
                0x0000000000004132                xEventGroupSetBits
                0x0000000000004224                vEventGroupDelete
                0x0000000000004282                vEventGroupSetBitsCallback
                0x00000000000042a0                vEventGroupClearBitsCallback

.text%19        0x00000000000042fc      0x474
 .text          0x00000000000042fc      0x474 build/GameCat_R4/debug/SAMD_CONTROL_HAL/Control_HAL_24CSM01.o
                0x00000000000042fc                xControl_HAL_EEP_24CM01_CHECK
                0x000000000000430e                xControl_HAL_EEP_24CM01_BLANK
                0x0000000000004418                xControl_HAL_EEP_24CM01_PUT
                0x000000000000449e                xControl_HAL_EEP_24CM01_GET
                0x0000000000004530                xControl_HAL_EEP_24CM01_PUTS
                0x000000000000466c                xControl_HAL_EEP_24CM01_GETS

.text%20        0x0000000000004770      0x414
 .text          0x0000000000004770      0x414 build/GameCat_R4/debug/SAMD_DRIVERS_HAL/Driver_SAMD_PORT.o
                0x0000000000004770                vDriver_SAMD_PORT_CONFIGURE

.text%21        0x0000000000004b84      0x2b8
 .text          0x0000000000004b84      0x2b8 build/GameCat_R4/debug/SAMD_TASK/Task_CTRL_LEDC.o
                0x0000000000004b84                vTask_CTRL_LEDC

.text%22        0x0000000000004e3c      0x290
 .text          0x0000000000004e3c      0x290 build/GameCat_R4/debug/SAMD_CONTROL_HAL/Control_HAL_JOYSTICK.o
                0x0000000000004e3c                xReadValueJoystick

.text%23        0x00000000000050cc      0x26c
 .text          0x00000000000050cc      0x26c build/GameCat_R4/debug/SAMD_DRIVERS_HAL/Driver_SAMD_SERCOM2_SPIM.o
                0x0000000000005144                vDriver_SAMD_SERCOM2_SPIM_CONFIGURE
                0x0000000000005208                vDriver_SAMD_SERCOM2_SPIM_PUT
                0x0000000000005258                xDriver_SAMD_SERCOM2_SPIM_GET
                0x00000000000052bc                vDriver_SAMD_SERCOM2_SPIM_PUTS
                0x00000000000052f8                vDriver_SAMD_SERCOM2_SPIM_GETS

.text%24        0x0000000000005338      0x26c
 .text          0x0000000000005338      0x26c build/GameCat_R4/debug/SAMD_DRIVERS_HAL/Driver_SAMD_SERCOM3_SPIM.o
                0x00000000000053b0                vDriver_SAMD_SERCOM3_SPIM_CONFIGURE
                0x0000000000005474                vDriver_SAMD_SERCOM3_SPIM_PUT
                0x00000000000054c4                xDriver_SAMD_SERCOM3_SPIM_GET
                0x0000000000005528                vDriver_SAMD_SERCOM3_SPIM_PUTS
                0x0000000000005564                vDriver_SAMD_SERCOM3_SPIM_GETS

.text%25        0x00000000000055a4      0x26c
 .text          0x00000000000055a4      0x26c build/GameCat_R4/debug/SAMD_DRIVERS_HAL/Driver_SAMD_SERCOM4_SPIM.o
                0x000000000000561c                vDriver_SAMD_SERCOM4_SPIM_CONFIGURE
                0x00000000000056e0                vDriver_SAMD_SERCOM4_SPIM_PUT
                0x0000000000005730                xDriver_SAMD_SERCOM4_SPIM_GET
                0x0000000000005794                vDriver_SAMD_SERCOM4_SPIM_PUTS
                0x00000000000057d0                vDriver_SAMD_SERCOM4_SPIM_GETS

.text%26        0x0000000000005810      0x25c
 .text          0x0000000000005810      0x25c build/GameCat_R4/debug/SAMD_FreeRTOS/Portable/ARM_CM0/port.o
                0x0000000000005810                pxPortInitialiseStack
                0x0000000000005890                vPortSVCHandler
                0x00000000000058c6                xPortStartScheduler
                0x000000000000590c                vPortEndScheduler
                0x000000000000592c                vPortYield
                0x000000000000594c                vPortEnterCritical
                0x0000000000005970                vPortExitCritical
                0x00000000000059a0                ulSetInterruptMaskFromISR
                0x00000000000059ac                vClearInterruptMaskFromISR
                0x00000000000059b4                PendSV_Handler
                0x0000000000005a06                SysTick_Handler
                0x0000000000005a38                vPortSetupTimerInterrupt

.text%27        0x0000000000005a6c      0x204
 .text          0x0000000000005a6c      0x204 build/GameCat_R4/debug/SAMD_DRIVERS_HAL/Driver_SAMD_ADC.o
                0x0000000000005a6c                vDriver_SAMD_ADC_CONFIGURE
                0x0000000000005b8c                xDriver_SAMD_ADC_READ

.text%28        0x0000000000005c70      0x15e
 .text          0x0000000000005c70      0x15e build/GameCat_R4/debug/SAMD_FreeRTOS/list.o
                0x0000000000005c70                vListInitialise
                0x0000000000005cb8                vListInitialiseItem
                0x0000000000005cce                vListInsertEnd
                0x0000000000005d12                vListInsert
                0x0000000000005d7e                uxListRemove

.text%29        0x0000000000005dd0       0xf4
 .text          0x0000000000005dd0       0xf4 build/GameCat_R4/debug/SAMD_TASK/Settings_TASKS.o
                0x0000000000005dd0                vSystemOS_EVENT_GROUPS_CONFIGURE
                0x0000000000005de8                vSystemOS_SEMAPHORES_CONFIGURE
                0x0000000000005df2                vSystemOS_MUTEX_CONFIGURE
                0x0000000000005e18                vSystemOS_QUEUES_CONFIGURE
                0x0000000000005e58                vSystemOS_TASKS_CONFIGURE

.text%30        0x0000000000005ec4       0xb6
 .text          0x0000000000005ec4       0xb6 build/GameCat_R4/debug/SAMD_TASK/Task_EXEC_MUXC.o
                0x0000000000005ec4                vTask_EXEC_MUXC

.text%31        0x0000000000005f7c       0xac
 .text          0x0000000000005f7c       0xac build/GameCat_R4/debug/SAMD_CONTROL_HAL/Control_HAL_MCP2518FD.o
                0x0000000000005f7c                vAuxliar_MCP2518FD_SEND_RESET
                0x0000000000005fac                vAuxliar_MCP2518FD_WRITE_REGISTER
                0x0000000000005fe4                vAuxliar_MCP2518FD_READ_REGISTER
                0x000000000000601c                vControl_MCP2518FD_CONFIGURE

.dinit%32       0x0000000000006028       0xa0
 .dinit         0x0000000000006028       0xa0 data_init

.text%33        0x00000000000060c8       0x98
 .text          0x00000000000060c8       0x98 build/GameCat_R4/debug/SAMD_DRIVERS_HAL/Driver_SAMD_GCLK.o
                0x00000000000060c8                vDriver_SAMD_GCLK_CONFIGURE

.text%34        0x0000000000006160       0x8c
 .text          0x0000000000006160       0x8c /opt/microchip/xc32/v4.45/bin/bin/../../lib/gcc/pic32c/8.3.1/thumb/v6-m/nofp/libgcc.a(_udivsi3.o)
                0x0000000000006160                __udivsi3
                0x0000000000006160                __aeabi_uidiv
                0x00000000000061d8                __aeabi_uidivmod

.text%35        0x00000000000061ec       0x78
 .text          0x00000000000061ec       0x78 build/GameCat_R4/debug/SAMD_STREAMS/Stream_CTRL_LEDC.o
                0x00000000000061ec                xStream_LED_COMMAND

.text%36        0x0000000000006264       0x74
 .text          0x0000000000006264       0x74 build/GameCat_R4/debug/SAMD_DRIVERS_HAL/Driver_SAMD_SYSCTRL.o
                0x0000000000006264                vDriver_SAMD_SYSCTRL_CONFIGURE

.text.__libc_start_init%37
                0x00000000000062d8       0x5c
 .text.__libc_start_init
                0x00000000000062d8       0x5c /opt/microchip/xc32/v4.45/bin/bin/../../lib/gcc/pic32c/8.3.1/../../../../pic32c/lib/thumb/v6-m/nofp/libg-musl.a(__libc_start_main.o)
                0x00000000000062d8                __libc_init_array

.text.Reset_Handler%38
                0x0000000000006334       0x54
 .text.Reset_Handler
                0x0000000000006334       0x54 /tmp/ccQqh8Ft.o
                0x0000000000006334                Reset_Handler

.text%39        0x0000000000006388       0x4e
 .text          0x0000000000006388       0x4e build/GameCat_R4/debug/SAMD_MAIN/Function_MAIN.o
                0x0000000000006388                main

.text%40        0x00000000000063d8       0x48
 .text          0x00000000000063d8       0x48 /opt/microchip/xc32/v4.45/bin/bin/../../lib/gcc/pic32c/8.3.1/thumb/v6-m/nofp/crtbegin.o

.text%41        0x0000000000006420       0x38
 .text          0x0000000000006420       0x38 build/GameCat_R4/debug/SAMD_DRIVERS_HAL/Driver_SAMD_PM.o
                0x0000000000006420                vDriver_SAMD_PM_CONFIGURE

.text.__pic32c_data_initialization%42
                0x0000000000006458       0x34
 .text.__pic32c_data_initialization
                0x0000000000006458       0x34 /opt/microchip/xc32/v4.45/bin/bin/../../lib/gcc/pic32c/8.3.1/../../../../pic32c/lib/thumb/v6-m/nofp/libpic32c.a(data_init.o)
                0x0000000000006458                __pic32c_data_initialization

.text%43        0x000000000000648c       0x2c
 .text          0x000000000000648c       0x2c build/GameCat_R4/debug/SAMD_INTERRUPTIONS/Interruption_TRAP.o
                0x000000000000648c                NonMaskableInt_Handler
                0x0000000000006494                HardFault_Handler
                0x00000000000064b0                Dummy_Handler

.rodata%44      0x00000000000064b8       0x24
 .rodata        0x00000000000064b8       0x24 build/GameCat_R4/debug/SAMD_CONTROL_HAL/Control_HAL_JOYSTICK.o

.rodata%45      0x00000000000064dc       0x24
 .rodata        0x00000000000064dc       0x24 build/GameCat_R4/debug/SAMD_TASK/Settings_TASKS.o

.text%46        0x0000000000006500       0x20
 .text          0x0000000000006500       0x20 build/GameCat_R4/debug/SAMD_TASK/Task_CTRL_CANC.o
                0x0000000000006500                vTask_CTRL_CANC

.text.__dinit_copy%47
                0x0000000000006520       0x1e
 .text.__dinit_copy
                0x0000000000006520       0x1e /opt/microchip/xc32/v4.45/bin/bin/../../lib/gcc/pic32c/8.3.1/../../../../pic32c/lib/thumb/v6-m/nofp/libpic32c.a(pic32_data_init_copy.o)
                0x0000000000006520                __dinit_copy
                0x0000000000006520                __dinit_copy_needed

.RamFunc%48     0x000000000000653e       0x1a
 .RamFunc       0x000000000000653e       0x1a build/GameCat_R4/debug/SAMD_MAIN/Storage_DELAY.o
                0x000000000000653e                vStorage_DELAY

.rodata%49      0x0000000000006558       0x14
 .rodata        0x0000000000006558       0x14 /opt/microchip/xc32/v4.45/bin/bin/../../lib/gcc/pic32c/8.3.1/../../../../pic32c/lib/thumb/v6-m/nofp/libpic32c.a(data_init.o)

.text.memcpy%50
                0x000000000000656c       0x14
 .text.memcpy   0x000000000000656c       0x14 /opt/microchip/xc32/v4.45/bin/bin/../../lib/gcc/pic32c/8.3.1/../../../../pic32c/lib/thumb/v6-m/nofp/libc-size-musl.a(memcpy.o)
                0x000000000000656c                memcpy

.text.memset%51
                0x0000000000006580       0x14
 .text.memset   0x0000000000006580       0x14 /opt/microchip/xc32/v4.45/bin/bin/../../lib/gcc/pic32c/8.3.1/../../../../pic32c/lib/thumb/v6-m/nofp/libc-size-musl.a(memset.o)
                0x0000000000006580                memset

.text.__dinit_clear%52
                0x0000000000006594       0x12
 .text.__dinit_clear
                0x0000000000006594       0x12 /opt/microchip/xc32/v4.45/bin/bin/../../lib/gcc/pic32c/8.3.1/../../../../pic32c/lib/thumb/v6-m/nofp/libpic32c.a(pic32_data_init_clear.o)
                0x0000000000006594                __dinit_clear_needed
                0x0000000000006594                __dinit_clear

.rodata%53      0x00000000000065a8       0x10
 .rodata        0x00000000000065a8       0x10 build/GameCat_R4/debug/SAMD_TASK/Task_CTRL_LEDC.o
                0x00000000000065a8                GPIO_LEDS

.rodata%54      0x00000000000065b8        0x8
 .rodata        0x00000000000065b8        0x8 build/GameCat_R4/debug/SAMD_FreeRTOS/tasks.o

.rodata%55      0x00000000000065c0        0x4
 .rodata        0x00000000000065c0        0x4 build/GameCat_R4/debug/SAMD_FreeRTOS/Portable/MemMang/heap_4.o

.text.__dummy_decompress%56
                0x00000000000065c4        0x4
 .text.__dummy_decompress
                0x00000000000065c4        0x4 /opt/microchip/xc32/v4.45/bin/bin/../../lib/gcc/pic32c/8.3.1/../../../../pic32c/lib/thumb/v6-m/nofp/libpic32c.a(data_init.o)
                0x00000000000065c4                __dinit_copy_emb
                0x00000000000065c4                __dinit_decompress
                0x00000000000065c4                __dinit_copy_val_data

.text%57        0x00000000000065c8        0x4
 .text          0x00000000000065c8        0x4 /opt/microchip/xc32/v4.45/bin/bin/../../lib/gcc/pic32c/8.3.1/thumb/v6-m/nofp/libgcc.a(_dvmd_tls.o)
                0x00000000000065c8                __aeabi_ldiv0
                0x00000000000065c8                __aeabi_idiv0

.text.Dummy_Handler%58
                0x0000000000005dce        0x2
 .text.Dummy_Handler
                0x0000000000005dce        0x2 /tmp/ccQqh8Ft.o
                0x0000000000005dce                SVCall_Handler
                0x0000000000005dce                DMAC_Handler
                0x0000000000005dce                AC_Handler
                0x0000000000005dce                SERCOM1_Handler
                0x0000000000005dce                ADC_Handler
                0x0000000000005dce                TCC1_Handler
                0x0000000000005dce                SERCOM2_Handler
                0x0000000000005dce                TCC0_Handler
                0x0000000000005dce                RTC_Handler
                0x0000000000005dce                EIC_Handler
                0x0000000000005dce                WDT_Handler
                0x0000000000005dce                Reserved22_Handler
                0x0000000000005dce                TC4_Handler
                0x0000000000005dce                USB_Handler
                0x0000000000005dce                TC3_Handler
                0x0000000000005dce                PM_Handler
                0x0000000000005dce                SERCOM5_Handler
                0x0000000000005dce                Reserved21_Handler
                0x0000000000005dce                TCC2_Handler
                0x0000000000005dce                EVSYS_Handler
                0x0000000000005dce                SERCOM3_Handler
                0x0000000000005dce                SERCOM4_Handler
                0x0000000000005dce                I2S_Handler
                0x0000000000005dce                NVMCTRL_Handler
                0x0000000000005dce                SERCOM0_Handler
                0x0000000000005dce                DAC_Handler
                0x0000000000005dce                PTC_Handler
                0x0000000000005dce                TC5_Handler
                0x0000000000005dce                SYSCTRL_Handler

.text.__dummy%59
                0x0000000000005f7a        0x2
 .text.__dummy  0x0000000000005f7a        0x2 /opt/microchip/xc32/v4.45/bin/bin/../../lib/gcc/pic32c/8.3.1/../../../../pic32c/lib/thumb/v6-m/nofp/libg-musl.a(__libc_start_main.o)
                0x0000000000005f7a                __init_host
                0x0000000000005f7a                __init_stdio

.text%z80       0x0000000000000000        0x0