Archive member included to satisfy reference by file (symbol)

/opt/microchip/xc32/v4.45/bin/bin/../../lib/gcc/pic32c/8.3.1/../../../../pic32c/lib/thumb/v6-m/nofp/libpic32c.a(data_init.o)
                              /tmp/cc8Otgs8.o (__pic32c_data_initialization)
/opt/microchip/xc32/v4.45/bin/bin/../../lib/gcc/pic32c/8.3.1/../../../../pic32c/lib/thumb/v6-m/nofp/libc-size-musl.a(memcpy.o)
                              build/GameCat_R4/production/SAMD_FreeRTOS/queue.o (memcpy)
/opt/microchip/xc32/v4.45/bin/bin/../../lib/gcc/pic32c/8.3.1/../../../../pic32c/lib/thumb/v6-m/nofp/libc-size-musl.a(memset.o)
                              build/GameCat_R4/production/SAMD_CONTROL_HAL/Control_HAL_24CSM01.o (memset)
/opt/microchip/xc32/v4.45/bin/bin/../../lib/gcc/pic32c/8.3.1/../../../../pic32c/lib/thumb/v6-m/nofp/libc-musl.a(__libc_start_main.o)
                              /tmp/cc8Otgs8.o (__libc_init_array)
/opt/microchip/xc32/v4.45/bin/bin/../../lib/gcc/pic32c/8.3.1/../../../../pic32c/lib/thumb/v6-m/nofp/libc-musl.a(libc.o)
                              /opt/microchip/xc32/v4.45/bin/bin/../../lib/gcc/pic32c/8.3.1/../../../../pic32c/lib/thumb/v6-m/nofp/libc-musl.a(__libc_start_main.o) (__progname_full)
/opt/microchip/xc32/v4.45/bin/bin/../../lib/gcc/pic32c/8.3.1/../../../../pic32c/lib/thumb/v6-m/nofp/libc-musl.a(__environ.o)
                              /opt/microchip/xc32/v4.45/bin/bin/../../lib/gcc/pic32c/8.3.1/../../../../pic32c/lib/thumb/v6-m/nofp/libc-musl.a(__libc_start_main.o) (__environ)
/opt/microchip/xc32/v4.45/bin/bin/../../lib/gcc/pic32c/8.3.1/thumb/v6-m/nofp/libgcc.a(_udivsi3.o)
                              build/GameCat_R4/production/SAMD_FreeRTOS/Portable/MemMang/heap_4.o (__aeabi_uidiv)
/opt/microchip/xc32/v4.45/bin/bin/../../lib/gcc/pic32c/8.3.1/thumb/v6-m/nofp/libgcc.a(_dvmd_tls.o)
                              /opt/microchip/xc32/v4.45/bin/bin/../../lib/gcc/pic32c/8.3.1/thumb/v6-m/nofp/libgcc.a(_udivsi3.o) (__aeabi_idiv0)
/opt/microchip/xc32/v4.45/bin/bin/../../lib/gcc/pic32c/8.3.1/../../../../pic32c/lib/thumb/v6-m/nofp/libpic32c.a(pic32_data_init_clear.o)
                              (__dinit_clear_needed)
/opt/microchip/xc32/v4.45/bin/bin/../../lib/gcc/pic32c/8.3.1/../../../../pic32c/lib/thumb/v6-m/nofp/libpic32c.a(pic32_data_init_copy.o)
                              (__dinit_copy_needed)

Microchip PIC32 Memory-Usage Report

ROM Program-Memory Usage
section                    address  length [bytes]      (dec)  Description
-------                 ----------  -------------------------  -----------
.vectors                         0           0xb0         176   
.text                         0xb0           0x20          32  App's exec code 
.text                         0xd0         0x1518        5400  App's exec code 
.text                       0x15e8          0xf20        3872  App's exec code 
.text                       0x2508          0x840        2112  App's exec code 
.text                       0x2d48          0x6a4        1700  App's exec code 
.text                       0x33ec          0x5bc        1468  App's exec code 
.text                       0x39a8          0x4ac        1196  App's exec code 
.text                       0x3e54          0x4a0        1184  App's exec code 
.text                       0x42f4          0x474        1140  App's exec code 
.text                       0x4768          0x3ec        1004  App's exec code 
.text                       0x4b54          0x2b4         692  App's exec code 
.text                       0x4e08          0x290         656  App's exec code 
.text                       0x5098          0x260         608  App's exec code 
.text                       0x52f8          0x260         608  App's exec code 
.text                       0x5558          0x260         608  App's exec code 
.rodata                     0x57b8            0x8           8  Read-only const 
.text                       0x57c0          0x25c         604  App's exec code 
.text                       0x5a1c          0x200         512  App's exec code 
.text                       0x5c1c          0x15e         350  App's exec code 
.text.Dummy_Handler         0x5d7a            0x2           2   
.text                       0x5d7c           0xf4         244  App's exec code 
.text                       0x5e70           0xba         186  App's exec code 
.text.__dummy               0x5f2a            0x2           2   
.dinit                      0x5f2c           0xa0         160   
.text                       0x5fcc           0x98         152  App's exec code 
.text                       0x6064           0x8c         140  App's exec code 
.text                       0x60f0           0x78         120  App's exec code 
.text                       0x6168           0x74         116  App's exec code 
.text.__libc_start_init     0x61dc           0x5c          92   
.text.Reset_Handler         0x6238           0x54          84   
[...]
Memory Configuration

Name             Origin             Length             Attributes
rom              0x0000000000000000 0x0000000000040000 xrl
ram              0x0000000020000000 0x0000000000008000 xw !r
config_00804000  0x0000000000804000 0x0000000000000004
config_00804004  0x0000000000804004 0x0000000000000004
*default*        0x0000000000000000 0xffffffffffffffff

Linker script and memory map

LOAD /opt/microchip/xc32/v4.45/bin/bin/../../lib/gcc/pic32c/8.3.1/thumb/v6-m/nofp/crti.o
LOAD /opt/microchip/xc32/v4.45/bin/bin/../../lib/gcc/pic32c/8.3.1/thumb/v6-m/nofp/crtbegin.o
LOAD build/GameCat_R4/production/SAMD_CONTROL_HAL/Control_HAL_JOYSTICK.o
LOAD build/GameCat_R4/production/SAMD_CONTROL_HAL/Control_HAL_SST25VF016.o
LOAD build/GameCat_R4/production/SAMD_CONTROL_HAL/Control_HAL_23K256.o
LOAD build/GameCat_R4/production/SAMD_CONTROL_HAL/Control_HAL_24CSM01.o
LOAD build/GameCat_R4/production/SAMD_DRIVERS_HAL/Driver_SAMD_SYSCTRL.o
LOAD build/GameCat_R4/production/SAMD_DRIVERS_HAL/Driver_SAMD_GCLK.o
LOAD build/GameCat_R4/production/SAMD_DRIVERS_HAL/Driver_SAMD_PM.o
LOAD build/GameCat_R4/production/SAMD_DRIVERS_HAL/Driver_SAMD_ADC.o
LOAD build/GameCat_R4/production/SAMD_DRIVERS_HAL/Driver_SAMD_PORT.o
LOAD build/GameCat_R4/production/SAMD_DRIVERS_HAL/Driver_SAMD_SERCOM2_SPIM.o
LOAD build/GameCat_R4/production/SAMD_DRIVERS_HAL/Driver_SAMD_SERCOM1_I2CM.o
LOAD build/GameCat_R4/production/SAMD_FreeRTOS/queue.o
LOAD build/GameCat_R4/production/SAMD_FreeRTOS/event_groups.o
LOAD build/GameCat_R4/production/SAMD_FreeRTOS/list.o
LOAD build/GameCat_R4/production/SAMD_FreeRTOS/timers.o
LOAD build/GameCat_R4/production/SAMD_FreeRTOS/tasks.o
LOAD build/GameCat_R4/production/SAMD_FreeRTOS/Portable/MemMang/heap_4.o
LOAD build/GameCat_R4/production/SAMD_FreeRTOS/Portable/ARM_CM0/port.o
LOAD build/GameCat_R4/production/SAMD_INTERRUPTIONS/Interruption_TRAP.o
LOAD build/GameCat_R4/production/SAMD_MAIN/Function_MAIN.o
LOAD build/GameCat_R4/production/SAMD_MAIN/Storage_DELAY.o
LOAD build/GameCat_R4/production/SAMD_STREAMS/Stream_CTRL_LEDC.o
LOAD build/GameCat_R4/production/SAMD_TASK/Settings_TASKS.o
LOAD build/GameCat_R4/production/SAMD_TASK/Task_CTRL_LEDC.o
LOAD build/GameCat_R4/production/SAMD_TASK/Task_CTRL_CANC.o
LOAD build/GameCat_R4/production/SAMD_TASK/Task_EXEC_MUXC.o
LOAD build/GameCat_R4/production/SAMD_DRIVERS_HAL/Driver_SAMD_SERCOM3_SPIM.o
LOAD build/GameCat_R4/production/SAMD_DRIVERS_HAL/Driver_SAMD_SERCOM4_SPIM.o
LOAD build/GameCat_R4/production/SAMD_CONTROL_HAL/Control_HAL_MCP2518FD.o
                0x0000000000000001                __MPLAB_BUILD = 0x1
                0x0000000000000080                _min_heap_size = 0x80
LOAD /tmp/cc8Otgs8.o
START GROUP
LOAD /opt/microchip/xc32/v4.45/bin/bin/../../lib/gcc/pic32c/8.3.1/../../../../pic32c/lib/thumb/v6-m/nofp/libpic32c.a
LOAD /opt/microchip/xc32/v4.45/bin/bin/../../lib/gcc/pic32c/8.3.1/../../../../pic32c/lib/thumb/v6-m/nofp/libc-size-musl.a
LOAD /opt/microchip/xc32/v4.45/bin/bin/../../lib/gcc/pic32c/8.3.1/../../../../pic32c/lib/thumb/v6-m/nofp/liblmalloc-musl.a
LOAD /opt/microchip/xc32/v4.45/bin/bin/../../lib/gcc/pic32c/8.3.1/../../../../pic32c/lib/thumb/v6-m/nofp/libm-fast-emfloat.a
LOAD /opt/microchip/xc32/v4.45/bin/bin/../../lib/gcc/pic32c/8.3.1/../../../../pic32c/lib/thumb/v6-m/nofp/libm-musl.a
LOAD /opt/microchip/xc32/v4.45/bin/bin/../../lib/gcc/pic32c/8.3.1/../../../../pic32c/lib/thumb/v6-m/nofp/libc-musl.a
LOAD /opt/microchip/xc32/v4.45/bin/bin/../../lib/gcc/pic32c/8.3.1/../../../../pic32c/lib/thumb/v6-m/nofp/libm-fast-emfloat.a
LOAD /opt/microchip/xc32/v4.45/bin/bin/../../lib/gcc/pic32c/8.3.1/../../../../pic32c/lib/thumb/v6-m/nofp/libm-musl.a
LOAD /opt/microchip/xc32/v4.45/bin/bin/../../lib/gcc/pic32c/8.3.1/thumb/v6-m/nofp/libgcc.a
END GROUP
LOAD /opt/microchip/xc32/v4.45/bin/bin/../../lib/gcc/pic32c/8.3.1/thumb/v6-m/nofp/crtend.o
LOAD /opt/microchip/xc32/v4.45/bin/bin/../../lib/gcc/pic32c/8.3.1/thumb/v6-m/nofp/crtn.o
                0x0000000000040000                __rom_end = (ORIGIN (rom) + LENGTH (rom))
                0x0000000020008000                __ram_end = (ORIGIN (ram) + LENGTH (ram))

.config_00804000
 *(.config_00804000)

.config_00804004
 *(.config_00804004)

.vectors        0x0000000000000000       0xb0
                0x0000000000000000                . = ALIGN (0x4)
                0x0000000000000000                _sfixed = .
 *(.vectors .vectors.* .vectors_default .vectors_default.*)
 .vectors.default
                0x0000000000000000       0xb0 /tmp/cc8Otgs8.o
                0x0000000000000000                exception_table
 *(.isr_vector)
 *(.reset*)
 *(.after_vectors)

.text           0x00000000000000b0       0x20
                0x00000000000000b0                . = ALIGN (0x4)
 *(.glue_7t)
 .glue_7t       0x00000000000000b0        0x0 linker stubs
 *(.glue_7)
 .glue_7        0x00000000000000b0        0x0 linker stubs
 *(.gnu.linkonce.r.*)
 *(.ARM.extab* .gnu.linkonce.armextab.*)
                0x00000000000000b0                . = ALIGN (0x4)
 *(.init)
 .init          0x00000000000000b0        0x4 /opt/microchip/xc32/v4.45/bin/bin/../../lib/gcc/pic32c/8.3.1/thumb/v6-m/nofp/crti.o
                0x00000000000000b0                _init
 .init          0x00000000000000b4        0x8 /opt/microchip/xc32/v4.45/bin/bin/../../lib/gcc/pic32c/8.3.1/thumb/v6-m/nofp/crtn.o
                0x00000000000000bc                . = ALIGN (0x4)
                0x00000000000000bc                __preinit_array_start = .
 *(.preinit_array)
                0x00000000000000bc                __preinit_array_end = .
                0x00000000000000bc                . = ALIGN (0x4)
                0x00000000000000bc                __init_array_start = .
 *(SORT_BY_NAME(.init_array.*))
 *(.init_array)
 .init_array    0x00000000000000bc        0x4 /opt/microchip/xc32/v4.45/bin/bin/../../lib/gcc/pic32c/8.3.1/thumb/v6-m/nofp/crtbegin.o
                0x00000000000000c0                __init_array_end = .
                0x00000000000000c0                . = ALIGN (0x4)
 *crtbegin.o(.ctors)
 *(EXCLUDE_FILE(*crtend.o) .ctors)
 *(SORT_BY_NAME(.ctors.*))
 *crtend.o(.ctors)
                0x00000000000000c0                . = ALIGN (0x4)
 *(.fini)
 .fini          0x00000000000000c0        0x4 /opt/microchip/xc32/v4.45/bin/bin/../../lib/gcc/pic32c/8.3.1/thumb/v6-m/nofp/crti.o
                0x00000000000000c0                _fini
 .fini          0x00000000000000c4        0x8 /opt/microchip/xc32/v4.45/bin/bin/../../lib/gcc/pic32c/8.3.1/thumb/v6-m/nofp/crtn.o
                0x00000000000000cc                . = ALIGN (0x4)
                0x00000000000000cc                __fini_array_start = .
 *(.fini_array)
 .fini_array    0x00000000000000cc        0x4 /opt/microchip/xc32/v4.45/bin/bin/../../lib/gcc/pic32c/8.3.1/thumb/v6-m/nofp/crtbegin.o
 *(SORT_BY_NAME(.fini_array.*))
                0x00000000000000d0                __fini_array_end = .
 *crtbegin.o(.dtors)
 *(EXCLUDE_FILE(*crtend.o) .dtors)
 *(SORT_BY_NAME(.dtors.*))
 *crtend.o(.dtors)
                0x00000000000000d0                . = ALIGN (0x4)
                0x00000000000000d0                _efixed = .
                [!provide]                        PROVIDE (__exidx_start = .)

.ARM.exidx
 *(.ARM.exidx* .gnu.linkonce.armexidx.*)
                [!provide]                        PROVIDE (__exidx_end = .)
                0x00000000000000d0                . = ALIGN (0x4)
                0x00000000000000d0                _etext = .

.bss            0x0000000020000000        0x0
                0x0000000020000000                . = ALIGN (0x4)
                0x0000000020000000                __bss_start__ = .
                0x0000000020000000                _sbss = .
                0x0000000020000000                _szero = .
 *(COMMON)
                0x0000000020000000                . = ALIGN (0x4)
                0x0000000020000000                __bss_end__ = .
                0x0000000020000000                _ebss = .
                0x0000000020000000                _ezero = .
                0x0000000020000000                . = ALIGN (0x4)
                0x0000000020000000                _end = .
                0x0000000020007fff                _ram_end_ = ((ORIGIN (ram) + LENGTH (ram)) - 0x1)
OUTPUT(dist/GameCat_R4/production/GAMECAT_R4_CODE.production.elf elf32-littlearm)
LOAD data_init
LOAD stack

.ARM.attributes
                0x0000000000000000       0x2c
 .ARM.attributes
                0x0000000000000000       0x1e /opt/microchip/xc32/v4.45/bin/bin/../../lib/gcc/pic32c/8.3.1/thumb/v6-m/nofp/crti.o
 .ARM.attributes
                0x000000000000001e       0x2c /opt/microchip/xc32/v4.45/bin/bin/../../lib/gcc/pic32c/8.3.1/thumb/v6-m/nofp/crtbegin.o
 .ARM.attributes
                0x000000000000004a       0x2c build/GameCat_R4/production/SAMD_CONTROL_HAL/Control_HAL_JOYSTICK.o
 .ARM.attributes
                0x0000000000000076       0x2c build/GameCat_R4/production/SAMD_CONTROL_HAL/Control_HAL_SST25VF016.o
 .ARM.attributes
                0x00000000000000a2       0x2c build/GameCat_R4/production/SAMD_CONTROL_HAL/Control_HAL_23K256.o
 .ARM.attributes
                0x00000000000000ce       0x2c build/GameCat_R4/production/SAMD_CONTROL_HAL/Control_HAL_24CSM01.o
 .ARM.attributes
                0x00000000000000fa       0x2c build/GameCat_R4/production/SAMD_DRIVERS_HAL/Driver_SAMD_SYSCTRL.o
 .ARM.attributes
                0x0000000000000126       0x2c build/GameCat_R4/production/SAMD_DRIVERS_HAL/Driver_SAMD_GCLK.o
 .ARM.attributes
                0x0000000000000152       0x2c build/GameCat_R4/production/SAMD_DRIVERS_HAL/Driver_SAMD_PM.o
 .ARM.attributes
                0x000000000000017e       0x2c build/GameCat_R4/production/SAMD_DRIVERS_HAL/Driver_SAMD_ADC.o
 .ARM.attributes
                0x00000000000001aa       0x2c build/GameCat_R4/production/SAMD_DRIVERS_HAL/Driver_SAMD_PORT.o
 .ARM.attributes
                0x00000000000001d6       0x2c build/GameCat_R4/production/SAMD_DRIVERS_HAL/Driver_SAMD_SERCOM2_SPIM.o
 .ARM.attributes
                0x0000000000000202       0x2c build/GameCat_R4/production/SAMD_DRIVERS_HAL/Driver_SAMD_SERCOM1_I2CM.o
 .ARM.attributes
                0x000000000000022e       0x2c build/GameCat_R4/production/SAMD_FreeRTOS/queue.o
 .ARM.attributes
                0x000000000000025a       0x2c build/GameCat_R4/production/SAMD_FreeRTOS/event_groups.o
 .ARM.attributes
                0x0000000000000286       0x2c build/GameCat_R4/production/SAMD_FreeRTOS/list.o
 .ARM.attributes
                0x00000000000002b2       0x32 build/GameCat_R4/production/SAMD_FreeRTOS/timers.o
 .ARM.attributes
                0x00000000000002e4       0x2c build/GameCat_R4/production/SAMD_FreeRTOS/tasks.o
 .ARM.attributes
                0x0000000000000310       0x2c build/GameCat_R4/production/SAMD_FreeRTOS/Portable/MemMang/heap_4.o
 .ARM.attributes
                0x000000000000033c       0x2c build/GameCat_R4/production/SAMD_FreeRTOS/Portable/ARM_CM0/port.o
 .ARM.attributes
                0x0000000000000368       0x2c build/GameCat_R4/production/SAMD_INTERRUPTIONS/Interruption_TRAP.o
 .ARM.attributes
                0x0000000000000394       0x2c build/GameCat_R4/production/SAMD_MAIN/Function_MAIN.o
 .ARM.attributes
                0x00000000000003c0       0x2c build/GameCat_R4/production/SAMD_MAIN/Storage_DELAY.o
 .ARM.attributes
                0x00000000000003ec       0x2c build/GameCat_R4/production/SAMD_STREAMS/Stream_CTRL_LEDC.o
 .ARM.attributes
                0x0000000000000418       0x2c build/GameCat_R4/production/SAMD_TASK/Settings_TASKS.o
 .ARM.attributes
                0x0000000000000444       0x2c build/GameCat_R4/production/SAMD_TASK/Task_CTRL_LEDC.o
 .ARM.attributes
                0x0000000000000470       0x2c build/GameCat_R4/production/SAMD_TASK/Task_CTRL_CANC.o
 .ARM.attributes
                0x000000000000049c       0x2c build/GameCat_R4/production/SAMD_TASK/Task_EXEC_MUXC.o
 .ARM.attributes
                0x00000000000004c8       0x2c build/GameCat_R4/production/SAMD_DRIVERS_HAL/Driver_SAMD_SERCOM3_SPIM.o
 .ARM.attributes
                0x00000000000004f4       0x2c build/GameCat_R4/production/SAMD_DRIVERS_HAL/Driver_SAMD_SERCOM4_SPIM.o
 .ARM.attributes
                0x0000000000000520       0x32 build/GameCat_R4/production/SAMD_CONTROL_HAL/Control_HAL_MCP2518FD.o
 .ARM.attributes
                0x0000000000000552       0x2c /tmp/cc8Otgs8.o
 .ARM.attributes
                0x000000000000057e       0x2c /opt/microchip/xc32/v4.45/bin/bin/../../lib/gcc/pic32c/8.3.1/../../../../pic32c/lib/thumb/v6-m/nofp/libpic32c.a(data_init.o)
 .ARM.attributes
                0x00000000000005aa       0x2e /opt/microchip/xc32/v4.45/bin/bin/../../lib/gcc/pic32c/8.3.1/../../../../pic32c/lib/thumb/v6-m/nofp/libc-size-musl.a(memcpy.o)
 .ARM.attributes
                0x00000000000005d8       0x2e /opt/microchip/xc32/v4.45/bin/bin/../../lib/gcc/pic32c/8.3.1/../../../../pic32c/lib/thumb/v6-m/nofp/libc-size-musl.a(memset.o)
 .ARM.attributes
                0x0000000000000606       0x2e /opt/microchip/xc32/v4.45/bin/bin/../../lib/gcc/pic32c/8.3.1/../../../../pic32c/lib/thumb/v6-m/nofp/libc-musl.a(__libc_start_main.o)
 .ARM.attributes
                0x0000000000000634       0x2e /opt/microchip/xc32/v4.45/bin/bin/../../lib/gcc/pic32c/8.3.1/../../../../pic32c/lib/thumb/v6-m/nofp/libc-musl.a(libc.o)
 .ARM.attributes
                0x0000000000000662       0x2e /opt/microchip/xc32/v4.45/bin/bin/../../lib/gcc/pic32c/8.3.1/../../../../pic32c/lib/thumb/v6-m/nofp/libc-musl.a(__environ.o)
 .ARM.attributes
                0x0000000000000690       0x1e /opt/microchip/xc32/v4.45/bin/bin/../../lib/gcc/pic32c/8.3.1/thumb/v6-m/nofp/libgcc.a(_udivsi3.o)
 .ARM.attributes
                0x00000000000006ae       0x1e /opt/microchip/xc32/v4.45/bin/bin/../../lib/gcc/pic32c/8.3.1/thumb/v6-m/nofp/libgcc.a(_dvmd_tls.o)
 .ARM.attributes
                0x00000000000006cc       0x2c /opt/microchip/xc32/v4.45/bin/bin/../../lib/gcc/pic32c/8.3.1/thumb/v6-m/nofp/crtend.o
 .ARM.attributes
                0x00000000000006f8       0x1e /opt/microchip/xc32/v4.45/bin/bin/../../lib/gcc/pic32c/8.3.1/thumb/v6-m/nofp/crtn.o
 .ARM.attributes
                0x0000000000000716       0x2c /opt/microchip/xc32/v4.45/bin/bin/../../lib/gcc/pic32c/8.3.1/../../../../pic32c/lib/thumb/v6-m/nofp/libpic32c.a(pic32_data_init_clear.o)
 .ARM.attributes
                0x0000000000000742       0x2c /opt/microchip/xc32/v4.45/bin/bin/../../lib/gcc/pic32c/8.3.1/../../../../pic32c/lib/thumb/v6-m/nofp/libpic32c.a(pic32_data_init_copy.o)

.comment        0x0000000000000000       0x2b
 .comment       0x0000000000000000       0x2b /opt/microchip/xc32/v4.45/bin/bin/../../lib/gcc/pic32c/8.3.1/thumb/v6-m/nofp/crtbegin.o
                                         0x2c (size before relaxing)
 .comment       0x000000000000002b       0x2c build/GameCat_R4/production/SAMD_CONTROL_HAL/Control_HAL_JOYSTICK.o
 .comment       0x000000000000002b       0x2c build/GameCat_R4/production/SAMD_CONTROL_HAL/Control_HAL_SST25VF016.o
 .comment       0x000000000000002b       0x2c build/GameCat_R4/production/SAMD_CONTROL_HAL/Control_HAL_23K256.o
 .comment       0x000000000000002b       0x2c build/GameCat_R4/production/SAMD_CONTROL_HAL/Control_HAL_24CSM01.o
 .comment       0x000000000000002b       0x2c build/GameCat_R4/production/SAMD_DRIVERS_HAL/Driver_SAMD_SYSCTRL.o
 .comment       0x000000000000002b       0x2c build/GameCat_R4/production/SAMD_DRIVERS_HAL/Driver_SAMD_GCLK.o
 .comment       0x000000000000002b       0x2c build/GameCat_R4/production/SAMD_DRIVERS_HAL/Driver_SAMD_PM.o
 .comment       0x000000000000002b       0x2c build/GameCat_R4/production/SAMD_DRIVERS_HAL/Driver_SAMD_ADC.o
 .comment       0x000000000000002b       0x2c build/GameCat_R4/production/SAMD_DRIVERS_HAL/Driver_SAMD_PORT.o
 .comment       0x000000000000002b       0x2c build/GameCat_R4/production/SAMD_DRIVERS_HAL/Driver_SAMD_SERCOM2_SPIM.o
 .comment       0x000000000000002b       0x2c build/GameCat_R4/production/SAMD_DRIVERS_HAL/Driver_SAMD_SERCOM1_I2CM.o
 .comment       0x000000000000002b       0x2c build/GameCat_R4/production/SAMD_FreeRTOS/queue.o
 .comment       0x000000000000002b       0x2c build/GameCat_R4/production/SAMD_FreeRTOS/event_groups.o
 .comment       0x000000000000002b       0x2c build/GameCat_R4/production/SAMD_FreeRTOS/list.o
 .comment       0x000000000000002b       0x2c build/GameCat_R4/production/SAMD_FreeRTOS/timers.o
 .comment       0x000000000000002b       0x2c build/GameCat_R4/production/SAMD_FreeRTOS/tasks.o
 .comment       0x000000000000002b       0x2c build/GameCat_R4/production/SAMD_FreeRTOS/Portable/MemMang/heap_4.o
 .comment       0x000000000000002b       0x2c build/GameCat_R4/production/SAMD_FreeRTOS/Portable/ARM_CM0/port.o
 .comment       0x000000000000002b       0x2c build/GameCat_R4/production/SAMD_INTERRUPTIONS/Interruption_TRAP.o
 .comment       0x000000000000002b       0x2c build/GameCat_R4/production/SAMD_MAIN/Function_MAIN.o
 .comment       0x000000000000002b       0x2c build/GameCat_R4/production/SAMD_MAIN/Storage_DELAY.o
 .comment       0x000000000000002b       0x2c build/GameCat_R4/production/SAMD_STREAMS/Stream_CTRL_LEDC.o
 .comment       0x000000000000002b       0x2c build/GameCat_R4/production/SAMD_TASK/Settings_TASKS.o
 .comment       0x000000000000002b       0x2c build/GameCat_R4/production/SAMD_TASK/Task_CTRL_LEDC.o
 .comment       0x000000000000002b       0x2c build/GameCat_R4/production/SAMD_TASK/Task_CTRL_CANC.o
 .comment       0x000000000000002b       0x2c build/GameCat_R4/production/SAMD_TASK/Task_EXEC_MUXC.o
 .comment       0x000000000000002b       0x2c build/GameCat_R4/production/SAMD_DRIVERS_HAL/Driver_SAMD_SERCOM3_SPIM.o
 .comment       0x000000000000002b       0x2c build/GameCat_R4/production/SAMD_DRIVERS_HAL/Driver_SAMD_SERCOM4_SPIM.o
 .comment       0x000000000000002b       0x2c build/GameCat_R4/production/SAMD_CONTROL_HAL/Control_HAL_MCP2518FD.o
 .comment       0x000000000000002b       0x2c /tmp/cc8Otgs8.o
 .comment       0x000000000000002b       0x2c /opt/microchip/xc32/v4.45/bin/bin/../../lib/gcc/pic32c/8.3.1/../../../../pic32c/lib/thumb/v6-m/nofp/libpic32c.a(data_init.o)
 .comment       0x000000000000002b       0x2c /opt/microchip/xc32/v4.45/bin/bin/../../lib/gcc/pic32c/8.3.1/../../../../pic32c/lib/thumb/v6-m/nofp/libc-size-musl.a(memcpy.o)
 .comment       0x000000000000002b       0x2c /opt/microchip/xc32/v4.45/bin/bin/../../lib/gcc/pic32c/8.3.1/../../../../pic32c/lib/thumb/v6-m/nofp/libc-size-musl.a(memset.o)
 .comment       0x000000000000002b       0x2c /opt/microchip/xc32/v4.45/bin/bin/../../lib/gcc/pic32c/8.3.1/../../../../pic32c/lib/thumb/v6-m/nofp/libc-musl.a(__libc_start_main.o)
 .comment       0x000000000000002b       0x2c /opt/microchip/xc32/v4.45/bin/bin/../../lib/gcc/pic32c/8.3.1/../../../../pic32c/lib/thumb/v6-m/nofp/libc-musl.a(libc.o)
 .comment       0x000000000000002b       0x2c /opt/microchip/xc32/v4.45/bin/bin/../../lib/gcc/pic32c/8.3.1/../../../../pic32c/lib/thumb/v6-m/nofp/libc-musl.a(__environ.o)
 .comment       0x000000000000002b       0x2c /opt/microchip/xc32/v4.45/bin/bin/../../lib/gcc/pic32c/8.3.1/thumb/v6-m/nofp/crtend.o
 .comment       0x000000000000002b       0x2c /opt/microchip/xc32/v4.45/bin/bin/../../lib/gcc/pic32c/8.3.1/../../../../pic32c/lib/thumb/v6-m/nofp/libpic32c.a(pic32_data_init_clear.o)
 .comment       0x000000000000002b       0x2c /opt/microchip/xc32/v4.45/bin/bin/../../lib/gcc/pic32c/8.3.1/../../../../pic32c/lib/thumb/v6-m/nofp/libpic32c.a(pic32_data_init_copy.o)

.debug_info     0x0000000000000000     0xae92
 .debug_info    0x0000000000000000      0x443 build/GameCat_R4/production/SAMD_CONTROL_HAL/Control_HAL_JOYSTICK.o
 .debug_info    0x0000000000000443      0x6ba build/GameCat_R4/production/SAMD_CONTROL_HAL/Control_HAL_SST25VF016.o
 .debug_info    0x0000000000000afd      0x516 build/GameCat_R4/production/SAMD_CONTROL_HAL/Control_HAL_23K256.o
 .debug_info    0x0000000000001013      0x2b9 build/GameCat_R4/production/SAMD_CONTROL_HAL/Control_HAL_24CSM01.o
 .debug_info    0x00000000000012cc      0x316 build/GameCat_R4/production/SAMD_DRIVERS_HAL/Driver_SAMD_SYSCTRL.o
 .debug_info    0x00000000000015e2      0x133 build/GameCat_R4/production/SAMD_DRIVERS_HAL/Driver_SAMD_GCLK.o
 .debug_info    0x0000000000001715      0x39d build/GameCat_R4/production/SAMD_DRIVERS_HAL/Driver_SAMD_PM.o
 .debug_info    0x0000000000001ab2      0x5aa build/GameCat_R4/production/SAMD_DRIVERS_HAL/Driver_SAMD_ADC.o
 .debug_info    0x000000000000205c      0x410 build/GameCat_R4/production/SAMD_DRIVERS_HAL/Driver_SAMD_PORT.o
 .debug_info    0x000000000000246c      0xee4 build/GameCat_R4/production/SAMD_DRIVERS_HAL/Driver_SAMD_SERCOM2_SPIM.o
 .debug_info    0x0000000000003350     0x1048 build/GameCat_R4/production/SAMD_DRIVERS_HAL/Driver_SAMD_SERCOM1_I2CM.o
 .debug_info    0x0000000000004398      0xf05 build/GameCat_R4/production/SAMD_FreeRTOS/queue.o
 .debug_info    0x000000000000529d      0x681 build/GameCat_R4/production/SAMD_FreeRTOS/event_groups.o
 .debug_info    0x000000000000591e      0x2b8 build/GameCat_R4/production/SAMD_FreeRTOS/list.o
 .debug_info    0x0000000000005bd6       0x79 build/GameCat_R4/production/SAMD_FreeRTOS/timers.o
 .debug_info    0x0000000000005c4f     0x12b0 build/GameCat_R4/production/SAMD_FreeRTOS/tasks.o
 .debug_info    0x0000000000006eff      0x4bc build/GameCat_R4/production/SAMD_FreeRTOS/Portable/MemMang/heap_4.o
 .debug_info    0x00000000000073bb      0x2a9 build/GameCat_R4/production/SAMD_FreeRTOS/Portable/ARM_CM0/port.o
 .debug_info    0x0000000000007664      0x136 build/GameCat_R4/production/SAMD_INTERRUPTIONS/Interruption_TRAP.o
 .debug_info    0x000000000000779a       0x9c build/GameCat_R4/production/SAMD_MAIN/Function_MAIN.o
 .debug_info    0x0000000000007836       0xbe build/GameCat_R4/production/SAMD_MAIN/Storage_DELAY.o
 .debug_info    0x00000000000078f4      0x341 build/GameCat_R4/production/SAMD_STREAMS/Stream_CTRL_LEDC.o
 .debug_info    0x0000000000007c35      0x2a1 build/GameCat_R4/production/SAMD_TASK/Settings_TASKS.o
 .debug_info    0x0000000000007ed6      0x57b build/GameCat_R4/production/SAMD_TASK/Task_CTRL_LEDC.o
 .debug_info    0x0000000000008451       0xd2 build/GameCat_R4/production/SAMD_TASK/Task_CTRL_CANC.o
 .debug_info    0x0000000000008523      0x2d8 build/GameCat_R4/production/SAMD_TASK/Task_EXEC_MUXC.o
 .debug_info    0x00000000000087fb      0xee4 build/GameCat_R4/production/SAMD_DRIVERS_HAL/Driver_SAMD_SERCOM3_SPIM.o
 .debug_info    0x00000000000096df      0xee4 build/GameCat_R4/production/SAMD_DRIVERS_HAL/Driver_SAMD_SERCOM4_SPIM.o
 .debug_info    0x000000000000a5c3       0x54 /opt/microchip/xc32/v4.45/bin/bin/../../lib/gcc/pic32c/8.3.1/../../../../pic32c/lib/thumb/v6-m/nofp/libpic32c.a(data_init.o)
 .debug_info    0x000000000000a617       0xed /opt/microchip/xc32/v4.45/bin/bin/../../lib/gcc/pic32c/8.3.1/../../../../pic32c/lib/thumb/v6-m/nofp/libc-size-musl.a(memcpy.o)
 .debug_info    0x000000000000a704       0xbb /opt/microchip/xc32/v4.45/bin/bin/../../lib/gcc/pic32c/8.3.1/../../../../pic32c/lib/thumb/v6-m/nofp/libc-size-musl.a(memset.o)
 .debug_info    0x000000000000a7bf      0x2fb /opt/microchip/xc32/v4.45/bin/bin/../../lib/gcc/pic32c/8.3.1/../../../../pic32c/lib/thumb/v6-m/nofp/libc-musl.a(__libc_start_main.o)
 .debug_info    0x000000000000aaba      0x276 /opt/microchip/xc32/v4.45/bin/bin/../../lib/gcc/pic32c/8.3.1/../../../../pic32c/lib/thumb/v6-m/nofp/libc-musl.a(libc.o)
 .debug_info    0x000000000000ad30       0x97 /opt/microchip/xc32/v4.45/bin/bin/../../lib/gcc/pic32c/8.3.1/../../../../pic32c/lib/thumb/v6-m/nofp/libc-musl.a(__environ.o)
 .debug_info    0x000000000000adc7       0x26 /opt/microchip/xc32/v4.45/bin/bin/../../lib/gcc/pic32c/8.3.1/thumb/v6-m/nofp/libgcc.a(_udivsi3.o)
 .debug_info    0x000000000000aded       0x26 /opt/microchip/xc32/v4.45/bin/bin/../../lib/gcc/pic32c/8.3.1/thumb/v6-m/nofp/libgcc.a(_dvmd_tls.o)
 .debug_info    0x000000000000ae13       0x3f /opt/microchip/xc32/v4.45/bin/bin/../../lib/gcc/pic32c/8.3.1/../../../../pic32c/lib/thumb/v6-m/nofp/libpic32c.a(pic32_data_init_clear.o)
 .debug_info    0x000000000000ae52       0x40 /opt/microchip/xc32/v4.45/bin/bin/../../lib/gcc/pic32c/8.3.1/../../../../pic32c/lib/thumb/v6-m/nofp/libpic32c.a(pic32_data_init_copy.o)

.debug_abbrev   0x0000000000000000     0x2608
 .debug_abbrev  0x0000000000000000      0x146 build/GameCat_R4/production/SAMD_CONTROL_HAL/Control_HAL_JOYSTICK.o
 .debug_abbrev  0x0000000000000146      0x1d5 build/GameCat_R4/production/SAMD_CONTROL_HAL/Control_HAL_SST25VF016.o
 .debug_abbrev  0x000000000000031b      0x11f build/GameCat_R4/production/SAMD_CONTROL_HAL/Control_HAL_23K256.o
 .debug_abbrev  0x000000000000043a       0xc8 build/GameCat_R4/production/SAMD_CONTROL_HAL/Control_HAL_24CSM01.o
 .debug_abbrev  0x0000000000000502       0xa2 build/GameCat_R4/production/SAMD_DRIVERS_HAL/Driver_SAMD_SYSCTRL.o
 .debug_abbrev  0x00000000000005a4       0x90 build/GameCat_R4/production/SAMD_DRIVERS_HAL/Driver_SAMD_GCLK.o
 .debug_abbrev  0x0000000000000634       0xc2 build/GameCat_R4/production/SAMD_DRIVERS_HAL/Driver_SAMD_PM.o
 .debug_abbrev  0x00000000000006f6      0x102 build/GameCat_R4/production/SAMD_DRIVERS_HAL/Driver_SAMD_ADC.o
 .debug_abbrev  0x00000000000007f8       0xb1 build/GameCat_R4/production/SAMD_DRIVERS_HAL/Driver_SAMD_PORT.o
 .debug_abbrev  0x00000000000008a9      0x1f5 build/GameCat_R4/production/SAMD_DRIVERS_HAL/Driver_SAMD_SERCOM2_SPIM.o
 .debug_abbrev  0x0000000000000a9e      0x26d build/GameCat_R4/production/SAMD_DRIVERS_HAL/Driver_SAMD_SERCOM1_I2CM.o
 .debug_abbrev  0x0000000000000d0b      0x1c1 build/GameCat_R4/production/SAMD_FreeRTOS/queue.o
 .debug_abbrev  0x0000000000000ecc      0x15e build/GameCat_R4/production/SAMD_FreeRTOS/event_groups.o
 .debug_abbrev  0x000000000000102a       0xf7 build/GameCat_R4/production/SAMD_FreeRTOS/list.o
 .debug_abbrev  0x0000000000001121       0x26 build/GameCat_R4/production/SAMD_FreeRTOS/timers.o
 .debug_abbrev  0x0000000000001147      0x252 build/GameCat_R4/production/SAMD_FreeRTOS/tasks.o
 .debug_abbrev  0x0000000000001399      0x19f build/GameCat_R4/production/SAMD_FreeRTOS/Portable/MemMang/heap_4.o
 .debug_abbrev  0x0000000000001538      0x1bf build/GameCat_R4/production/SAMD_FreeRTOS/Portable/ARM_CM0/port.o
 .debug_abbrev  0x00000000000016f7       0xdb build/GameCat_R4/production/SAMD_INTERRUPTIONS/Interruption_TRAP.o
 .debug_abbrev  0x00000000000017d2       0x46 build/GameCat_R4/production/SAMD_MAIN/Function_MAIN.o
 .debug_abbrev  0x0000000000001818       0x6d build/GameCat_R4/production/SAMD_MAIN/Storage_DELAY.o
 .debug_abbrev  0x0000000000001885      0x116 build/GameCat_R4/production/SAMD_STREAMS/Stream_CTRL_LEDC.o
 .debug_abbrev  0x000000000000199b       0xdf build/GameCat_R4/production/SAMD_TASK/Settings_TASKS.o
 .debug_abbrev  0x0000000000001a7a      0x17e build/GameCat_R4/production/SAMD_TASK/Task_CTRL_LEDC.o
 .debug_abbrev  0x0000000000001bf8       0x8b build/GameCat_R4/production/SAMD_TASK/Task_CTRL_CANC.o
 .debug_abbrev  0x0000000000001c83      0x10d build/GameCat_R4/production/SAMD_TASK/Task_EXEC_MUXC.o
 .debug_abbrev  0x0000000000001d90      0x1f5 build/GameCat_R4/production/SAMD_DRIVERS_HAL/Driver_SAMD_SERCOM3_SPIM.o
 .debug_abbrev  0x0000000000001f85      0x1f5 build/GameCat_R4/production/SAMD_DRIVERS_HAL/Driver_SAMD_SERCOM4_SPIM.o
 .debug_abbrev  0x000000000000217a       0x44 /opt/microchip/xc32/v4.45/bin/bin/../../lib/gcc/pic32c/8.3.1/../../../../pic32c/lib/thumb/v6-m/nofp/libpic32c.a(data_init.o)
 .debug_abbrev  0x00000000000021be       0xbb /opt/microchip/xc32/v4.45/bin/bin/../../lib/gcc/pic32c/8.3.1/../../../../pic32c/lib/thumb/v6-m/nofp/libc-size-musl.a(memcpy.o)
 .debug_abbrev  0x0000000000002279       0xa2 /opt/microchip/xc32/v4.45/bin/bin/../../lib/gcc/pic32c/8.3.1/../../../../pic32c/lib/thumb/v6-m/nofp/libc-size-musl.a(memset.o)
 .debug_abbrev  0x000000000000231b      0x133 /opt/microchip/xc32/v4.45/bin/bin/../../lib/gcc/pic32c/8.3.1/../../../../pic32c/lib/thumb/v6-m/nofp/libc-musl.a(__libc_start_main.o)
 .debug_abbrev  0x000000000000244e       0xd4 /opt/microchip/xc32/v4.45/bin/bin/../../lib/gcc/pic32c/8.3.1/../../../../pic32c/lib/thumb/v6-m/nofp/libc-musl.a(libc.o)
 .debug_abbrev  0x0000000000002522       0x62 /opt/microchip/xc32/v4.45/bin/bin/../../lib/gcc/pic32c/8.3.1/../../../../pic32c/lib/thumb/v6-m/nofp/libc-musl.a(__environ.o)
 .debug_abbrev  0x0000000000002584       0x14 /opt/microchip/xc32/v4.45/bin/bin/../../lib/gcc/pic32c/8.3.1/thumb/v6-m/nofp/libgcc.a(_udivsi3.o)
 .debug_abbrev  0x0000000000002598       0x14 /opt/microchip/xc32/v4.45/bin/bin/../../lib/gcc/pic32c/8.3.1/thumb/v6-m/nofp/libgcc.a(_dvmd_tls.o)
 .debug_abbrev  0x00000000000025ac       0x2e /opt/microchip/xc32/v4.45/bin/bin/../../lib/gcc/pic32c/8.3.1/../../../../pic32c/lib/thumb/v6-m/nofp/libpic32c.a(pic32_data_init_clear.o)
 .debug_abbrev  0x00000000000025da       0x2e /opt/microchip/xc32/v4.45/bin/bin/../../lib/gcc/pic32c/8.3.1/../../../../pic32c/lib/thumb/v6-m/nofp/libpic32c.a(pic32_data_init_copy.o)

.debug_loc      0x0000000000000000     0x2b1d
 .debug_loc     0x0000000000000000       0x38 build/GameCat_R4/production/SAMD_CONTROL_HAL/Control_HAL_JOYSTICK.o
 .debug_loc     0x0000000000000038      0x49c build/GameCat_R4/production/SAMD_CONTROL_HAL/Control_HAL_SST25VF016.o
 .debug_loc     0x00000000000004d4      0x230 build/GameCat_R4/production/SAMD_CONTROL_HAL/Control_HAL_23K256.o
 .debug_loc     0x0000000000000704      0x146 build/GameCat_R4/production/SAMD_CONTROL_HAL/Control_HAL_24CSM01.o
 .debug_loc     0x000000000000084a       0x2c build/GameCat_R4/production/SAMD_DRIVERS_HAL/Driver_SAMD_SYSCTRL.o
 .debug_loc     0x0000000000000876       0x2c build/GameCat_R4/production/SAMD_DRIVERS_HAL/Driver_SAMD_GCLK.o
 .debug_loc     0x00000000000008a2       0x2c build/GameCat_R4/production/SAMD_DRIVERS_HAL/Driver_SAMD_PM.o
 .debug_loc     0x00000000000008ce       0x70 build/GameCat_R4/production/SAMD_DRIVERS_HAL/Driver_SAMD_ADC.o
 .debug_loc     0x000000000000093e       0x2c build/GameCat_R4/production/SAMD_DRIVERS_HAL/Driver_SAMD_PORT.o
 .debug_loc     0x000000000000096a      0x17c build/GameCat_R4/production/SAMD_DRIVERS_HAL/Driver_SAMD_SERCOM2_SPIM.o
 .debug_loc     0x0000000000000ae6      0x2b4 build/GameCat_R4/production/SAMD_DRIVERS_HAL/Driver_SAMD_SERCOM1_I2CM.o
 .debug_loc     0x0000000000000d9a      0x5e9 build/GameCat_R4/production/SAMD_FreeRTOS/queue.o
 .debug_loc     0x0000000000001383      0x230 build/GameCat_R4/production/SAMD_FreeRTOS/event_groups.o
 .debug_loc     0x00000000000015b3      0x118 build/GameCat_R4/production/SAMD_FreeRTOS/list.o
 .debug_loc     0x00000000000016cb      0x840 build/GameCat_R4/production/SAMD_FreeRTOS/tasks.o
 .debug_loc     0x0000000000001f0b      0x200 build/GameCat_R4/production/SAMD_FreeRTOS/Portable/MemMang/heap_4.o
 .debug_loc     0x000000000000210b      0x1dc build/GameCat_R4/production/SAMD_FreeRTOS/Portable/ARM_CM0/port.o
 .debug_loc     0x00000000000022e7       0x90 build/GameCat_R4/production/SAMD_INTERRUPTIONS/Interruption_TRAP.o
 .debug_loc     0x0000000000002377       0x2c build/GameCat_R4/production/SAMD_MAIN/Function_MAIN.o
 .debug_loc     0x00000000000023a3       0x38 build/GameCat_R4/production/SAMD_MAIN/Storage_DELAY.o
 .debug_loc     0x00000000000023db       0x38 build/GameCat_R4/production/SAMD_STREAMS/Stream_CTRL_LEDC.o
 .debug_loc     0x0000000000002413       0xe8 build/GameCat_R4/production/SAMD_TASK/Settings_TASKS.o
 .debug_loc     0x00000000000024fb       0x3a build/GameCat_R4/production/SAMD_TASK/Task_CTRL_LEDC.o
 .debug_loc     0x0000000000002535       0x38 build/GameCat_R4/production/SAMD_TASK/Task_CTRL_CANC.o
 .debug_loc     0x000000000000256d       0x38 build/GameCat_R4/production/SAMD_TASK/Task_EXEC_MUXC.o
 .debug_loc     0x00000000000025a5      0x17c build/GameCat_R4/production/SAMD_DRIVERS_HAL/Driver_SAMD_SERCOM3_SPIM.o
 .debug_loc     0x0000000000002721      0x17c build/GameCat_R4/production/SAMD_DRIVERS_HAL/Driver_SAMD_SERCOM4_SPIM.o
 .debug_loc     0x000000000000289d       0x14 /opt/microchip/xc32/v4.45/bin/bin/../../lib/gcc/pic32c/8.3.1/../../../../pic32c/lib/thumb/v6-m/nofp/libpic32c.a(data_init.o)
 .debug_loc     0x00000000000028b1      0x12d /opt/microchip/xc32/v4.45/bin/bin/../../lib/gcc/pic32c/8.3.1/../../../../pic32c/lib/thumb/v6-m/nofp/libc-size-musl.a(memcpy.o)
 .debug_loc     0x00000000000029de       0xcd /opt/microchip/xc32/v4.45/bin/bin/../../lib/gcc/pic32c/8.3.1/../../../../pic32c/lib/thumb/v6-m/nofp/libc-size-musl.a(memset.o)
 .debug_loc     0x0000000000002aab       0x5e /opt/microchip/xc32/v4.45/bin/bin/../../lib/gcc/pic32c/8.3.1/../../../../pic32c/lib/thumb/v6-m/nofp/libc-musl.a(__libc_start_main.o)
 .debug_loc     0x0000000000002b09       0x14 /opt/microchip/xc32/v4.45/bin/bin/../../lib/gcc/pic32c/8.3.1/../../../../pic32c/lib/thumb/v6-m/nofp/libpic32c.a(pic32_data_init_copy.o)

.debug_aranges  0x0000000000000000      0x4b8
 .debug_aranges
                0x0000000000000000       0x20 build/GameCat_R4/production/SAMD_CONTROL_HAL/Control_HAL_JOYSTICK.o
 .debug_aranges
                0x0000000000000020       0x20 build/GameCat_R4/production/SAMD_CONTROL_HAL/Control_HAL_SST25VF016.o
 .debug_aranges
                0x0000000000000040       0x20 build/GameCat_R4/production/SAMD_CONTROL_HAL/Control_HAL_23K256.o
 .debug_aranges
                0x0000000000000060       0x20 build/GameCat_R4/production/SAMD_CONTROL_HAL/Control_HAL_24CSM01.o
 .debug_aranges
                0x0000000000000080       0x20 build/GameCat_R4/production/SAMD_DRIVERS_HAL/Driver_SAMD_SYSCTRL.o
 .debug_aranges
                0x00000000000000a0       0x20 build/GameCat_R4/production/SAMD_DRIVERS_HAL/Driver_SAMD_GCLK.o
 .debug_aranges
                0x00000000000000c0       0x20 build/GameCat_R4/production/SAMD_DRIVERS_HAL/Driver_SAMD_PM.o
 .debug_aranges
                0x00000000000000e0       0x20 build/GameCat_R4/production/SAMD_DRIVERS_HAL/Driver_SAMD_ADC.o
 .debug_aranges
                0x0000000000000100       0x20 build/GameCat_R4/production/SAMD_DRIVERS_HAL/Driver_SAMD_PORT.o
 .debug_aranges
                0x0000000000000120       0x20 build/GameCat_R4/production/SAMD_DRIVERS_HAL/Driver_SAMD_SERCOM2_SPIM.o
 .debug_aranges
                0x0000000000000140       0x20 build/GameCat_R4/production/SAMD_DRIVERS_HAL/Driver_SAMD_SERCOM1_I2CM.o
 .debug_aranges
                0x0000000000000160       0x20 build/GameCat_R4/production/SAMD_FreeRTOS/queue.o
 .debug_aranges
                0x0000000000000180       0x20 build/GameCat_R4/production/SAMD_FreeRTOS/event_groups.o
 .debug_aranges
                0x00000000000001a0       0x20 build/GameCat_R4/production/SAMD_FreeRTOS/list.o
 .debug_aranges
                0x00000000000001c0       0x18 build/GameCat_R4/production/SAMD_FreeRTOS/timers.o
 .debug_aranges
                0x00000000000001d8       0x20 build/GameCat_R4/production/SAMD_FreeRTOS/tasks.o
 .debug_aranges
                0x00000000000001f8       0x20 build/GameCat_R4/production/SAMD_FreeRTOS/Portable/MemMang/heap_4.o
 .debug_aranges
                0x0000000000000218       0x20 build/GameCat_R4/production/SAMD_FreeRTOS/Portable/ARM_CM0/port.o
 .debug_aranges
                0x0000000000000238       0x20 build/GameCat_R4/production/SAMD_INTERRUPTIONS/Interruption_TRAP.o
 .debug_aranges
                0x0000000000000258       0x20 build/GameCat_R4/production/SAMD_MAIN/Function_MAIN.o
 .debug_aranges
                0x0000000000000278       0x20 build/GameCat_R4/production/SAMD_MAIN/Storage_DELAY.o
 .debug_aranges
                0x0000000000000298       0x20 build/GameCat_R4/production/SAMD_STREAMS/Stream_CTRL_LEDC.o
 .debug_aranges
                0x00000000000002b8       0x20 build/GameCat_R4/production/SAMD_TASK/Settings_TASKS.o
 .debug_aranges
                0x00000000000002d8       0x20 build/GameCat_R4/production/SAMD_TASK/Task_CTRL_LEDC.o
 .debug_aranges
                0x00000000000002f8       0x20 build/GameCat_R4/production/SAMD_TASK/Task_CTRL_CANC.o
 .debug_aranges
                0x0000000000000318       0x20 build/GameCat_R4/production/SAMD_TASK/Task_EXEC_MUXC.o
 .debug_aranges
                0x0000000000000338       0x20 build/GameCat_R4/production/SAMD_DRIVERS_HAL/Driver_SAMD_SERCOM3_SPIM.o
 .debug_aranges
                0x0000000000000358       0x20 build/GameCat_R4/production/SAMD_DRIVERS_HAL/Driver_SAMD_SERCOM4_SPIM.o
 .debug_aranges
                0x0000000000000378       0x28 /opt/microchip/xc32/v4.45/bin/bin/../../lib/gcc/pic32c/8.3.1/../../../../pic32c/lib/thumb/v6-m/nofp/libpic32c.a(data_init.o)
 .debug_aranges
                0x00000000000003a0       0x20 /opt/microchip/xc32/v4.45/bin/bin/../../lib/gcc/pic32c/8.3.1/../../../../pic32c/lib/thumb/v6-m/nofp/libc-size-musl.a(memcpy.o)
 .debug_aranges
                0x00000000000003c0       0x20 /opt/microchip/xc32/v4.45/bin/bin/../../lib/gcc/pic32c/8.3.1/../../../../pic32c/lib/thumb/v6-m/nofp/libc-size-musl.a(memset.o)
 .debug_aranges
                0x00000000000003e0       0x28 /opt/microchip/xc32/v4.45/bin/bin/../../lib/gcc/pic32c/8.3.1/../../../../pic32c/lib/thumb/v6-m/nofp/libc-musl.a(__libc_start_main.o)
 .debug_aranges
                0x0000000000000408       0x18 /opt/microchip/xc32/v4.45/bin/bin/../../lib/gcc/pic32c/8.3.1/../../../../pic32c/lib/thumb/v6-m/nofp/libc-musl.a(libc.o)
 .debug_aranges
                0x0000000000000420       0x18 /opt/microchip/xc32/v4.45/bin/bin/../../lib/gcc/pic32c/8.3.1/../../../../pic32c/lib/thumb/v6-m/nofp/libc-musl.a(__environ.o)
 .debug_aranges
                0x0000000000000438       0x20 /opt/microchip/xc32/v4.45/bin/bin/../../lib/gcc/pic32c/8.3.1/thumb/v6-m/nofp/libgcc.a(_udivsi3.o)
 .debug_aranges
                0x0000000000000458       0x20 /opt/microchip/xc32/v4.45/bin/bin/../../lib/gcc/pic32c/8.3.1/thumb/v6-m/nofp/libgcc.a(_dvmd_tls.o)
 .debug_aranges
                0x0000000000000478       0x20 /opt/microchip/xc32/v4.45/bin/bin/../../lib/gcc/pic32c/8.3.1/../../../../pic32c/lib/thumb/v6-m/nofp/libpic32c.a(pic32_data_init_clear.o)
 .debug_aranges
                0x0000000000000498       0x20 /opt/microchip/xc32/v4.45/bin/bin/../../lib/gcc/pic32c/8.3.1/../../../../pic32c/lib/thumb/v6-m/nofp/libpic32c.a(pic32_data_init_copy.o)

.debug_line     0x0000000000000000     0x4f75
 .debug_line    0x0000000000000000      0x1d1 build/GameCat_R4/production/SAMD_CONTROL_HAL/Control_HAL_JOYSTICK.o
 .debug_line    0x00000000000001d1      0x3c1 build/GameCat_R4/production/SAMD_CONTROL_HAL/Control_HAL_SST25VF016.o
 .debug_line    0x0000000000000592      0x23e build/GameCat_R4/production/SAMD_CONTROL_HAL/Control_HAL_23K256.o
 .debug_line    0x00000000000007d0      0x1cb build/GameCat_R4/production/SAMD_CONTROL_HAL/Control_HAL_24CSM01.o
 .debug_line    0x000000000000099b      0x147 build/GameCat_R4/production/SAMD_DRIVERS_HAL/Driver_SAMD_SYSCTRL.o
 .debug_line    0x0000000000000ae2      0x160 build/GameCat_R4/production/SAMD_DRIVERS_HAL/Driver_SAMD_GCLK.o
 .debug_line    0x0000000000000c42      0x11e build/GameCat_R4/production/SAMD_DRIVERS_HAL/Driver_SAMD_PM.o
 .debug_line    0x0000000000000d60      0x23a build/GameCat_R4/production/SAMD_DRIVERS_HAL/Driver_SAMD_ADC.o
 .debug_line    0x0000000000000f9a      0x2d7 build/GameCat_R4/production/SAMD_DRIVERS_HAL/Driver_SAMD_PORT.o
 .debug_line    0x0000000000001271      0x36c build/GameCat_R4/production/SAMD_DRIVERS_HAL/Driver_SAMD_SERCOM2_SPIM.o
 .debug_line    0x00000000000015dd      0x609 build/GameCat_R4/production/SAMD_DRIVERS_HAL/Driver_SAMD_SERCOM1_I2CM.o
 .debug_line    0x0000000000001be6      0x7f9 build/GameCat_R4/production/SAMD_FreeRTOS/queue.o
 .debug_line    0x00000000000023df      0x338 build/GameCat_R4/production/SAMD_FreeRTOS/event_groups.o
 .debug_line    0x0000000000002717      0x19a build/GameCat_R4/production/SAMD_FreeRTOS/list.o
 .debug_line    0x00000000000028b1       0x1d build/GameCat_R4/production/SAMD_FreeRTOS/timers.o
 .debug_line    0x00000000000028ce      0x80a build/GameCat_R4/production/SAMD_FreeRTOS/tasks.o
 .debug_line    0x00000000000030d8      0x395 build/GameCat_R4/production/SAMD_FreeRTOS/Portable/MemMang/heap_4.o
 .debug_line    0x000000000000346d      0x237 build/GameCat_R4/production/SAMD_FreeRTOS/Portable/ARM_CM0/port.o
 .debug_line    0x00000000000036a4      0x165 build/GameCat_R4/production/SAMD_INTERRUPTIONS/Interruption_TRAP.o
 .debug_line    0x0000000000003809       0x5d build/GameCat_R4/production/SAMD_MAIN/Function_MAIN.o
 .debug_line    0x0000000000003866       0x90 build/GameCat_R4/production/SAMD_MAIN/Storage_DELAY.o
 .debug_line    0x00000000000038f6      0x17b build/GameCat_R4/production/SAMD_STREAMS/Stream_CTRL_LEDC.o
 .debug_line    0x0000000000003a71      0x15c build/GameCat_R4/production/SAMD_TASK/Settings_TASKS.o
 .debug_line    0x0000000000003bcd      0x2c7 build/GameCat_R4/production/SAMD_TASK/Task_CTRL_LEDC.o
 .debug_line    0x0000000000003e94       0xc6 build/GameCat_R4/production/SAMD_TASK/Task_CTRL_CANC.o
 .debug_line    0x0000000000003f5a      0x148 build/GameCat_R4/production/SAMD_TASK/Task_EXEC_MUXC.o
 .debug_line    0x00000000000040a2      0x36c build/GameCat_R4/production/SAMD_DRIVERS_HAL/Driver_SAMD_SERCOM3_SPIM.o
 .debug_line    0x000000000000440e      0x36c build/GameCat_R4/production/SAMD_DRIVERS_HAL/Driver_SAMD_SERCOM4_SPIM.o
 .debug_line    0x000000000000477a        0x0 build/GameCat_R4/production/SAMD_CONTROL_HAL/Control_HAL_MCP2518FD.o
 .debug_line    0x000000000000477a       0x8e /opt/microchip/xc32/v4.45/bin/bin/../../lib/gcc/pic32c/8.3.1/../../../../pic32c/lib/thumb/v6-m/nofp/libpic32c.a(data_init.o)
 .debug_line    0x0000000000004808       0xee /opt/microchip/xc32/v4.45/bin/bin/../../lib/gcc/pic32c/8.3.1/../../../../pic32c/lib/thumb/v6-m/nofp/libc-size-musl.a(memcpy.o)
 .debug_line    0x00000000000048f6       0xe3 /opt/microchip/xc32/v4.45/bin/bin/../../lib/gcc/pic32c/8.3.1/../../../../pic32c/lib/thumb/v6-m/nofp/libc-size-musl.a(memset.o)
 .debug_line    0x00000000000049d9      0x1bc /opt/microchip/xc32/v4.45/bin/bin/../../lib/gcc/pic32c/8.3.1/../../../../pic32c/lib/thumb/v6-m/nofp/libc-musl.a(__libc_start_main.o)
 .debug_line    0x0000000000004b95       0xb5 /opt/microchip/xc32/v4.45/bin/bin/../../lib/gcc/pic32c/8.3.1/../../../../pic32c/lib/thumb/v6-m/nofp/libc-musl.a(libc.o)
 .debug_line    0x0000000000004c4a       0xfb /opt/microchip/xc32/v4.45/bin/bin/../../lib/gcc/pic32c/8.3.1/../../../../pic32c/lib/thumb/v6-m/nofp/libc-musl.a(__environ.o)
 .debug_line    0x0000000000004d45       0xa8 /opt/microchip/xc32/v4.45/bin/bin/../../lib/gcc/pic32c/8.3.1/thumb/v6-m/nofp/libgcc.a(_udivsi3.o)
 .debug_line    0x0000000000004ded       0x91 /opt/microchip/xc32/v4.45/bin/bin/../../lib/gcc/pic32c/8.3.1/thumb/v6-m/nofp/libgcc.a(_dvmd_tls.o)
 .debug_line    0x0000000000004e7e       0x6f /opt/microchip/xc32/v4.45/bin/bin/../../lib/gcc/pic32c/8.3.1/../../../../pic32c/lib/thumb/v6-m/nofp/libpic32c.a(pic32_data_init_clear.o)
 .debug_line    0x0000000000004eed       0x88 /opt/microchip/xc32/v4.45/bin/bin/../../lib/gcc/pic32c/8.3.1/../../../../pic32c/lib/thumb/v6-m/nofp/libpic32c.a(pic32_data_init_copy.o)

.debug_str      0x0000000000000000     0xa142
 .debug_str     0x0000000000000000      0x3cb build/GameCat_R4/production/SAMD_CONTROL_HAL/Control_HAL_JOYSTICK.o
 .debug_str     0x00000000000003cb      0x75e build/GameCat_R4/production/SAMD_CONTROL_HAL/Control_HAL_SST25VF016.o
 .debug_str     0x0000000000000b29      0x47f build/GameCat_R4/production/SAMD_CONTROL_HAL/Control_HAL_23K256.o
 .debug_str     0x0000000000000fa8      0x363 build/GameCat_R4/production/SAMD_CONTROL_HAL/Control_HAL_24CSM01.o
 .debug_str     0x000000000000130b      0x421 build/GameCat_R4/production/SAMD_DRIVERS_HAL/Driver_SAMD_SYSCTRL.o
 .debug_str     0x000000000000172c      0x2c4 build/GameCat_R4/production/SAMD_DRIVERS_HAL/Driver_SAMD_GCLK.o
 .debug_str     0x00000000000019f0      0x3e5 build/GameCat_R4/production/SAMD_DRIVERS_HAL/Driver_SAMD_PM.o
 .debug_str     0x0000000000001dd5      0x546 build/GameCat_R4/production/SAMD_DRIVERS_HAL/Driver_SAMD_ADC.o
 .debug_str     0x000000000000231b      0x404 build/GameCat_R4/production/SAMD_DRIVERS_HAL/Driver_SAMD_PORT.o
 .debug_str     0x000000000000271f      0x7e4 build/GameCat_R4/production/SAMD_DRIVERS_HAL/Driver_SAMD_SERCOM2_SPIM.o
 .debug_str     0x0000000000002f03      0x8c3 build/GameCat_R4/production/SAMD_DRIVERS_HAL/Driver_SAMD_SERCOM1_I2CM.o
 .debug_str     0x00000000000037c6      0x84c build/GameCat_R4/production/SAMD_FreeRTOS/queue.o
 .debug_str     0x0000000000004012      0x585 build/GameCat_R4/production/SAMD_FreeRTOS/event_groups.o
 .debug_str     0x0000000000004597      0x36a build/GameCat_R4/production/SAMD_FreeRTOS/list.o
 .debug_str     0x0000000000004901      0x234 build/GameCat_R4/production/SAMD_FreeRTOS/timers.o
 .debug_str     0x0000000000004b35      0xb5f build/GameCat_R4/production/SAMD_FreeRTOS/tasks.o
 .debug_str     0x0000000000005694      0x54f build/GameCat_R4/production/SAMD_FreeRTOS/Portable/MemMang/heap_4.o
 .debug_str     0x0000000000005be3      0x3dd build/GameCat_R4/production/SAMD_FreeRTOS/Portable/ARM_CM0/port.o
 .debug_str     0x0000000000005fc0      0x2a9 build/GameCat_R4/production/SAMD_INTERRUPTIONS/Interruption_TRAP.o
 .debug_str     0x0000000000006269      0x23c build/GameCat_R4/production/SAMD_MAIN/Function_MAIN.o
 .debug_str     0x00000000000064a5      0x255 build/GameCat_R4/production/SAMD_MAIN/Storage_DELAY.o
 .debug_str     0x00000000000066fa      0x47f build/GameCat_R4/production/SAMD_STREAMS/Stream_CTRL_LEDC.o
 .debug_str     0x0000000000006b79      0x417 build/GameCat_R4/production/SAMD_TASK/Settings_TASKS.o
 .debug_str     0x0000000000006f90      0x5b4 build/GameCat_R4/production/SAMD_TASK/Task_CTRL_LEDC.o
 .debug_str     0x0000000000007544      0x27b build/GameCat_R4/production/SAMD_TASK/Task_CTRL_CANC.o
 .debug_str     0x00000000000077bf      0x362 build/GameCat_R4/production/SAMD_TASK/Task_EXEC_MUXC.o
 .debug_str     0x0000000000007b21      0x7e4 build/GameCat_R4/production/SAMD_DRIVERS_HAL/Driver_SAMD_SERCOM3_SPIM.o
 .debug_str     0x0000000000008305      0x7e4 build/GameCat_R4/production/SAMD_DRIVERS_HAL/Driver_SAMD_SERCOM4_SPIM.o
 .debug_str     0x0000000000008ae9      0x1b0 build/GameCat_R4/production/SAMD_CONTROL_HAL/Control_HAL_MCP2518FD.o
 .debug_str     0x0000000000008c99      0x1eb /opt/microchip/xc32/v4.45/bin/bin/../../lib/gcc/pic32c/8.3.1/../../../../pic32c/lib/thumb/v6-m/nofp/libpic32c.a(data_init.o)
 .debug_str     0x0000000000008e84      0x225 /opt/microchip/xc32/v4.45/bin/bin/../../lib/gcc/pic32c/8.3.1/../../../../pic32c/lib/thumb/v6-m/nofp/libc-size-musl.a(memcpy.o)
 .debug_str     0x00000000000090a9      0x211 /opt/microchip/xc32/v4.45/bin/bin/../../lib/gcc/pic32c/8.3.1/../../../../pic32c/lib/thumb/v6-m/nofp/libc-size-musl.a(memset.o)
 .debug_str     0x00000000000092ba      0x3ca /opt/microchip/xc32/v4.45/bin/bin/../../lib/gcc/pic32c/8.3.1/../../../../pic32c/lib/thumb/v6-m/nofp/libc-musl.a(__libc_start_main.o)
 .debug_str     0x0000000000009684      0x335 /opt/microchip/xc32/v4.45/bin/bin/../../lib/gcc/pic32c/8.3.1/../../../../pic32c/lib/thumb/v6-m/nofp/libc-musl.a(libc.o)
 .debug_str     0x00000000000099b9      0x235 /opt/microchip/xc32/v4.45/bin/bin/../../lib/gcc/pic32c/8.3.1/../../../../pic32c/lib/thumb/v6-m/nofp/libc-musl.a(__environ.o)
 .debug_str     0x0000000000009bee       0xd6 /opt/microchip/xc32/v4.45/bin/bin/../../lib/gcc/pic32c/8.3.1/thumb/v6-m/nofp/libgcc.a(_udivsi3.o)
 .debug_str     0x0000000000009cc4       0xd6 /opt/microchip/xc32/v4.45/bin/bin/../../lib/gcc/pic32c/8.3.1/thumb/v6-m/nofp/libgcc.a(_dvmd_tls.o)
 .debug_str     0x0000000000009d9a      0x1d5 /opt/microchip/xc32/v4.45/bin/bin/../../lib/gcc/pic32c/8.3.1/../../../../pic32c/lib/thumb/v6-m/nofp/libpic32c.a(pic32_data_init_clear.o)
 .debug_str     0x0000000000009f6f      0x1d3 /opt/microchip/xc32/v4.45/bin/bin/../../lib/gcc/pic32c/8.3.1/../../../../pic32c/lib/thumb/v6-m/nofp/libpic32c.a(pic32_data_init_copy.o)

.debug_frame    0x0000000000000000     0x1ae0
 .debug_frame   0x0000000000000000       0x30 build/GameCat_R4/production/SAMD_CONTROL_HAL/Control_HAL_JOYSTICK.o
 .debug_frame   0x0000000000000030      0x2d8 build/GameCat_R4/production/SAMD_CONTROL_HAL/Control_HAL_SST25VF016.o
 .debug_frame   0x0000000000000308      0x150 build/GameCat_R4/production/SAMD_CONTROL_HAL/Control_HAL_23K256.o
 .debug_frame   0x0000000000000458       0xd0 build/GameCat_R4/production/SAMD_CONTROL_HAL/Control_HAL_24CSM01.o
 .debug_frame   0x0000000000000528       0x2c build/GameCat_R4/production/SAMD_DRIVERS_HAL/Driver_SAMD_SYSCTRL.o
 .debug_frame   0x0000000000000554       0x2c build/GameCat_R4/production/SAMD_DRIVERS_HAL/Driver_SAMD_GCLK.o
 .debug_frame   0x0000000000000580       0x2c build/GameCat_R4/production/SAMD_DRIVERS_HAL/Driver_SAMD_PM.o
 .debug_frame   0x00000000000005ac       0x50 build/GameCat_R4/production/SAMD_DRIVERS_HAL/Driver_SAMD_ADC.o
 .debug_frame   0x00000000000005fc       0x2c build/GameCat_R4/production/SAMD_DRIVERS_HAL/Driver_SAMD_PORT.o
 .debug_frame   0x0000000000000628       0xec build/GameCat_R4/production/SAMD_DRIVERS_HAL/Driver_SAMD_SERCOM2_SPIM.o
 .debug_frame   0x0000000000000714      0x1a4 build/GameCat_R4/production/SAMD_DRIVERS_HAL/Driver_SAMD_SERCOM1_I2CM.o
 .debug_frame   0x00000000000008b8      0x378 build/GameCat_R4/production/SAMD_FreeRTOS/queue.o
 .debug_frame   0x0000000000000c30      0x150 build/GameCat_R4/production/SAMD_FreeRTOS/event_groups.o
 .debug_frame   0x0000000000000d80       0xb0 build/GameCat_R4/production/SAMD_FreeRTOS/list.o
 .debug_frame   0x0000000000000e30      0x4d8 build/GameCat_R4/production/SAMD_FreeRTOS/tasks.o
 .debug_frame   0x0000000000001308      0x140 build/GameCat_R4/production/SAMD_FreeRTOS/Portable/MemMang/heap_4.o
 .debug_frame   0x0000000000001448      0x174 build/GameCat_R4/production/SAMD_FreeRTOS/Portable/ARM_CM0/port.o
 .debug_frame   0x00000000000015bc       0x68 build/GameCat_R4/production/SAMD_INTERRUPTIONS/Interruption_TRAP.o
 .debug_frame   0x0000000000001624       0x2c build/GameCat_R4/production/SAMD_MAIN/Function_MAIN.o
 .debug_frame   0x0000000000001650       0x30 build/GameCat_R4/production/SAMD_MAIN/Storage_DELAY.o
 .debug_frame   0x0000000000001680       0x30 build/GameCat_R4/production/SAMD_STREAMS/Stream_CTRL_LEDC.o
 .debug_frame   0x00000000000016b0       0xa0 build/GameCat_R4/production/SAMD_TASK/Settings_TASKS.o
 .debug_frame   0x0000000000001750       0x34 build/GameCat_R4/production/SAMD_TASK/Task_CTRL_LEDC.o
 .debug_frame   0x0000000000001784       0x30 build/GameCat_R4/production/SAMD_TASK/Task_CTRL_CANC.o
 .debug_frame   0x00000000000017b4       0x34 build/GameCat_R4/production/SAMD_TASK/Task_EXEC_MUXC.o
 .debug_frame   0x00000000000017e8       0xec build/GameCat_R4/production/SAMD_DRIVERS_HAL/Driver_SAMD_SERCOM3_SPIM.o
 .debug_frame   0x00000000000018d4       0xec build/GameCat_R4/production/SAMD_DRIVERS_HAL/Driver_SAMD_SERCOM4_SPIM.o
 .debug_frame   0x00000000000019c0       0x38 /opt/microchip/xc32/v4.45/bin/bin/../../lib/gcc/pic32c/8.3.1/../../../../pic32c/lib/thumb/v6-m/nofp/libpic32c.a(data_init.o)
 .debug_frame   0x00000000000019f8       0x28 /opt/microchip/xc32/v4.45/bin/bin/../../lib/gcc/pic32c/8.3.1/../../../../pic32c/lib/thumb/v6-m/nofp/libc-size-musl.a(memcpy.o)
 .debug_frame   0x0000000000001a20       0x20 /opt/microchip/xc32/v4.45/bin/bin/../../lib/gcc/pic32c/8.3.1/../../../../pic32c/lib/thumb/v6-m/nofp/libc-size-musl.a(memset.o)
 .debug_frame   0x0000000000001a40       0x38 /opt/microchip/xc32/v4.45/bin/bin/../../lib/gcc/pic32c/8.3.1/../../../../pic32c/lib/thumb/v6-m/nofp/libc-musl.a(__libc_start_main.o)
 .debug_frame   0x0000000000001a78       0x20 /opt/microchip/xc32/v4.45/bin/bin/../../lib/gcc/pic32c/8.3.1/thumb/v6-m/nofp/libgcc.a(_udivsi3.o)
 .debug_frame   0x0000000000001a98       0x20 /opt/microchip/xc32/v4.45/bin/bin/../../lib/gcc/pic32c/8.3.1/../../../../pic32c/lib/thumb/v6-m/nofp/libpic32c.a(pic32_data_init_clear.o)
 .debug_frame   0x0000000000001ab8       0x28 /opt/microchip/xc32/v4.45/bin/bin/../../lib/gcc/pic32c/8.3.1/../../../../pic32c/lib/thumb/v6-m/nofp/libpic32c.a(pic32_data_init_copy.o)

.debug_ranges   0x0000000000000000       0x98
 .debug_ranges  0x0000000000000000       0x10 build/GameCat_R4/production/SAMD_MAIN/Storage_DELAY.o
 .debug_ranges  0x0000000000000010       0x18 /opt/microchip/xc32/v4.45/bin/bin/../../lib/gcc/pic32c/8.3.1/../../../../pic32c/lib/thumb/v6-m/nofp/libpic32c.a(data_init.o)
 .debug_ranges  0x0000000000000028       0x10 /opt/microchip/xc32/v4.45/bin/bin/../../lib/gcc/pic32c/8.3.1/../../../../pic32c/lib/thumb/v6-m/nofp/libc-size-musl.a(memcpy.o)
 .debug_ranges  0x0000000000000038       0x10 /opt/microchip/xc32/v4.45/bin/bin/../../lib/gcc/pic32c/8.3.1/../../../../pic32c/lib/thumb/v6-m/nofp/libc-size-musl.a(memset.o)
 .debug_ranges  0x0000000000000048       0x30 /opt/microchip/xc32/v4.45/bin/bin/../../lib/gcc/pic32c/8.3.1/../../../../pic32c/lib/thumb/v6-m/nofp/libc-musl.a(__libc_start_main.o)
 .debug_ranges  0x0000000000000078       0x10 /opt/microchip/xc32/v4.45/bin/bin/../../lib/gcc/pic32c/8.3.1/../../../../pic32c/lib/thumb/v6-m/nofp/libpic32c.a(pic32_data_init_clear.o)
 .debug_ranges  0x0000000000000088       0x10 /opt/microchip/xc32/v4.45/bin/bin/../../lib/gcc/pic32c/8.3.1/../../../../pic32c/lib/thumb/v6-m/nofp/libpic32c.a(pic32_data_init_copy.o)

.note.GNU-stack
                0x0000000000000000        0x0
 .note.GNU-stack
                0x0000000000000000        0x0 /opt/microchip/xc32/v4.45/bin/bin/../../lib/gcc/pic32c/8.3.1/../../../../pic32c/lib/thumb/v6-m/nofp/libc-size-musl.a(memcpy.o)
 .note.GNU-stack
                0x0000000000000000        0x0 /opt/microchip/xc32/v4.45/bin/bin/../../lib/gcc/pic32c/8.3.1/../../../../pic32c/lib/thumb/v6-m/nofp/libc-size-musl.a(memset.o)
 .note.GNU-stack
                0x0000000000000000        0x0 /opt/microchip/xc32/v4.45/bin/bin/../../lib/gcc/pic32c/8.3.1/../../../../pic32c/lib/thumb/v6-m/nofp/libc-musl.a(__libc_start_main.o)
 .note.GNU-stack
                0x0000000000000000        0x0 /opt/microchip/xc32/v4.45/bin/bin/../../lib/gcc/pic32c/8.3.1/../../../../pic32c/lib/thumb/v6-m/nofp/libc-musl.a(libc.o)
 .note.GNU-stack
                0x0000000000000000        0x0 /opt/microchip/xc32/v4.45/bin/bin/../../lib/gcc/pic32c/8.3.1/../../../../pic32c/lib/thumb/v6-m/nofp/libc-musl.a(__environ.o)

.stack          0x00000000200012e8      0x100
 .stack         0x00000000200012e8      0x100 stack

.bss%1          0x0000000020000000     0x101c
 .bss           0x0000000020000000     0x101c build/GameCat_R4/production/SAMD_FreeRTOS/Portable/MemMang/heap_4.o

.bss%2          0x000000002000101c      0x188
 .bss           0x000000002000101c      0x188 build/GameCat_R4/production/SAMD_FreeRTOS/tasks.o
                0x000000002000101c                pxCurrentTCB

.bss%3          0x00000000200011a4       0x50
 .bss           0x00000000200011a4       0x50 /opt/microchip/xc32/v4.45/bin/bin/../../lib/gcc/pic32c/8.3.1/../../../../pic32c/lib/thumb/v6-m/nofp/libc-musl.a(libc.o)
                0x00000000200011a4                program_invocation_name
                0x00000000200011a4                __progname_full
                0x00000000200011a8                __progname
                0x00000000200011a8                program_invocation_short_name
                0x00000000200011ac                __sysinfo
                0x00000000200011b0                __hwcap
                0x00000000200011b4                __libc

.bss%4          0x00000000200011f4       0x24
 .bss           0x00000000200011f4       0x24 build/GameCat_R4/production/SAMD_TASK/Settings_TASKS.o
                0x00000000200011f4                xStatementSystemOS

.bss%5          0x0000000020001218       0x1c
 .bss           0x0000000020001218       0x1c /opt/microchip/xc32/v4.45/bin/bin/../../lib/gcc/pic32c/8.3.1/thumb/v6-m/nofp/crtbegin.o

.bss%6          0x0000000020001234        0x4
 .bss           0x0000000020001234        0x4 /opt/microchip/xc32/v4.45/bin/bin/../../lib/gcc/pic32c/8.3.1/../../../../pic32c/lib/thumb/v6-m/nofp/libpic32c.a(data_init.o)

.bss%7          0x0000000020001238        0x4
 .bss           0x0000000020001238        0x4 /opt/microchip/xc32/v4.45/bin/bin/../../lib/gcc/pic32c/8.3.1/../../../../pic32c/lib/thumb/v6-m/nofp/libc-musl.a(__environ.o)
                0x0000000020001238                _environ
                0x0000000020001238                __environ
                0x0000000020001238                environ
                0x0000000020001238                ___environ

.bss%z1         0x0000000000000000        0x0
 .bss           0x0000000000000000        0x0 /opt/microchip/xc32/v4.45/bin/bin/../../lib/gcc/pic32c/8.3.1/../../../../pic32c/lib/thumb/v6-m/nofp/libpic32c.a(pic32_data_init_copy.o)

.bss%z2         0x0000000000000000        0x0
 .bss           0x0000000000000000        0x0 /opt/microchip/xc32/v4.45/bin/bin/../../lib/gcc/pic32c/8.3.1/../../../../pic32c/lib/thumb/v6-m/nofp/libpic32c.a(pic32_data_init_clear.o)

.bss%z3         0x0000000000000000        0x0
 .bss           0x0000000000000000        0x0 /opt/microchip/xc32/v4.45/bin/bin/../../lib/gcc/pic32c/8.3.1/thumb/v6-m/nofp/crtn.o

.bss%z4         0x0000000000000000        0x0
 .bss           0x0000000000000000        0x0 /opt/microchip/xc32/v4.45/bin/bin/../../lib/gcc/pic32c/8.3.1/thumb/v6-m/nofp/crtend.o

.bss%z5         0x0000000000000000        0x0
 .bss           0x0000000000000000        0x0 /opt/microchip/xc32/v4.45/bin/bin/../../lib/gcc/pic32c/8.3.1/thumb/v6-m/nofp/libgcc.a(_dvmd_tls.o)

.bss%z6         0x0000000000000000        0x0
 .bss           0x0000000000000000        0x0 /opt/microchip/xc32/v4.45/bin/bin/../../lib/gcc/pic32c/8.3.1/thumb/v6-m/nofp/libgcc.a(_udivsi3.o)

.bss%z7         0x0000000000000000        0x0
 .bss           0x0000000000000000        0x0 /opt/microchip/xc32/v4.45/bin/bin/../../lib/gcc/pic32c/8.3.1/../../../../pic32c/lib/thumb/v6-m/nofp/libc-musl.a(__libc_start_main.o)

.bss%z8         0x0000000000000000        0x0
 .bss           0x0000000000000000        0x0 /opt/microchip/xc32/v4.45/bin/bin/../../lib/gcc/pic32c/8.3.1/../../../../pic32c/lib/thumb/v6-m/nofp/libc-size-musl.a(memset.o)

.bss%z9         0x0000000000000000        0x0
 .bss           0x0000000000000000        0x0 /opt/microchip/xc32/v4.45/bin/bin/../../lib/gcc/pic32c/8.3.1/../../../../pic32c/lib/thumb/v6-m/nofp/libc-size-musl.a(memcpy.o)

.bss%z10        0x0000000000000000        0x0
 .bss           0x0000000000000000        0x0 /tmp/cc8Otgs8.o

.bss%z11        0x0000000000000000        0x0
 .bss           0x0000000000000000        0x0 build/GameCat_R4/production/SAMD_CONTROL_HAL/Control_HAL_MCP2518FD.o

.bss%z12        0x0000000000000000        0x0
 .bss           0x0000000000000000        0x0 build/GameCat_R4/production/SAMD_DRIVERS_HAL/Driver_SAMD_SERCOM4_SPIM.o

.bss%z13        0x0000000000000000        0x0
 .bss           0x0000000000000000        0x0 build/GameCat_R4/production/SAMD_DRIVERS_HAL/Driver_SAMD_SERCOM3_SPIM.o

.bss%z14        0x0000000000000000        0x0
 .bss           0x0000000000000000        0x0 build/GameCat_R4/production/SAMD_TASK/Task_EXEC_MUXC.o

.bss%z15        0x0000000000000000        0x0
 .bss           0x0000000000000000        0x0 build/GameCat_R4/production/SAMD_TASK/Task_CTRL_CANC.o

.bss%z16        0x0000000000000000        0x0
 .bss           0x0000000000000000        0x0 build/GameCat_R4/production/SAMD_TASK/Task_CTRL_LEDC.o

.bss%z17        0x0000000000000000        0x0
 .bss           0x0000000000000000        0x0 build/GameCat_R4/production/SAMD_STREAMS/Stream_CTRL_LEDC.o

.bss%z18        0x0000000000000000        0x0
 .bss           0x0000000000000000        0x0 build/GameCat_R4/production/SAMD_MAIN/Storage_DELAY.o

.bss%z19        0x0000000000000000        0x0
 .bss           0x0000000000000000        0x0 build/GameCat_R4/production/SAMD_MAIN/Function_MAIN.o

.bss%z20        0x0000000000000000        0x0
 .bss           0x0000000000000000        0x0 build/GameCat_R4/production/SAMD_INTERRUPTIONS/Interruption_TRAP.o

.bss%z21        0x0000000000000000        0x0
 .bss           0x0000000000000000        0x0 build/GameCat_R4/production/SAMD_FreeRTOS/Portable/ARM_CM0/port.o

.bss%z22        0x0000000000000000        0x0
 .bss           0x0000000000000000        0x0 build/GameCat_R4/production/SAMD_FreeRTOS/timers.o

.bss%z23        0x0000000000000000        0x0
 .bss           0x0000000000000000        0x0 build/GameCat_R4/production/SAMD_FreeRTOS/list.o

.bss%z24        0x0000000000000000        0x0
 .bss           0x0000000000000000        0x0 build/GameCat_R4/production/SAMD_FreeRTOS/event_groups.o

.bss%z25        0x0000000000000000        0x0
 .bss           0x0000000000000000        0x0 build/GameCat_R4/production/SAMD_FreeRTOS/queue.o

.bss%z26        0x0000000000000000        0x0
 .bss           0x0000000000000000        0x0 build/GameCat_R4/production/SAMD_DRIVERS_HAL/Driver_SAMD_SERCOM1_I2CM.o

.bss%z27        0x0000000000000000        0x0
 .bss           0x0000000000000000        0x0 build/GameCat_R4/production/SAMD_DRIVERS_HAL/Driver_SAMD_SERCOM2_SPIM.o

.bss%z28        0x0000000000000000        0x0
 .bss           0x0000000000000000        0x0 build/GameCat_R4/production/SAMD_DRIVERS_HAL/Driver_SAMD_PORT.o

.bss%z29        0x0000000000000000        0x0
 .bss           0x0000000000000000        0x0 build/GameCat_R4/production/SAMD_DRIVERS_HAL/Driver_SAMD_ADC.o

.bss%z30        0x0000000000000000        0x0
 .bss           0x0000000000000000        0x0 build/GameCat_R4/production/SAMD_DRIVERS_HAL/Driver_SAMD_PM.o

.bss%z31        0x0000000000000000        0x0
 .bss           0x0000000000000000        0x0 build/GameCat_R4/production/SAMD_DRIVERS_HAL/Driver_SAMD_GCLK.o

.bss%z32        0x0000000000000000        0x0
 .bss           0x0000000000000000        0x0 build/GameCat_R4/production/SAMD_DRIVERS_HAL/Driver_SAMD_SYSCTRL.o

.bss%z33        0x0000000000000000        0x0
 .bss           0x0000000000000000        0x0 build/GameCat_R4/production/SAMD_CONTROL_HAL/Control_HAL_24CSM01.o

.bss%z34        0x0000000000000000        0x0
 .bss           0x0000000000000000        0x0 build/GameCat_R4/production/SAMD_CONTROL_HAL/Control_HAL_23K256.o

.bss%z35        0x0000000000000000        0x0
 .bss           0x0000000000000000        0x0 build/GameCat_R4/production/SAMD_CONTROL_HAL/Control_HAL_SST25VF016.o

.bss%z36        0x0000000000000000        0x0
 .bss           0x0000000000000000        0x0 build/GameCat_R4/production/SAMD_CONTROL_HAL/Control_HAL_JOYSTICK.o

.bss%z37        0x0000000000000000        0x0
 .bss           0x0000000000000000        0x0 /opt/microchip/xc32/v4.45/bin/bin/../../lib/gcc/pic32c/8.3.1/thumb/v6-m/nofp/crti.o

.data%8         0x000000002000123c        0x4
 .data          0x000000002000123c        0x4 /opt/microchip/xc32/v4.45/bin/bin/../../lib/gcc/pic32c/8.3.1/thumb/v6-m/nofp/crtbegin.o
                0x000000002000123c                __dso_handle

.data%9         0x0000000020001240        0x4
 .data          0x0000000020001240        0x4 build/GameCat_R4/production/SAMD_FreeRTOS/tasks.o

.data%10        0x0000000020001244        0x4
 .data          0x0000000020001244        0x4 build/GameCat_R4/production/SAMD_FreeRTOS/Portable/ARM_CM0/port.o

.eh_frame%11    0x0000000020001248        0x4
 .eh_frame      0x0000000020001248        0x4 /opt/microchip/xc32/v4.45/bin/bin/../../lib/gcc/pic32c/8.3.1/thumb/v6-m/nofp/crtend.o

.data%z38       0x0000000000000000        0x0
 .data          0x0000000000000000        0x0 /opt/microchip/xc32/v4.45/bin/bin/../../lib/gcc/pic32c/8.3.1/../../../../pic32c/lib/thumb/v6-m/nofp/libpic32c.a(pic32_data_init_copy.o)

.data%z39       0x0000000000000000        0x0
 .data          0x0000000000000000        0x0 /opt/microchip/xc32/v4.45/bin/bin/../../lib/gcc/pic32c/8.3.1/../../../../pic32c/lib/thumb/v6-m/nofp/libpic32c.a(pic32_data_init_clear.o)

.data%z40       0x0000000000000000        0x0
 .data          0x0000000000000000        0x0 /opt/microchip/xc32/v4.45/bin/bin/../../lib/gcc/pic32c/8.3.1/thumb/v6-m/nofp/crtn.o

.data%z41       0x0000000000000000        0x0
 .data          0x0000000000000000        0x0 /opt/microchip/xc32/v4.45/bin/bin/../../lib/gcc/pic32c/8.3.1/thumb/v6-m/nofp/crtend.o

.data%z42       0x0000000000000000        0x0
 .data          0x0000000000000000        0x0 /opt/microchip/xc32/v4.45/bin/bin/../../lib/gcc/pic32c/8.3.1/thumb/v6-m/nofp/libgcc.a(_dvmd_tls.o)

.data%z43       0x0000000000000000        0x0
 .data          0x0000000000000000        0x0 /opt/microchip/xc32/v4.45/bin/bin/../../lib/gcc/pic32c/8.3.1/thumb/v6-m/nofp/libgcc.a(_udivsi3.o)

.data%z44       0x0000000000000000        0x0
 .data          0x0000000000000000        0x0 /opt/microchip/xc32/v4.45/bin/bin/../../lib/gcc/pic32c/8.3.1/../../../../pic32c/lib/thumb/v6-m/nofp/libc-musl.a(__environ.o)

.data%z45       0x0000000000000000        0x0
 .data          0x0000000000000000        0x0 /opt/microchip/xc32/v4.45/bin/bin/../../lib/gcc/pic32c/8.3.1/../../../../pic32c/lib/thumb/v6-m/nofp/libc-musl.a(libc.o)

.data%z46       0x0000000000000000        0x0
 .data          0x0000000000000000        0x0 /opt/microchip/xc32/v4.45/bin/bin/../../lib/gcc/pic32c/8.3.1/../../../../pic32c/lib/thumb/v6-m/nofp/libc-musl.a(__libc_start_main.o)

.data%z47       0x0000000000000000        0x0
 .data          0x0000000000000000        0x0 /opt/microchip/xc32/v4.45/bin/bin/../../lib/gcc/pic32c/8.3.1/../../../../pic32c/lib/thumb/v6-m/nofp/libc-size-musl.a(memset.o)

.data%z48       0x0000000000000000        0x0
 .data          0x0000000000000000        0x0 /opt/microchip/xc32/v4.45/bin/bin/../../lib/gcc/pic32c/8.3.1/../../../../pic32c/lib/thumb/v6-m/nofp/libc-size-musl.a(memcpy.o)

.data%z49       0x0000000000000000        0x0
 .data          0x0000000000000000        0x0 /opt/microchip/xc32/v4.45/bin/bin/../../lib/gcc/pic32c/8.3.1/../../../../pic32c/lib/thumb/v6-m/nofp/libpic32c.a(data_init.o)

.data%z50       0x0000000000000000        0x0
 .data          0x0000000000000000        0x0 /tmp/cc8Otgs8.o

.data%z51       0x0000000000000000        0x0
 .data          0x0000000000000000        0x0 build/GameCat_R4/production/SAMD_CONTROL_HAL/Control_HAL_MCP2518FD.o

.data%z52       0x0000000000000000        0x0
 .data          0x0000000000000000        0x0 build/GameCat_R4/production/SAMD_DRIVERS_HAL/Driver_SAMD_SERCOM4_SPIM.o

.data%z53       0x0000000000000000        0x0
 .data          0x0000000000000000        0x0 build/GameCat_R4/production/SAMD_DRIVERS_HAL/Driver_SAMD_SERCOM3_SPIM.o

.data%z54       0x0000000000000000        0x0
 .data          0x0000000000000000        0x0 build/GameCat_R4/production/SAMD_TASK/Task_EXEC_MUXC.o

.data%z55       0x0000000000000000        0x0
 .data          0x0000000000000000        0x0 build/GameCat_R4/production/SAMD_TASK/Task_CTRL_CANC.o

.data%z56       0x0000000000000000        0x0
 .data          0x0000000000000000        0x0 build/GameCat_R4/production/SAMD_TASK/Task_CTRL_LEDC.o

.data%z57       0x0000000000000000        0x0
 .data          0x0000000000000000        0x0 build/GameCat_R4/production/SAMD_TASK/Settings_TASKS.o

.data%z58       0x0000000000000000        0x0
 .data          0x0000000000000000        0x0 build/GameCat_R4/production/SAMD_STREAMS/Stream_CTRL_LEDC.o

.data%z59       0x0000000000000000        0x0
 .data          0x0000000000000000        0x0 build/GameCat_R4/production/SAMD_MAIN/Storage_DELAY.o

.data%z60       0x0000000000000000        0x0
 .data          0x0000000000000000        0x0 build/GameCat_R4/production/SAMD_MAIN/Function_MAIN.o

.data%z61       0x0000000000000000        0x0
 .data          0x0000000000000000        0x0 build/GameCat_R4/production/SAMD_INTERRUPTIONS/Interruption_TRAP.o

.data%z62       0x0000000000000000        0x0
 .data          0x0000000000000000        0x0 build/GameCat_R4/production/SAMD_FreeRTOS/Portable/MemMang/heap_4.o

.data%z63       0x0000000000000000        0x0
 .data          0x0000000000000000        0x0 build/GameCat_R4/production/SAMD_FreeRTOS/timers.o

.data%z64       0x0000000000000000        0x0
 .data          0x0000000000000000        0x0 build/GameCat_R4/production/SAMD_FreeRTOS/list.o

.data%z65       0x0000000000000000        0x0
 .data          0x0000000000000000        0x0 build/GameCat_R4/production/SAMD_FreeRTOS/event_groups.o

.data%z66       0x0000000000000000        0x0
 .data          0x0000000000000000        0x0 build/GameCat_R4/production/SAMD_FreeRTOS/queue.o

.data%z67       0x0000000000000000        0x0
 .data          0x0000000000000000        0x0 build/GameCat_R4/production/SAMD_DRIVERS_HAL/Driver_SAMD_SERCOM1_I2CM.o

.data%z68       0x0000000000000000        0x0
 .data          0x0000000000000000        0x0 build/GameCat_R4/production/SAMD_DRIVERS_HAL/Driver_SAMD_SERCOM2_SPIM.o

.data%z69       0x0000000000000000        0x0
 .data          0x0000000000000000        0x0 build/GameCat_R4/production/SAMD_DRIVERS_HAL/Driver_SAMD_PORT.o

.data%z70       0x0000000000000000        0x0
 .data          0x0000000000000000        0x0 build/GameCat_R4/production/SAMD_DRIVERS_HAL/Driver_SAMD_ADC.o

.data%z71       0x0000000000000000        0x0
 .data          0x0000000000000000        0x0 build/GameCat_R4/production/SAMD_DRIVERS_HAL/Driver_SAMD_PM.o

.data%z72       0x0000000000000000        0x0
 .data          0x0000000000000000        0x0 build/GameCat_R4/production/SAMD_DRIVERS_HAL/Driver_SAMD_GCLK.o

.data%z73       0x0000000000000000        0x0
 .data          0x0000000000000000        0x0 build/GameCat_R4/production/SAMD_DRIVERS_HAL/Driver_SAMD_SYSCTRL.o

.data%z74       0x0000000000000000        0x0
 .data          0x0000000000000000        0x0 build/GameCat_R4/production/SAMD_CONTROL_HAL/Control_HAL_24CSM01.o

.data%z75       0x0000000000000000        0x0
 .data          0x0000000000000000        0x0 build/GameCat_R4/production/SAMD_CONTROL_HAL/Control_HAL_23K256.o

.data%z76       0x0000000000000000        0x0
 .data          0x0000000000000000        0x0 build/GameCat_R4/production/SAMD_CONTROL_HAL/Control_HAL_SST25VF016.o

.data%z77       0x0000000000000000        0x0
 .data          0x0000000000000000        0x0 build/GameCat_R4/production/SAMD_CONTROL_HAL/Control_HAL_JOYSTICK.o

.eh_frame%z78   0x0000000000000000        0x0
 .eh_frame      0x0000000000000000        0x0 /opt/microchip/xc32/v4.45/bin/bin/../../lib/gcc/pic32c/8.3.1/thumb/v6-m/nofp/crtbegin.o

.data%z79       0x0000000000000000        0x0
 .data          0x0000000000000000        0x0 /opt/microchip/xc32/v4.45/bin/bin/../../lib/gcc/pic32c/8.3.1/thumb/v6-m/nofp/crti.o

.text%12        0x00000000000000d0     0x1518
 .text          0x00000000000000d0     0x1518 build/GameCat_R4/production/SAMD_FreeRTOS/tasks.o
                0x0000000000000152                xTaskCreate
                0x00000000000003a4                xTaskDelayUntil
                0x000000000000045c                vTaskDelay
                0x0000000000000540                vTaskStartScheduler
                0x0000000000000598                vTaskEndScheduler
                0x00000000000005b4                vTaskSuspendAll
                0x00000000000005cc                xTaskResumeAll
                0x00000000000007b4                xTaskGetTickCount
                0x00000000000007d0                xTaskGetTickCountFromISR
                0x00000000000007f0                uxTaskGetNumberOfTasks
                0x0000000000000804                pcTaskGetName
                0x0000000000000838                xTaskCatchUpTicks
                0x0000000000000880                xTaskIncrementTick
                0x0000000000000a9c                vTaskSwitchContext
                0x0000000000000b40                vTaskPlaceOnEventList
                0x0000000000000b7c                vTaskPlaceOnUnorderedEventList
                0x0000000000000c08                xTaskRemoveFromEventList
                0x0000000000000da0                vTaskRemoveFromUnorderedEventList
                0x0000000000000efc                vTaskSetTimeOutState
                0x0000000000000f38                vTaskInternalSetTimeOutState
                0x0000000000000f60                xTaskCheckForTimeOut
                0x0000000000000ff8                vTaskMissedYield
                0x00000000000010c8                xTaskGetCurrentTaskHandle
                0x00000000000010e4                xTaskGetCurrentTaskHandleForCore
                0x0000000000001110                xTaskPriorityInherit
                0x0000000000001234                xTaskPriorityDisinherit
                0x000000000000133c                vTaskPriorityDisinheritAfterTimeout
                0x000000000000146c                uxTaskResetEventItemValue
                0x0000000000001498                pvTaskIncrementMutexHeldCount
                0x0000000000001554                vTaskResetState

.text%13        0x00000000000015e8      0xf20
 .text          0x00000000000015e8      0xf20 build/GameCat_R4/production/SAMD_FreeRTOS/queue.o
                0x00000000000015e8                xQueueGenericReset
                0x00000000000016fa                xQueueGenericCreate
                0x000000000000182e                xQueueCreateMutex
                0x0000000000001866                xQueueGenericSend
                0x00000000000019d2                xQueueGenericSendFromISR
                0x0000000000001ade                xQueueGiveFromISR
                0x0000000000001bcc                xQueueReceive
                0x0000000000001d1a                xQueueSemaphoreTake
                0x0000000000001ea8                xQueuePeek
                0x0000000000001ffa                xQueueReceiveFromISR
                0x00000000000020e4                xQueuePeekFromISR
                0x0000000000002168                uxQueueMessagesWaiting
                0x0000000000002192                uxQueueSpacesAvailable
                0x00000000000021c6                uxQueueMessagesWaitingFromISR
                0x00000000000021ec                vQueueDelete
                0x0000000000002212                uxQueueGetQueueItemSize
                0x0000000000002226                uxQueueGetQueueLength
                0x0000000000002470                xQueueIsQueueEmptyFromISR
                0x00000000000024d2                xQueueIsQueueFullFromISR

.text%14        0x0000000000002508      0x840
 .text          0x0000000000002508      0x840 build/GameCat_R4/production/SAMD_CONTROL_HAL/Control_HAL_SST25VF016.o
                0x0000000000002508                xControl_HAL_FLASH_SST25VF016_CHECK
                0x0000000000002528                vControl_HAL_FLASH_SST25VF016_CONFIG
                0x0000000000002538                vControl_HAL_FLASH_SST25VF016_WRITE_ENABLE
                0x0000000000002564                vControl_HAL_FLASH_SST25VF016_WRITE_DISABLE
                0x0000000000002590                vControl_HAL_FLASH_SST25VF016_ENABLE_WRITE_STATUS
                0x00000000000025bc                xControl_HAL_FLASH_SST25VF016_GET_STATUS
                0x0000000000002604                vControl_HAL_FLASH_SST25VF016_PUT_STATUS
                0x000000000000264c                vControl_HAL_FLASH_SST25VF016_PUT_STATUS_SET
                0x000000000000268c                vControl_HAL_FLASH_SST25VF016_PUT_STATUS_CLEAR
                0x00000000000026d4                vControl_HAL_FLASH_SST25VF016_BUSY_OUT_ENABLE
                0x0000000000002700                vControl_HAL_FLASH_SST25VF016_BUSY_OUT_DISABLE
                0x000000000000272c                xControl_HAL_FLASH_SST25VF016_CHECK_POLL_BUSY
                0x0000000000002738                xControl_HAL_FLASH_SST25VF016_GET_BYTE
                0x00000000000027b8                vControl_HAL_FLASH_SST25VF016_PUT_BYTE
                0x0000000000002848                xControl_HAL_FLASH_SST25VF016_GET_PAGE
                0x00000000000028ec                xControl_HAL_FLASH_SST25VF016_PUT_PAGE_BYTE
                0x00000000000029ac                xControl_HAL_FLASH_SST25VF016_PUT_PAGE_WORD
                0x0000000000002aa8                vControl_HAL_FLASH_SST25VF016_BLOCK_ERASE_4K
                0x0000000000002b28                vControl_HAL_FLASH_SST25VF016_BLOCK_ERASE_32K
                0x0000000000002ba8                vControl_HAL_FLASH_SST25VF016_BLOCK_ERASE_64K
                0x0000000000002c28                vControl_HAL_FLASH_SST25VF016_CHIP_ERASE
                0x0000000000002c6c                xControl_HAL_FLASH_SST25VF016_GET_DEVICE_ID
                0x0000000000002ce4                xControl_HAL_FLASH_SST25VF016_GET_JEDEC

.text%15        0x0000000000002d48      0x6a4
 .text          0x0000000000002d48      0x6a4 build/GameCat_R4/production/SAMD_DRIVERS_HAL/Driver_SAMD_SERCOM1_I2CM.o
                0x0000000000002dc0                vDriver_SAMD_SERCOM1_I2CM_CONFIGURE
                0x0000000000002e84                xDriver_SAMD_SERCOM1_I2C_GET_ERROR
                0x0000000000002f18                xDriver_SAMD_SERCOM1_I2C_POLL
                0x0000000000002fc8                vDriver_SAMD_SERCOM1_I2C_SET_ACK
                0x0000000000003014                vDriver_SAMD_SERCOM1_I2C_SET_STOP
                0x0000000000003058                xDriver_SAMD_SERCOM1_I2C_SET_START
                0x00000000000030e8                xDriver_SAMD_SERCOM1_I2C_SET_RESTART
                0x0000000000003168                xDriver_SAMD_SERCOM1_I2C_PUT
                0x00000000000031ec                xDriver_SAMD_SERCOM1_I2C_GET
                0x0000000000003264                xDriver_SAMD_SERCOM1_I2C_PUTS
                0x0000000000003324                xDriver_SAMD_SERCOM1_I2C_GETS

.text%16        0x00000000000033ec      0x5bc
 .text          0x00000000000033ec      0x5bc build/GameCat_R4/production/SAMD_FreeRTOS/Portable/MemMang/heap_4.o
                0x00000000000033ec                pvPortMalloc
                0x00000000000035d4                vPortFree
                0x0000000000003690                xPortGetFreeHeapSize
                0x00000000000036a4                xPortGetMinimumEverFreeHeapSize
                0x00000000000036b8                vPortInitialiseBlocks
                0x00000000000036c2                pvPortCalloc
                0x00000000000038b0                vPortGetHeapStats
                0x000000000000396c                vPortHeapResetState

.text%17        0x00000000000039a8      0x4ac
 .text          0x00000000000039a8      0x4ac build/GameCat_R4/production/SAMD_CONTROL_HAL/Control_HAL_23K256.o
                0x00000000000039a8                vControl_HAL_SRAM_CONFIGURE
                0x0000000000003a20                vControl_HAL_SRAM_WRITE_STATUS
                0x0000000000003a68                xControl_HAL_SRAM_READ_STATUS
                0x0000000000003ab4                vControl_HAL_SRAM_WRITE_CMD
                0x0000000000003b14                vControl_HAL_SRAM_PUT
                0x0000000000003b7c                xControl_HAL_SRAM_GET
                0x0000000000003be8                vControl_HAL_SRAM_PAGE_PUT
                0x0000000000003c7c                vControl_HAL_SRAM_PAGE_GET
                0x0000000000003d10                vControl_HAL_SRAM_SEQ_PUT
                0x0000000000003db0                vControl_HAL_SRAM_SEQ_GET

.text%18        0x0000000000003e54      0x4a0
 .text          0x0000000000003e54      0x4a0 build/GameCat_R4/production/SAMD_FreeRTOS/event_groups.o
                0x0000000000003e54                xEventGroupCreate
                0x0000000000003e84                xEventGroupSync
                0x0000000000003f84                xEventGroupWaitBits
                0x00000000000040b4                xEventGroupClearBits
                0x00000000000040fe                xEventGroupGetBitsFromISR
                0x000000000000412a                xEventGroupSetBits
                0x000000000000421c                vEventGroupDelete
                0x000000000000427a                vEventGroupSetBitsCallback
                0x0000000000004298                vEventGroupClearBitsCallback

.text%19        0x00000000000042f4      0x474
 .text          0x00000000000042f4      0x474 build/GameCat_R4/production/SAMD_CONTROL_HAL/Control_HAL_24CSM01.o
                0x00000000000042f4                xControl_HAL_EEP_24CM01_CHECK
                0x0000000000004306                xControl_HAL_EEP_24CM01_BLANK
                0x0000000000004410                xControl_HAL_EEP_24CM01_PUT
                0x0000000000004496                xControl_HAL_EEP_24CM01_GET
                0x0000000000004528                xControl_HAL_EEP_24CM01_PUTS
                0x0000000000004666                xControl_HAL_EEP_24CM01_GETS

.text%20        0x0000000000004768      0x3ec
 .text          0x0000000000004768      0x3ec build/GameCat_R4/production/SAMD_DRIVERS_HAL/Driver_SAMD_PORT.o
                0x0000000000004768                vDriver_SAMD_PORT_CONFIGURE

.text%21        0x0000000000004b54      0x2b4
 .text          0x0000000000004b54      0x2b4 build/GameCat_R4/production/SAMD_TASK/Task_CTRL_LEDC.o
                0x0000000000004b54                vTask_CTRL_LEDC

.text%22        0x0000000000004e08      0x290
 .text          0x0000000000004e08      0x290 build/GameCat_R4/production/SAMD_CONTROL_HAL/Control_HAL_JOYSTICK.o
                0x0000000000004e08                xReadValueJoystick

.text%23        0x0000000000005098      0x260
 .text          0x0000000000005098      0x260 build/GameCat_R4/production/SAMD_DRIVERS_HAL/Driver_SAMD_SERCOM2_SPIM.o
                0x0000000000005110                vDriver_SAMD_SERCOM2_SPIM_CONFIGURE
                0x00000000000051c8                vDriver_SAMD_SERCOM2_SPIM_PUT
                0x0000000000005218                xDriver_SAMD_SERCOM2_SPIM_GET
                0x000000000000527c                vDriver_SAMD_SERCOM2_SPIM_PUTS
                0x00000000000052b8                vDriver_SAMD_SERCOM2_SPIM_GETS

.text%24        0x00000000000052f8      0x260
 .text          0x00000000000052f8      0x260 build/GameCat_R4/production/SAMD_DRIVERS_HAL/Driver_SAMD_SERCOM3_SPIM.o
                0x0000000000005370                vDriver_SAMD_SERCOM3_SPIM_CONFIGURE
                0x0000000000005428                vDriver_SAMD_SERCOM3_SPIM_PUT
                0x0000000000005478                xDriver_SAMD_SERCOM3_SPIM_GET
                0x00000000000054dc                vDriver_SAMD_SERCOM3_SPIM_PUTS
                0x0000000000005518                vDriver_SAMD_SERCOM3_SPIM_GETS

.text%25        0x0000000000005558      0x260
 .text          0x0000000000005558      0x260 build/GameCat_R4/production/SAMD_DRIVERS_HAL/Driver_SAMD_SERCOM4_SPIM.o
                0x00000000000055d0                vDriver_SAMD_SERCOM4_SPIM_CONFIGURE
                0x0000000000005688                vDriver_SAMD_SERCOM4_SPIM_PUT
                0x00000000000056d8                xDriver_SAMD_SERCOM4_SPIM_GET
                0x000000000000573c                vDriver_SAMD_SERCOM4_SPIM_PUTS
                0x0000000000005778                vDriver_SAMD_SERCOM4_SPIM_GETS

.text%26        0x00000000000057c0      0x25c
 .text          0x00000000000057c0      0x25c build/GameCat_R4/production/SAMD_FreeRTOS/Portable/ARM_CM0/port.o
                0x00000000000057c0                pxPortInitialiseStack
                0x0000000000005840                vPortSVCHandler
                0x0000000000005876                xPortStartScheduler
                0x00000000000058bc                vPortEndScheduler
                0x00000000000058dc                vPortYield
                0x00000000000058fc                vPortEnterCritical
                0x0000000000005920                vPortExitCritical
                0x0000000000005950                ulSetInterruptMaskFromISR
                0x000000000000595c                vClearInterruptMaskFromISR
                0x0000000000005964                PendSV_Handler
                0x00000000000059b6                SysTick_Handler
                0x00000000000059e8                vPortSetupTimerInterrupt

.text%27        0x0000000000005a1c      0x200
 .text          0x0000000000005a1c      0x200 build/GameCat_R4/production/SAMD_DRIVERS_HAL/Driver_SAMD_ADC.o
                0x0000000000005a1c                vDriver_SAMD_ADC_CONFIGURE
                0x0000000000005b38                xDriver_SAMD_ADC_READ

.text%28        0x0000000000005c1c      0x15e
 .text          0x0000000000005c1c      0x15e build/GameCat_R4/production/SAMD_FreeRTOS/list.o
                0x0000000000005c1c                vListInitialise
                0x0000000000005c64                vListInitialiseItem
                0x0000000000005c7a                vListInsertEnd
                0x0000000000005cbe                vListInsert
                0x0000000000005d2a                uxListRemove

.text%29        0x0000000000005d7c       0xf4
 .text          0x0000000000005d7c       0xf4 build/GameCat_R4/production/SAMD_TASK/Settings_TASKS.o
                0x0000000000005d7c                vSystemOS_EVENT_GROUPS_CONFIGURE
                0x0000000000005d94                vSystemOS_SEMAPHORES_CONFIGURE
                0x0000000000005d9e                vSystemOS_MUTEX_CONFIGURE
                0x0000000000005dc4                vSystemOS_QUEUES_CONFIGURE
                0x0000000000005e04                vSystemOS_TASKS_CONFIGURE

.text%30        0x0000000000005e70       0xba
 .text          0x0000000000005e70       0xba build/GameCat_R4/production/SAMD_TASK/Task_EXEC_MUXC.o
                0x0000000000005e70                vTask_EXEC_MUXC

.dinit%31       0x0000000000005f2c       0xa0
 .dinit         0x0000000000005f2c       0xa0 data_init

.text%32        0x0000000000005fcc       0x98
 .text          0x0000000000005fcc       0x98 build/GameCat_R4/production/SAMD_DRIVERS_HAL/Driver_SAMD_GCLK.o
                0x0000000000005fcc                vDriver_SAMD_GCLK_CONFIGURE

.text%33        0x0000000000006064       0x8c
 .text          0x0000000000006064       0x8c /opt/microchip/xc32/v4.45/bin/bin/../../lib/gcc/pic32c/8.3.1/thumb/v6-m/nofp/libgcc.a(_udivsi3.o)
                0x0000000000006064                __udivsi3
                0x0000000000006064                __aeabi_uidiv
                0x00000000000060dc                __aeabi_uidivmod

.text%34        0x00000000000060f0       0x78
 .text          0x00000000000060f0       0x78 build/GameCat_R4/production/SAMD_STREAMS/Stream_CTRL_LEDC.o
                0x00000000000060f0                xStream_LED_COMMAND

.text%35        0x0000000000006168       0x74
 .text          0x0000000000006168       0x74 build/GameCat_R4/production/SAMD_DRIVERS_HAL/Driver_SAMD_SYSCTRL.o
                0x0000000000006168                vDriver_SAMD_SYSCTRL_CONFIGURE

.text.__libc_start_init%36
                0x00000000000061dc       0x5c
 .text.__libc_start_init
                0x00000000000061dc       0x5c /opt/microchip/xc32/v4.45/bin/bin/../../lib/gcc/pic32c/8.3.1/../../../../pic32c/lib/thumb/v6-m/nofp/libc-musl.a(__libc_start_main.o)
                0x00000000000061dc                __libc_init_array

.text.Reset_Handler%37
                0x0000000000006238       0x54
 .text.Reset_Handler
                0x0000000000006238       0x54 /tmp/cc8Otgs8.o
                0x0000000000006238                Reset_Handler

.text%38        0x000000000000628c       0x48
 .text          0x000000000000628c       0x48 /opt/microchip/xc32/v4.45/bin/bin/../../lib/gcc/pic32c/8.3.1/thumb/v6-m/nofp/crtbegin.o

.text%39        0x00000000000062d4       0x48
 .text          0x00000000000062d4       0x48 build/GameCat_R4/production/SAMD_MAIN/Function_MAIN.o
                0x00000000000062d4                main

.text%40        0x000000000000631c       0x38
 .text          0x000000000000631c       0x38 build/GameCat_R4/production/SAMD_DRIVERS_HAL/Driver_SAMD_PM.o
                0x000000000000631c                vDriver_SAMD_PM_CONFIGURE

.text.__pic32c_data_initialization%41
                0x0000000000006354       0x34
 .text.__pic32c_data_initialization
                0x0000000000006354       0x34 /opt/microchip/xc32/v4.45/bin/bin/../../lib/gcc/pic32c/8.3.1/../../../../pic32c/lib/thumb/v6-m/nofp/libpic32c.a(data_init.o)
                0x0000000000006354                __pic32c_data_initialization

.text%42        0x0000000000006388       0x2c
 .text          0x0000000000006388       0x2c build/GameCat_R4/production/SAMD_INTERRUPTIONS/Interruption_TRAP.o
                0x0000000000006388                NonMaskableInt_Handler
                0x0000000000006390                HardFault_Handler
                0x00000000000063ac                Dummy_Handler

.rodata%43      0x00000000000063b4       0x24
 .rodata        0x00000000000063b4       0x24 build/GameCat_R4/production/SAMD_CONTROL_HAL/Control_HAL_JOYSTICK.o

.rodata%44      0x00000000000063d8       0x24
 .rodata        0x00000000000063d8       0x24 build/GameCat_R4/production/SAMD_TASK/Settings_TASKS.o

.text%45        0x00000000000063fc       0x1e
 .text          0x00000000000063fc       0x1e build/GameCat_R4/production/SAMD_TASK/Task_CTRL_CANC.o
                0x00000000000063fc                vTask_CTRL_CANC

.text.__dinit_copy%46
                0x000000000000641a       0x1e
 .text.__dinit_copy
                0x000000000000641a       0x1e /opt/microchip/xc32/v4.45/bin/bin/../../lib/gcc/pic32c/8.3.1/../../../../pic32c/lib/thumb/v6-m/nofp/libpic32c.a(pic32_data_init_copy.o)
                0x000000000000641a                __dinit_copy
                0x000000000000641a                __dinit_copy_needed

.RamFunc%47     0x0000000000006438       0x1a
 .RamFunc       0x0000000000006438       0x1a build/GameCat_R4/production/SAMD_MAIN/Storage_DELAY.o
                0x0000000000006438                vStorage_DELAY

.rodata%48      0x0000000000006454       0x14
 .rodata        0x0000000000006454       0x14 /opt/microchip/xc32/v4.45/bin/bin/../../lib/gcc/pic32c/8.3.1/../../../../pic32c/lib/thumb/v6-m/nofp/libpic32c.a(data_init.o)

.text.memcpy%49
                0x0000000000006468       0x14
 .text.memcpy   0x0000000000006468       0x14 /opt/microchip/xc32/v4.45/bin/bin/../../lib/gcc/pic32c/8.3.1/../../../../pic32c/lib/thumb/v6-m/nofp/libc-size-musl.a(memcpy.o)
                0x0000000000006468                memcpy

.text.memset%50
                0x000000000000647c       0x14
 .text.memset   0x000000000000647c       0x14 /opt/microchip/xc32/v4.45/bin/bin/../../lib/gcc/pic32c/8.3.1/../../../../pic32c/lib/thumb/v6-m/nofp/libc-size-musl.a(memset.o)
                0x000000000000647c                memset

.text.__dinit_clear%51
                0x0000000000006490       0x12
 .text.__dinit_clear
                0x0000000000006490       0x12 /opt/microchip/xc32/v4.45/bin/bin/../../lib/gcc/pic32c/8.3.1/../../../../pic32c/lib/thumb/v6-m/nofp/libpic32c.a(pic32_data_init_clear.o)
                0x0000000000006490                __dinit_clear_needed
                0x0000000000006490                __dinit_clear

.rodata%52      0x00000000000064a4       0x10
 .rodata        0x00000000000064a4       0x10 build/GameCat_R4/production/SAMD_TASK/Task_CTRL_LEDC.o
                0x00000000000064a4                GPIO_LEDS

.rodata%53      0x00000000000057b8        0x8
 .rodata        0x00000000000057b8        0x8 build/GameCat_R4/production/SAMD_FreeRTOS/tasks.o

.rodata%54      0x00000000000064b4        0x4
 .rodata        0x00000000000064b4        0x4 build/GameCat_R4/production/SAMD_FreeRTOS/Portable/MemMang/heap_4.o

.text.__dummy_decompress%55
                0x00000000000064b8        0x4
 .text.__dummy_decompress
                0x00000000000064b8        0x4 /opt/microchip/xc32/v4.45/bin/bin/../../lib/gcc/pic32c/8.3.1/../../../../pic32c/lib/thumb/v6-m/nofp/libpic32c.a(data_init.o)
                0x00000000000064b8                __dinit_copy_emb
                0x00000000000064b8                __dinit_decompress
                0x00000000000064b8                __dinit_copy_val_data

.text%56        0x00000000000064bc        0x4
 .text          0x00000000000064bc        0x4 /opt/microchip/xc32/v4.45/bin/bin/../../lib/gcc/pic32c/8.3.1/thumb/v6-m/nofp/libgcc.a(_dvmd_tls.o)
                0x00000000000064bc                __aeabi_ldiv0
                0x00000000000064bc                __aeabi_idiv0

.text.Dummy_Handler%57
                0x0000000000005d7a        0x2
 .text.Dummy_Handler
                0x0000000000005d7a        0x2 /tmp/cc8Otgs8.o
                0x0000000000005d7a                SVCall_Handler
                0x0000000000005d7a                DMAC_Handler
                0x0000000000005d7a                AC_Handler
                0x0000000000005d7a                SERCOM1_Handler
                0x0000000000005d7a                ADC_Handler
                0x0000000000005d7a                TCC1_Handler
                0x0000000000005d7a                SERCOM2_Handler
                0x0000000000005d7a                TCC0_Handler
                0x0000000000005d7a                RTC_Handler
                0x0000000000005d7a                EIC_Handler
                0x0000000000005d7a                WDT_Handler
                0x0000000000005d7a                Reserved22_Handler
                0x0000000000005d7a                TC4_Handler
                0x0000000000005d7a                USB_Handler
                0x0000000000005d7a                TC3_Handler
                0x0000000000005d7a                PM_Handler
                0x0000000000005d7a                SERCOM5_Handler
                0x0000000000005d7a                Reserved21_Handler
                0x0000000000005d7a                TCC2_Handler
                0x0000000000005d7a                EVSYS_Handler
                0x0000000000005d7a                SERCOM3_Handler
                0x0000000000005d7a                SERCOM4_Handler
                0x0000000000005d7a                I2S_Handler
                0x0000000000005d7a                NVMCTRL_Handler
                0x0000000000005d7a                SERCOM0_Handler
                0x0000000000005d7a                DAC_Handler
                0x0000000000005d7a                PTC_Handler
                0x0000000000005d7a                TC5_Handler
                0x0000000000005d7a                SYSCTRL_Handler

.text.__dummy%58
                0x0000000000005f2a        0x2
 .text.__dummy  0x0000000000005f2a        0x2 /opt/microchip/xc32/v4.45/bin/bin/../../lib/gcc/pic32c/8.3.1/../../../../pic32c/lib/thumb/v6-m/nofp/libc-musl.a(__libc_start_main.o)
                0x0000000000005f2a                __init_host
                0x0000000000005f2a                __init_stdio

.text%z80       0x0000000000000000        0x0