Archive member included to satisfy reference by file (symbol)

/opt/microchip/xc32/v4.45/bin/bin/../../lib/gcc/pic32c/8.3.1/../../../../pic32c/lib/thumb/v6-m/nofp/libpic32c.a(data_init.o)
                              /tmp/cc93xUFe.o (__pic32c_data_initialization)
/opt/microchip/xc32/v4.45/bin/bin/../../lib/gcc/pic32c/8.3.1/../../../../pic32c/lib/thumb/v6-m/nofp/libc-size-musl.a(memcpy.o)
                              build/GameCat_R4/production/SAMD_FreeRTOS/queue.o (memcpy)
/opt/microchip/xc32/v4.45/bin/bin/../../lib/gcc/pic32c/8.3.1/../../../../pic32c/lib/thumb/v6-m/nofp/libc-size-musl.a(memset.o)
                              build/GameCat_R4/production/SAMD_FreeRTOS/tasks.o (memset)
/opt/microchip/xc32/v4.45/bin/bin/../../lib/gcc/pic32c/8.3.1/../../../../pic32c/lib/thumb/v6-m/nofp/libc-musl.a(__libc_start_main.o)
                              /tmp/cc93xUFe.o (__libc_init_array)
/opt/microchip/xc32/v4.45/bin/bin/../../lib/gcc/pic32c/8.3.1/../../../../pic32c/lib/thumb/v6-m/nofp/libc-musl.a(libc.o)
                              /opt/microchip/xc32/v4.45/bin/bin/../../lib/gcc/pic32c/8.3.1/../../../../pic32c/lib/thumb/v6-m/nofp/libc-musl.a(__libc_start_main.o) (__progname_full)
/opt/microchip/xc32/v4.45/bin/bin/../../lib/gcc/pic32c/8.3.1/../../../../pic32c/lib/thumb/v6-m/nofp/libc-musl.a(__environ.o)
                              /opt/microchip/xc32/v4.45/bin/bin/../../lib/gcc/pic32c/8.3.1/../../../../pic32c/lib/thumb/v6-m/nofp/libc-musl.a(__libc_start_main.o) (__environ)
/opt/microchip/xc32/v4.45/bin/bin/../../lib/gcc/pic32c/8.3.1/thumb/v6-m/nofp/libgcc.a(_udivsi3.o)
                              build/GameCat_R4/production/SAMD_FreeRTOS/Portable/MemMang/heap_4.o (__aeabi_uidiv)
/opt/microchip/xc32/v4.45/bin/bin/../../lib/gcc/pic32c/8.3.1/thumb/v6-m/nofp/libgcc.a(_dvmd_tls.o)
                              /opt/microchip/xc32/v4.45/bin/bin/../../lib/gcc/pic32c/8.3.1/thumb/v6-m/nofp/libgcc.a(_udivsi3.o) (__aeabi_idiv0)
/opt/microchip/xc32/v4.45/bin/bin/../../lib/gcc/pic32c/8.3.1/../../../../pic32c/lib/thumb/v6-m/nofp/libpic32c.a(pic32_data_init_clear.o)
                              (__dinit_clear_needed)
/opt/microchip/xc32/v4.45/bin/bin/../../lib/gcc/pic32c/8.3.1/../../../../pic32c/lib/thumb/v6-m/nofp/libpic32c.a(pic32_data_init_copy.o)
                              (__dinit_copy_needed)

Microchip PIC32 Memory-Usage Report

ROM Program-Memory Usage
section                    address  length [bytes]      (dec)  Description
-------                 ----------  -------------------------  -----------
.vectors                         0           0xb0         176   
.text                         0xb0           0x20          32  App's exec code 
.text                         0xd0         0x1518        5400  App's exec code 
.text                       0x15e8          0xf20        3872  App's exec code 
.text                       0x2508          0x840        2112  App's exec code 
.text                       0x2d48          0x69c        1692  App's exec code 
.text                       0x33e4          0x5bc        1468  App's exec code 
.text                       0x39a0          0x4ac        1196  App's exec code 
.text                       0x3e4c          0x4a0        1184  App's exec code 
.text                       0x42ec          0x3d8         984  App's exec code 
.text                       0x46c4          0x2b4         692  App's exec code 
.text                       0x4978          0x290         656  App's exec code 
.text                       0x4c08          0x260         608  App's exec code 
.rodata                     0x4e68            0x8           8  Read-only const 
.text                       0x4e70          0x25c         604  App's exec code 
.text                       0x50cc          0x200         512  App's exec code 
.text                       0x52cc          0x15e         350  App's exec code 
.text.Dummy_Handler         0x542a            0x2           2   
.text                       0x542c           0xf4         244  App's exec code 
.text                       0x5520           0xc6         198  App's exec code 
.text                       0x55e6           0xc0         192  App's exec code 
.text.__dummy               0x56a6            0x2           2   
.dinit                      0x56a8           0xa0         160   
.text                       0x5748           0x98         152  App's exec code 
.text                       0x57e0           0x8c         140  App's exec code 
.text                       0x586c           0x78         120  App's exec code 
.text                       0x58e4           0x74         116  App's exec code 
.text.__libc_start_init     0x5958           0x5c          92   
.text.Reset_Handler         0x59b4           0x54          84   
.text                       0x5a08           0x48          72  App's exec code 
.text                       0x5a50           0x40          64  App's exec code 
[...]
Memory Configuration

Name             Origin             Length             Attributes
rom              0x0000000000000000 0x0000000000040000 xrl
ram              0x0000000020000000 0x0000000000008000 xw !r
config_00804000  0x0000000000804000 0x0000000000000004
config_00804004  0x0000000000804004 0x0000000000000004
*default*        0x0000000000000000 0xffffffffffffffff

Linker script and memory map

LOAD /opt/microchip/xc32/v4.45/bin/bin/../../lib/gcc/pic32c/8.3.1/thumb/v6-m/nofp/crti.o
LOAD /opt/microchip/xc32/v4.45/bin/bin/../../lib/gcc/pic32c/8.3.1/thumb/v6-m/nofp/crtbegin.o
LOAD build/GameCat_R4/production/SAMD_CONTROL_HAL/Control_HAL_JOYSTICK.o
LOAD build/GameCat_R4/production/SAMD_CONTROL_HAL/Control_HAL_SST25VF016.o
LOAD build/GameCat_R4/production/SAMD_CONTROL_HAL/Control_HAL_23K256.o
LOAD build/GameCat_R4/production/SAMD_DRIVERS_HAL/Driver_SAMD_SYSCTRL.o
LOAD build/GameCat_R4/production/SAMD_DRIVERS_HAL/Driver_SAMD_GCLK.o
LOAD build/GameCat_R4/production/SAMD_DRIVERS_HAL/Driver_SAMD_PM.o
LOAD build/GameCat_R4/production/SAMD_DRIVERS_HAL/Driver_SAMD_ADC.o
LOAD build/GameCat_R4/production/SAMD_DRIVERS_HAL/Driver_SAMD_PORT.o
LOAD build/GameCat_R4/production/SAMD_DRIVERS_HAL/Driver_SAMD_SERCOM2_SPIM.o
LOAD build/GameCat_R4/production/SAMD_FreeRTOS/queue.o
LOAD build/GameCat_R4/production/SAMD_FreeRTOS/event_groups.o
LOAD build/GameCat_R4/production/SAMD_FreeRTOS/list.o
LOAD build/GameCat_R4/production/SAMD_FreeRTOS/timers.o
LOAD build/GameCat_R4/production/SAMD_FreeRTOS/tasks.o
LOAD build/GameCat_R4/production/SAMD_FreeRTOS/Portable/MemMang/heap_4.o
LOAD build/GameCat_R4/production/SAMD_FreeRTOS/Portable/ARM_CM0/port.o
LOAD build/GameCat_R4/production/SAMD_INTERRUPTIONS/Interruption_TRAP.o
LOAD build/GameCat_R4/production/SAMD_MAIN/Function_MAIN.o
LOAD build/GameCat_R4/production/SAMD_MAIN/Storage_DELAY.o
LOAD build/GameCat_R4/production/SAMD_STREAMS/Stream_CTRL_LEDC.o
LOAD build/GameCat_R4/production/SAMD_TASK/Settings_TASKS.o
LOAD build/GameCat_R4/production/SAMD_TASK/Task_CTRL_LEDC.o
LOAD build/GameCat_R4/production/SAMD_TASK/Task_CTRL_CANC.o
LOAD build/GameCat_R4/production/SAMD_TASK/Task_EXEC_MUXC.o
LOAD build/GameCat_R4/production/SAMD_DRIVERS_HAL/Driver_SAMD_SERCOM1_I2CM.o
LOAD build/GameCat_R4/production/SAMD_CONTROL_HAL/Control_HAL_24CSM01.o
                0x0000000000000001                __MPLAB_BUILD = 0x1
                0x0000000000000080                _min_heap_size = 0x80
LOAD /tmp/cc93xUFe.o
START GROUP
LOAD /opt/microchip/xc32/v4.45/bin/bin/../../lib/gcc/pic32c/8.3.1/../../../../pic32c/lib/thumb/v6-m/nofp/libpic32c.a
LOAD /opt/microchip/xc32/v4.45/bin/bin/../../lib/gcc/pic32c/8.3.1/../../../../pic32c/lib/thumb/v6-m/nofp/libc-size-musl.a
LOAD /opt/microchip/xc32/v4.45/bin/bin/../../lib/gcc/pic32c/8.3.1/../../../../pic32c/lib/thumb/v6-m/nofp/liblmalloc-musl.a
LOAD /opt/microchip/xc32/v4.45/bin/bin/../../lib/gcc/pic32c/8.3.1/../../../../pic32c/lib/thumb/v6-m/nofp/libm-fast-emfloat.a
LOAD /opt/microchip/xc32/v4.45/bin/bin/../../lib/gcc/pic32c/8.3.1/../../../../pic32c/lib/thumb/v6-m/nofp/libm-musl.a
LOAD /opt/microchip/xc32/v4.45/bin/bin/../../lib/gcc/pic32c/8.3.1/../../../../pic32c/lib/thumb/v6-m/nofp/libc-musl.a
LOAD /opt/microchip/xc32/v4.45/bin/bin/../../lib/gcc/pic32c/8.3.1/../../../../pic32c/lib/thumb/v6-m/nofp/libm-fast-emfloat.a
LOAD /opt/microchip/xc32/v4.45/bin/bin/../../lib/gcc/pic32c/8.3.1/../../../../pic32c/lib/thumb/v6-m/nofp/libm-musl.a
LOAD /opt/microchip/xc32/v4.45/bin/bin/../../lib/gcc/pic32c/8.3.1/thumb/v6-m/nofp/libgcc.a
END GROUP
LOAD /opt/microchip/xc32/v4.45/bin/bin/../../lib/gcc/pic32c/8.3.1/thumb/v6-m/nofp/crtend.o
LOAD /opt/microchip/xc32/v4.45/bin/bin/../../lib/gcc/pic32c/8.3.1/thumb/v6-m/nofp/crtn.o
                0x0000000000040000                __rom_end = (ORIGIN (rom) + LENGTH (rom))
                0x0000000020008000                __ram_end = (ORIGIN (ram) + LENGTH (ram))

.config_00804000
 *(.config_00804000)

.config_00804004
 *(.config_00804004)

.vectors        0x0000000000000000       0xb0
                0x0000000000000000                . = ALIGN (0x4)
                0x0000000000000000                _sfixed = .
 *(.vectors .vectors.* .vectors_default .vectors_default.*)
 .vectors.default
                0x0000000000000000       0xb0 /tmp/cc93xUFe.o
                0x0000000000000000                exception_table
 *(.isr_vector)
 *(.reset*)
 *(.after_vectors)

.text           0x00000000000000b0       0x20
                0x00000000000000b0                . = ALIGN (0x4)
 *(.glue_7t)
 .glue_7t       0x00000000000000b0        0x0 linker stubs
 *(.glue_7)
 .glue_7        0x00000000000000b0        0x0 linker stubs
 *(.gnu.linkonce.r.*)
 *(.ARM.extab* .gnu.linkonce.armextab.*)
                0x00000000000000b0                . = ALIGN (0x4)
 *(.init)
 .init          0x00000000000000b0        0x4 /opt/microchip/xc32/v4.45/bin/bin/../../lib/gcc/pic32c/8.3.1/thumb/v6-m/nofp/crti.o
                0x00000000000000b0                _init
 .init          0x00000000000000b4        0x8 /opt/microchip/xc32/v4.45/bin/bin/../../lib/gcc/pic32c/8.3.1/thumb/v6-m/nofp/crtn.o
                0x00000000000000bc                . = ALIGN (0x4)
                0x00000000000000bc                __preinit_array_start = .
 *(.preinit_array)
                0x00000000000000bc                __preinit_array_end = .
                0x00000000000000bc                . = ALIGN (0x4)
                0x00000000000000bc                __init_array_start = .
 *(SORT_BY_NAME(.init_array.*))
 *(.init_array)
 .init_array    0x00000000000000bc        0x4 /opt/microchip/xc32/v4.45/bin/bin/../../lib/gcc/pic32c/8.3.1/thumb/v6-m/nofp/crtbegin.o
                0x00000000000000c0                __init_array_end = .
                0x00000000000000c0                . = ALIGN (0x4)
 *crtbegin.o(.ctors)
 *(EXCLUDE_FILE(*crtend.o) .ctors)
 *(SORT_BY_NAME(.ctors.*))
 *crtend.o(.ctors)
                0x00000000000000c0                . = ALIGN (0x4)
 *(.fini)
 .fini          0x00000000000000c0        0x4 /opt/microchip/xc32/v4.45/bin/bin/../../lib/gcc/pic32c/8.3.1/thumb/v6-m/nofp/crti.o
                0x00000000000000c0                _fini
 .fini          0x00000000000000c4        0x8 /opt/microchip/xc32/v4.45/bin/bin/../../lib/gcc/pic32c/8.3.1/thumb/v6-m/nofp/crtn.o
                0x00000000000000cc                . = ALIGN (0x4)
                0x00000000000000cc                __fini_array_start = .
 *(.fini_array)
 .fini_array    0x00000000000000cc        0x4 /opt/microchip/xc32/v4.45/bin/bin/../../lib/gcc/pic32c/8.3.1/thumb/v6-m/nofp/crtbegin.o
 *(SORT_BY_NAME(.fini_array.*))
                0x00000000000000d0                __fini_array_end = .
 *crtbegin.o(.dtors)
 *(EXCLUDE_FILE(*crtend.o) .dtors)
 *(SORT_BY_NAME(.dtors.*))
 *crtend.o(.dtors)
                0x00000000000000d0                . = ALIGN (0x4)
                0x00000000000000d0                _efixed = .
                [!provide]                        PROVIDE (__exidx_start = .)

.ARM.exidx
 *(.ARM.exidx* .gnu.linkonce.armexidx.*)
                [!provide]                        PROVIDE (__exidx_end = .)
                0x00000000000000d0                . = ALIGN (0x4)
                0x00000000000000d0                _etext = .

.bss            0x0000000020000000        0x0
                0x0000000020000000                . = ALIGN (0x4)
                0x0000000020000000                __bss_start__ = .
                0x0000000020000000                _sbss = .
                0x0000000020000000                _szero = .
 *(COMMON)
                0x0000000020000000                . = ALIGN (0x4)
                0x0000000020000000                __bss_end__ = .
                0x0000000020000000                _ebss = .
                0x0000000020000000                _ezero = .
                0x0000000020000000                . = ALIGN (0x4)
                0x0000000020000000                _end = .
                0x0000000020007fff                _ram_end_ = ((ORIGIN (ram) + LENGTH (ram)) - 0x1)
OUTPUT(dist/GameCat_R4/production/GameCat_R4.production.elf elf32-littlearm)
LOAD data_init
LOAD stack

.ARM.attributes
                0x0000000000000000       0x2c
 .ARM.attributes
                0x0000000000000000       0x1e /opt/microchip/xc32/v4.45/bin/bin/../../lib/gcc/pic32c/8.3.1/thumb/v6-m/nofp/crti.o
 .ARM.attributes
                0x000000000000001e       0x2c /opt/microchip/xc32/v4.45/bin/bin/../../lib/gcc/pic32c/8.3.1/thumb/v6-m/nofp/crtbegin.o
 .ARM.attributes
                0x000000000000004a       0x2c build/GameCat_R4/production/SAMD_CONTROL_HAL/Control_HAL_JOYSTICK.o
 .ARM.attributes
                0x0000000000000076       0x2c build/GameCat_R4/production/SAMD_CONTROL_HAL/Control_HAL_SST25VF016.o
 .ARM.attributes
                0x00000000000000a2       0x2c build/GameCat_R4/production/SAMD_CONTROL_HAL/Control_HAL_23K256.o
 .ARM.attributes
                0x00000000000000ce       0x2c build/GameCat_R4/production/SAMD_DRIVERS_HAL/Driver_SAMD_SYSCTRL.o
 .ARM.attributes
                0x00000000000000fa       0x2c build/GameCat_R4/production/SAMD_DRIVERS_HAL/Driver_SAMD_GCLK.o
 .ARM.attributes
                0x0000000000000126       0x2c build/GameCat_R4/production/SAMD_DRIVERS_HAL/Driver_SAMD_PM.o
 .ARM.attributes
                0x0000000000000152       0x2c build/GameCat_R4/production/SAMD_DRIVERS_HAL/Driver_SAMD_ADC.o
 .ARM.attributes
                0x000000000000017e       0x2c build/GameCat_R4/production/SAMD_DRIVERS_HAL/Driver_SAMD_PORT.o
 .ARM.attributes
                0x00000000000001aa       0x2c build/GameCat_R4/production/SAMD_DRIVERS_HAL/Driver_SAMD_SERCOM2_SPIM.o
 .ARM.attributes
                0x00000000000001d6       0x2c build/GameCat_R4/production/SAMD_FreeRTOS/queue.o
 .ARM.attributes
                0x0000000000000202       0x2c build/GameCat_R4/production/SAMD_FreeRTOS/event_groups.o
 .ARM.attributes
                0x000000000000022e       0x2c build/GameCat_R4/production/SAMD_FreeRTOS/list.o
 .ARM.attributes
                0x000000000000025a       0x32 build/GameCat_R4/production/SAMD_FreeRTOS/timers.o
 .ARM.attributes
                0x000000000000028c       0x2c build/GameCat_R4/production/SAMD_FreeRTOS/tasks.o
 .ARM.attributes
                0x00000000000002b8       0x2c build/GameCat_R4/production/SAMD_FreeRTOS/Portable/MemMang/heap_4.o
 .ARM.attributes
                0x00000000000002e4       0x2c build/GameCat_R4/production/SAMD_FreeRTOS/Portable/ARM_CM0/port.o
 .ARM.attributes
                0x0000000000000310       0x2c build/GameCat_R4/production/SAMD_INTERRUPTIONS/Interruption_TRAP.o
 .ARM.attributes
                0x000000000000033c       0x2c build/GameCat_R4/production/SAMD_MAIN/Function_MAIN.o
 .ARM.attributes
                0x0000000000000368       0x2c build/GameCat_R4/production/SAMD_MAIN/Storage_DELAY.o
 .ARM.attributes
                0x0000000000000394       0x2c build/GameCat_R4/production/SAMD_STREAMS/Stream_CTRL_LEDC.o
 .ARM.attributes
                0x00000000000003c0       0x2c build/GameCat_R4/production/SAMD_TASK/Settings_TASKS.o
 .ARM.attributes
                0x00000000000003ec       0x2c build/GameCat_R4/production/SAMD_TASK/Task_CTRL_LEDC.o
 .ARM.attributes
                0x0000000000000418       0x2c build/GameCat_R4/production/SAMD_TASK/Task_CTRL_CANC.o
 .ARM.attributes
                0x0000000000000444       0x2c build/GameCat_R4/production/SAMD_TASK/Task_EXEC_MUXC.o
 .ARM.attributes
                0x0000000000000470       0x2c build/GameCat_R4/production/SAMD_DRIVERS_HAL/Driver_SAMD_SERCOM1_I2CM.o
 .ARM.attributes
                0x000000000000049c       0x2c build/GameCat_R4/production/SAMD_CONTROL_HAL/Control_HAL_24CSM01.o
 .ARM.attributes
                0x00000000000004c8       0x2c /tmp/cc93xUFe.o
 .ARM.attributes
                0x00000000000004f4       0x2c /opt/microchip/xc32/v4.45/bin/bin/../../lib/gcc/pic32c/8.3.1/../../../../pic32c/lib/thumb/v6-m/nofp/libpic32c.a(data_init.o)
 .ARM.attributes
                0x0000000000000520       0x2e /opt/microchip/xc32/v4.45/bin/bin/../../lib/gcc/pic32c/8.3.1/../../../../pic32c/lib/thumb/v6-m/nofp/libc-size-musl.a(memcpy.o)
 .ARM.attributes
                0x000000000000054e       0x2e /opt/microchip/xc32/v4.45/bin/bin/../../lib/gcc/pic32c/8.3.1/../../../../pic32c/lib/thumb/v6-m/nofp/libc-size-musl.a(memset.o)
 .ARM.attributes
                0x000000000000057c       0x2e /opt/microchip/xc32/v4.45/bin/bin/../../lib/gcc/pic32c/8.3.1/../../../../pic32c/lib/thumb/v6-m/nofp/libc-musl.a(__libc_start_main.o)
 .ARM.attributes
                0x00000000000005aa       0x2e /opt/microchip/xc32/v4.45/bin/bin/../../lib/gcc/pic32c/8.3.1/../../../../pic32c/lib/thumb/v6-m/nofp/libc-musl.a(libc.o)
 .ARM.attributes
                0x00000000000005d8       0x2e /opt/microchip/xc32/v4.45/bin/bin/../../lib/gcc/pic32c/8.3.1/../../../../pic32c/lib/thumb/v6-m/nofp/libc-musl.a(__environ.o)
 .ARM.attributes
                0x0000000000000606       0x1e /opt/microchip/xc32/v4.45/bin/bin/../../lib/gcc/pic32c/8.3.1/thumb/v6-m/nofp/libgcc.a(_udivsi3.o)
 .ARM.attributes
                0x0000000000000624       0x1e /opt/microchip/xc32/v4.45/bin/bin/../../lib/gcc/pic32c/8.3.1/thumb/v6-m/nofp/libgcc.a(_dvmd_tls.o)
 .ARM.attributes
                0x0000000000000642       0x2c /opt/microchip/xc32/v4.45/bin/bin/../../lib/gcc/pic32c/8.3.1/thumb/v6-m/nofp/crtend.o
 .ARM.attributes
                0x000000000000066e       0x1e /opt/microchip/xc32/v4.45/bin/bin/../../lib/gcc/pic32c/8.3.1/thumb/v6-m/nofp/crtn.o
 .ARM.attributes
                0x000000000000068c       0x2c /opt/microchip/xc32/v4.45/bin/bin/../../lib/gcc/pic32c/8.3.1/../../../../pic32c/lib/thumb/v6-m/nofp/libpic32c.a(pic32_data_init_clear.o)
 .ARM.attributes
                0x00000000000006b8       0x2c /opt/microchip/xc32/v4.45/bin/bin/../../lib/gcc/pic32c/8.3.1/../../../../pic32c/lib/thumb/v6-m/nofp/libpic32c.a(pic32_data_init_copy.o)

.comment        0x0000000000000000       0x2b
 .comment       0x0000000000000000       0x2b /opt/microchip/xc32/v4.45/bin/bin/../../lib/gcc/pic32c/8.3.1/thumb/v6-m/nofp/crtbegin.o
                                         0x2c (size before relaxing)
 .comment       0x000000000000002b       0x2c build/GameCat_R4/production/SAMD_CONTROL_HAL/Control_HAL_JOYSTICK.o
 .comment       0x000000000000002b       0x2c build/GameCat_R4/production/SAMD_CONTROL_HAL/Control_HAL_SST25VF016.o
 .comment       0x000000000000002b       0x2c build/GameCat_R4/production/SAMD_CONTROL_HAL/Control_HAL_23K256.o
 .comment       0x000000000000002b       0x2c build/GameCat_R4/production/SAMD_DRIVERS_HAL/Driver_SAMD_SYSCTRL.o
 .comment       0x000000000000002b       0x2c build/GameCat_R4/production/SAMD_DRIVERS_HAL/Driver_SAMD_GCLK.o
 .comment       0x000000000000002b       0x2c build/GameCat_R4/production/SAMD_DRIVERS_HAL/Driver_SAMD_PM.o
 .comment       0x000000000000002b       0x2c build/GameCat_R4/production/SAMD_DRIVERS_HAL/Driver_SAMD_ADC.o
 .comment       0x000000000000002b       0x2c build/GameCat_R4/production/SAMD_DRIVERS_HAL/Driver_SAMD_PORT.o
 .comment       0x000000000000002b       0x2c build/GameCat_R4/production/SAMD_DRIVERS_HAL/Driver_SAMD_SERCOM2_SPIM.o
 .comment       0x000000000000002b       0x2c build/GameCat_R4/production/SAMD_FreeRTOS/queue.o
 .comment       0x000000000000002b       0x2c build/GameCat_R4/production/SAMD_FreeRTOS/event_groups.o
 .comment       0x000000000000002b       0x2c build/GameCat_R4/production/SAMD_FreeRTOS/list.o
 .comment       0x000000000000002b       0x2c build/GameCat_R4/production/SAMD_FreeRTOS/timers.o
 .comment       0x000000000000002b       0x2c build/GameCat_R4/production/SAMD_FreeRTOS/tasks.o
 .comment       0x000000000000002b       0x2c build/GameCat_R4/production/SAMD_FreeRTOS/Portable/MemMang/heap_4.o
 .comment       0x000000000000002b       0x2c build/GameCat_R4/production/SAMD_FreeRTOS/Portable/ARM_CM0/port.o
 .comment       0x000000000000002b       0x2c build/GameCat_R4/production/SAMD_INTERRUPTIONS/Interruption_TRAP.o
 .comment       0x000000000000002b       0x2c build/GameCat_R4/production/SAMD_MAIN/Function_MAIN.o
 .comment       0x000000000000002b       0x2c build/GameCat_R4/production/SAMD_MAIN/Storage_DELAY.o
 .comment       0x000000000000002b       0x2c build/GameCat_R4/production/SAMD_STREAMS/Stream_CTRL_LEDC.o
 .comment       0x000000000000002b       0x2c build/GameCat_R4/production/SAMD_TASK/Settings_TASKS.o
 .comment       0x000000000000002b       0x2c build/GameCat_R4/production/SAMD_TASK/Task_CTRL_LEDC.o
 .comment       0x000000000000002b       0x2c build/GameCat_R4/production/SAMD_TASK/Task_CTRL_CANC.o
 .comment       0x000000000000002b       0x2c build/GameCat_R4/production/SAMD_TASK/Task_EXEC_MUXC.o
 .comment       0x000000000000002b       0x2c build/GameCat_R4/production/SAMD_DRIVERS_HAL/Driver_SAMD_SERCOM1_I2CM.o
 .comment       0x000000000000002b       0x2c build/GameCat_R4/production/SAMD_CONTROL_HAL/Control_HAL_24CSM01.o
 .comment       0x000000000000002b       0x2c /tmp/cc93xUFe.o
 .comment       0x000000000000002b       0x2c /opt/microchip/xc32/v4.45/bin/bin/../../lib/gcc/pic32c/8.3.1/../../../../pic32c/lib/thumb/v6-m/nofp/libpic32c.a(data_init.o)
 .comment       0x000000000000002b       0x2c /opt/microchip/xc32/v4.45/bin/bin/../../lib/gcc/pic32c/8.3.1/../../../../pic32c/lib/thumb/v6-m/nofp/libc-size-musl.a(memcpy.o)
 .comment       0x000000000000002b       0x2c /opt/microchip/xc32/v4.45/bin/bin/../../lib/gcc/pic32c/8.3.1/../../../../pic32c/lib/thumb/v6-m/nofp/libc-size-musl.a(memset.o)
 .comment       0x000000000000002b       0x2c /opt/microchip/xc32/v4.45/bin/bin/../../lib/gcc/pic32c/8.3.1/../../../../pic32c/lib/thumb/v6-m/nofp/libc-musl.a(__libc_start_main.o)
 .comment       0x000000000000002b       0x2c /opt/microchip/xc32/v4.45/bin/bin/../../lib/gcc/pic32c/8.3.1/../../../../pic32c/lib/thumb/v6-m/nofp/libc-musl.a(libc.o)
 .comment       0x000000000000002b       0x2c /opt/microchip/xc32/v4.45/bin/bin/../../lib/gcc/pic32c/8.3.1/../../../../pic32c/lib/thumb/v6-m/nofp/libc-musl.a(__environ.o)
 .comment       0x000000000000002b       0x2c /opt/microchip/xc32/v4.45/bin/bin/../../lib/gcc/pic32c/8.3.1/thumb/v6-m/nofp/crtend.o
 .comment       0x000000000000002b       0x2c /opt/microchip/xc32/v4.45/bin/bin/../../lib/gcc/pic32c/8.3.1/../../../../pic32c/lib/thumb/v6-m/nofp/libpic32c.a(pic32_data_init_clear.o)
 .comment       0x000000000000002b       0x2c /opt/microchip/xc32/v4.45/bin/bin/../../lib/gcc/pic32c/8.3.1/../../../../pic32c/lib/thumb/v6-m/nofp/libpic32c.a(pic32_data_init_copy.o)

.debug_info     0x0000000000000000     0x9067
 .debug_info    0x0000000000000000      0x443 build/GameCat_R4/production/SAMD_CONTROL_HAL/Control_HAL_JOYSTICK.o
 .debug_info    0x0000000000000443      0x6ba build/GameCat_R4/production/SAMD_CONTROL_HAL/Control_HAL_SST25VF016.o
 .debug_info    0x0000000000000afd      0x516 build/GameCat_R4/production/SAMD_CONTROL_HAL/Control_HAL_23K256.o
 .debug_info    0x0000000000001013      0x316 build/GameCat_R4/production/SAMD_DRIVERS_HAL/Driver_SAMD_SYSCTRL.o
 .debug_info    0x0000000000001329      0x133 build/GameCat_R4/production/SAMD_DRIVERS_HAL/Driver_SAMD_GCLK.o
 .debug_info    0x000000000000145c      0x39d build/GameCat_R4/production/SAMD_DRIVERS_HAL/Driver_SAMD_PM.o
 .debug_info    0x00000000000017f9      0x5aa build/GameCat_R4/production/SAMD_DRIVERS_HAL/Driver_SAMD_ADC.o
 .debug_info    0x0000000000001da3      0x410 build/GameCat_R4/production/SAMD_DRIVERS_HAL/Driver_SAMD_PORT.o
 .debug_info    0x00000000000021b3      0xee4 build/GameCat_R4/production/SAMD_DRIVERS_HAL/Driver_SAMD_SERCOM2_SPIM.o
 .debug_info    0x0000000000003097      0xf05 build/GameCat_R4/production/SAMD_FreeRTOS/queue.o
 .debug_info    0x0000000000003f9c      0x681 build/GameCat_R4/production/SAMD_FreeRTOS/event_groups.o
 .debug_info    0x000000000000461d      0x2b8 build/GameCat_R4/production/SAMD_FreeRTOS/list.o
 .debug_info    0x00000000000048d5       0x79 build/GameCat_R4/production/SAMD_FreeRTOS/timers.o
 .debug_info    0x000000000000494e     0x12b0 build/GameCat_R4/production/SAMD_FreeRTOS/tasks.o
 .debug_info    0x0000000000005bfe      0x4bc build/GameCat_R4/production/SAMD_FreeRTOS/Portable/MemMang/heap_4.o
 .debug_info    0x00000000000060ba      0x2a9 build/GameCat_R4/production/SAMD_FreeRTOS/Portable/ARM_CM0/port.o
 .debug_info    0x0000000000006363      0x136 build/GameCat_R4/production/SAMD_INTERRUPTIONS/Interruption_TRAP.o
 .debug_info    0x0000000000006499       0x9c build/GameCat_R4/production/SAMD_MAIN/Function_MAIN.o
 .debug_info    0x0000000000006535       0xbe build/GameCat_R4/production/SAMD_MAIN/Storage_DELAY.o
 .debug_info    0x00000000000065f3      0x341 build/GameCat_R4/production/SAMD_STREAMS/Stream_CTRL_LEDC.o
 .debug_info    0x0000000000006934      0x2a1 build/GameCat_R4/production/SAMD_TASK/Settings_TASKS.o
 .debug_info    0x0000000000006bd5      0x57b build/GameCat_R4/production/SAMD_TASK/Task_CTRL_LEDC.o
 .debug_info    0x0000000000007150       0xd2 build/GameCat_R4/production/SAMD_TASK/Task_CTRL_CANC.o
 .debug_info    0x0000000000007222      0x2e7 build/GameCat_R4/production/SAMD_TASK/Task_EXEC_MUXC.o
 .debug_info    0x0000000000007509     0x1048 build/GameCat_R4/production/SAMD_DRIVERS_HAL/Driver_SAMD_SERCOM1_I2CM.o
 .debug_info    0x0000000000008551      0x247 build/GameCat_R4/production/SAMD_CONTROL_HAL/Control_HAL_24CSM01.o
 .debug_info    0x0000000000008798       0x54 /opt/microchip/xc32/v4.45/bin/bin/../../lib/gcc/pic32c/8.3.1/../../../../pic32c/lib/thumb/v6-m/nofp/libpic32c.a(data_init.o)
 .debug_info    0x00000000000087ec       0xed /opt/microchip/xc32/v4.45/bin/bin/../../lib/gcc/pic32c/8.3.1/../../../../pic32c/lib/thumb/v6-m/nofp/libc-size-musl.a(memcpy.o)
 .debug_info    0x00000000000088d9       0xbb /opt/microchip/xc32/v4.45/bin/bin/../../lib/gcc/pic32c/8.3.1/../../../../pic32c/lib/thumb/v6-m/nofp/libc-size-musl.a(memset.o)
 .debug_info    0x0000000000008994      0x2fb /opt/microchip/xc32/v4.45/bin/bin/../../lib/gcc/pic32c/8.3.1/../../../../pic32c/lib/thumb/v6-m/nofp/libc-musl.a(__libc_start_main.o)
 .debug_info    0x0000000000008c8f      0x276 /opt/microchip/xc32/v4.45/bin/bin/../../lib/gcc/pic32c/8.3.1/../../../../pic32c/lib/thumb/v6-m/nofp/libc-musl.a(libc.o)
 .debug_info    0x0000000000008f05       0x97 /opt/microchip/xc32/v4.45/bin/bin/../../lib/gcc/pic32c/8.3.1/../../../../pic32c/lib/thumb/v6-m/nofp/libc-musl.a(__environ.o)
 .debug_info    0x0000000000008f9c       0x26 /opt/microchip/xc32/v4.45/bin/bin/../../lib/gcc/pic32c/8.3.1/thumb/v6-m/nofp/libgcc.a(_udivsi3.o)
 .debug_info    0x0000000000008fc2       0x26 /opt/microchip/xc32/v4.45/bin/bin/../../lib/gcc/pic32c/8.3.1/thumb/v6-m/nofp/libgcc.a(_dvmd_tls.o)
 .debug_info    0x0000000000008fe8       0x3f /opt/microchip/xc32/v4.45/bin/bin/../../lib/gcc/pic32c/8.3.1/../../../../pic32c/lib/thumb/v6-m/nofp/libpic32c.a(pic32_data_init_clear.o)
 .debug_info    0x0000000000009027       0x40 /opt/microchip/xc32/v4.45/bin/bin/../../lib/gcc/pic32c/8.3.1/../../../../pic32c/lib/thumb/v6-m/nofp/libpic32c.a(pic32_data_init_copy.o)

.debug_abbrev   0x0000000000000000     0x21e3
 .debug_abbrev  0x0000000000000000      0x146 build/GameCat_R4/production/SAMD_CONTROL_HAL/Control_HAL_JOYSTICK.o
 .debug_abbrev  0x0000000000000146      0x1d5 build/GameCat_R4/production/SAMD_CONTROL_HAL/Control_HAL_SST25VF016.o
 .debug_abbrev  0x000000000000031b      0x11f build/GameCat_R4/production/SAMD_CONTROL_HAL/Control_HAL_23K256.o
 .debug_abbrev  0x000000000000043a       0xa2 build/GameCat_R4/production/SAMD_DRIVERS_HAL/Driver_SAMD_SYSCTRL.o
 .debug_abbrev  0x00000000000004dc       0x90 build/GameCat_R4/production/SAMD_DRIVERS_HAL/Driver_SAMD_GCLK.o
 .debug_abbrev  0x000000000000056c       0xc2 build/GameCat_R4/production/SAMD_DRIVERS_HAL/Driver_SAMD_PM.o
 .debug_abbrev  0x000000000000062e      0x102 build/GameCat_R4/production/SAMD_DRIVERS_HAL/Driver_SAMD_ADC.o
 .debug_abbrev  0x0000000000000730       0xb1 build/GameCat_R4/production/SAMD_DRIVERS_HAL/Driver_SAMD_PORT.o
 .debug_abbrev  0x00000000000007e1      0x1f5 build/GameCat_R4/production/SAMD_DRIVERS_HAL/Driver_SAMD_SERCOM2_SPIM.o
 .debug_abbrev  0x00000000000009d6      0x1c1 build/GameCat_R4/production/SAMD_FreeRTOS/queue.o
 .debug_abbrev  0x0000000000000b97      0x15e build/GameCat_R4/production/SAMD_FreeRTOS/event_groups.o
 .debug_abbrev  0x0000000000000cf5       0xf7 build/GameCat_R4/production/SAMD_FreeRTOS/list.o
 .debug_abbrev  0x0000000000000dec       0x26 build/GameCat_R4/production/SAMD_FreeRTOS/timers.o
 .debug_abbrev  0x0000000000000e12      0x252 build/GameCat_R4/production/SAMD_FreeRTOS/tasks.o
 .debug_abbrev  0x0000000000001064      0x19f build/GameCat_R4/production/SAMD_FreeRTOS/Portable/MemMang/heap_4.o
 .debug_abbrev  0x0000000000001203      0x1bf build/GameCat_R4/production/SAMD_FreeRTOS/Portable/ARM_CM0/port.o
 .debug_abbrev  0x00000000000013c2       0xdb build/GameCat_R4/production/SAMD_INTERRUPTIONS/Interruption_TRAP.o
 .debug_abbrev  0x000000000000149d       0x46 build/GameCat_R4/production/SAMD_MAIN/Function_MAIN.o
 .debug_abbrev  0x00000000000014e3       0x6d build/GameCat_R4/production/SAMD_MAIN/Storage_DELAY.o
 .debug_abbrev  0x0000000000001550      0x116 build/GameCat_R4/production/SAMD_STREAMS/Stream_CTRL_LEDC.o
 .debug_abbrev  0x0000000000001666       0xdf build/GameCat_R4/production/SAMD_TASK/Settings_TASKS.o
 .debug_abbrev  0x0000000000001745      0x17e build/GameCat_R4/production/SAMD_TASK/Task_CTRL_LEDC.o
 .debug_abbrev  0x00000000000018c3       0x8b build/GameCat_R4/production/SAMD_TASK/Task_CTRL_CANC.o
 .debug_abbrev  0x000000000000194e      0x10d build/GameCat_R4/production/SAMD_TASK/Task_EXEC_MUXC.o
 .debug_abbrev  0x0000000000001a5b      0x26d build/GameCat_R4/production/SAMD_DRIVERS_HAL/Driver_SAMD_SERCOM1_I2CM.o
 .debug_abbrev  0x0000000000001cc8       0x8d build/GameCat_R4/production/SAMD_CONTROL_HAL/Control_HAL_24CSM01.o
 .debug_abbrev  0x0000000000001d55       0x44 /opt/microchip/xc32/v4.45/bin/bin/../../lib/gcc/pic32c/8.3.1/../../../../pic32c/lib/thumb/v6-m/nofp/libpic32c.a(data_init.o)
 .debug_abbrev  0x0000000000001d99       0xbb /opt/microchip/xc32/v4.45/bin/bin/../../lib/gcc/pic32c/8.3.1/../../../../pic32c/lib/thumb/v6-m/nofp/libc-size-musl.a(memcpy.o)
 .debug_abbrev  0x0000000000001e54       0xa2 /opt/microchip/xc32/v4.45/bin/bin/../../lib/gcc/pic32c/8.3.1/../../../../pic32c/lib/thumb/v6-m/nofp/libc-size-musl.a(memset.o)
 .debug_abbrev  0x0000000000001ef6      0x133 /opt/microchip/xc32/v4.45/bin/bin/../../lib/gcc/pic32c/8.3.1/../../../../pic32c/lib/thumb/v6-m/nofp/libc-musl.a(__libc_start_main.o)
 .debug_abbrev  0x0000000000002029       0xd4 /opt/microchip/xc32/v4.45/bin/bin/../../lib/gcc/pic32c/8.3.1/../../../../pic32c/lib/thumb/v6-m/nofp/libc-musl.a(libc.o)
 .debug_abbrev  0x00000000000020fd       0x62 /opt/microchip/xc32/v4.45/bin/bin/../../lib/gcc/pic32c/8.3.1/../../../../pic32c/lib/thumb/v6-m/nofp/libc-musl.a(__environ.o)
 .debug_abbrev  0x000000000000215f       0x14 /opt/microchip/xc32/v4.45/bin/bin/../../lib/gcc/pic32c/8.3.1/thumb/v6-m/nofp/libgcc.a(_udivsi3.o)
 .debug_abbrev  0x0000000000002173       0x14 /opt/microchip/xc32/v4.45/bin/bin/../../lib/gcc/pic32c/8.3.1/thumb/v6-m/nofp/libgcc.a(_dvmd_tls.o)
 .debug_abbrev  0x0000000000002187       0x2e /opt/microchip/xc32/v4.45/bin/bin/../../lib/gcc/pic32c/8.3.1/../../../../pic32c/lib/thumb/v6-m/nofp/libpic32c.a(pic32_data_init_clear.o)
 .debug_abbrev  0x00000000000021b5       0x2e /opt/microchip/xc32/v4.45/bin/bin/../../lib/gcc/pic32c/8.3.1/../../../../pic32c/lib/thumb/v6-m/nofp/libpic32c.a(pic32_data_init_copy.o)

.debug_loc      0x0000000000000000     0x2823
 .debug_loc     0x0000000000000000       0x38 build/GameCat_R4/production/SAMD_CONTROL_HAL/Control_HAL_JOYSTICK.o
 .debug_loc     0x0000000000000038      0x49c build/GameCat_R4/production/SAMD_CONTROL_HAL/Control_HAL_SST25VF016.o
 .debug_loc     0x00000000000004d4      0x230 build/GameCat_R4/production/SAMD_CONTROL_HAL/Control_HAL_23K256.o
 .debug_loc     0x0000000000000704       0x2c build/GameCat_R4/production/SAMD_DRIVERS_HAL/Driver_SAMD_SYSCTRL.o
 .debug_loc     0x0000000000000730       0x2c build/GameCat_R4/production/SAMD_DRIVERS_HAL/Driver_SAMD_GCLK.o
 .debug_loc     0x000000000000075c       0x2c build/GameCat_R4/production/SAMD_DRIVERS_HAL/Driver_SAMD_PM.o
 .debug_loc     0x0000000000000788       0x70 build/GameCat_R4/production/SAMD_DRIVERS_HAL/Driver_SAMD_ADC.o
 .debug_loc     0x00000000000007f8       0x2c build/GameCat_R4/production/SAMD_DRIVERS_HAL/Driver_SAMD_PORT.o
 .debug_loc     0x0000000000000824      0x17c build/GameCat_R4/production/SAMD_DRIVERS_HAL/Driver_SAMD_SERCOM2_SPIM.o
 .debug_loc     0x00000000000009a0      0x5e9 build/GameCat_R4/production/SAMD_FreeRTOS/queue.o
 .debug_loc     0x0000000000000f89      0x230 build/GameCat_R4/production/SAMD_FreeRTOS/event_groups.o
 .debug_loc     0x00000000000011b9      0x118 build/GameCat_R4/production/SAMD_FreeRTOS/list.o
 .debug_loc     0x00000000000012d1      0x840 build/GameCat_R4/production/SAMD_FreeRTOS/tasks.o
 .debug_loc     0x0000000000001b11      0x200 build/GameCat_R4/production/SAMD_FreeRTOS/Portable/MemMang/heap_4.o
 .debug_loc     0x0000000000001d11      0x1dc build/GameCat_R4/production/SAMD_FreeRTOS/Portable/ARM_CM0/port.o
 .debug_loc     0x0000000000001eed       0x90 build/GameCat_R4/production/SAMD_INTERRUPTIONS/Interruption_TRAP.o
 .debug_loc     0x0000000000001f7d       0x2c build/GameCat_R4/production/SAMD_MAIN/Function_MAIN.o
 .debug_loc     0x0000000000001fa9       0x38 build/GameCat_R4/production/SAMD_MAIN/Storage_DELAY.o
 .debug_loc     0x0000000000001fe1       0x38 build/GameCat_R4/production/SAMD_STREAMS/Stream_CTRL_LEDC.o
 .debug_loc     0x0000000000002019       0xe8 build/GameCat_R4/production/SAMD_TASK/Settings_TASKS.o
 .debug_loc     0x0000000000002101       0x3a build/GameCat_R4/production/SAMD_TASK/Task_CTRL_LEDC.o
 .debug_loc     0x000000000000213b       0x38 build/GameCat_R4/production/SAMD_TASK/Task_CTRL_CANC.o
 .debug_loc     0x0000000000002173       0x38 build/GameCat_R4/production/SAMD_TASK/Task_EXEC_MUXC.o
 .debug_loc     0x00000000000021ab      0x2b4 build/GameCat_R4/production/SAMD_DRIVERS_HAL/Driver_SAMD_SERCOM1_I2CM.o
 .debug_loc     0x000000000000245f      0x144 build/GameCat_R4/production/SAMD_CONTROL_HAL/Control_HAL_24CSM01.o
 .debug_loc     0x00000000000025a3       0x14 /opt/microchip/xc32/v4.45/bin/bin/../../lib/gcc/pic32c/8.3.1/../../../../pic32c/lib/thumb/v6-m/nofp/libpic32c.a(data_init.o)
 .debug_loc     0x00000000000025b7      0x12d /opt/microchip/xc32/v4.45/bin/bin/../../lib/gcc/pic32c/8.3.1/../../../../pic32c/lib/thumb/v6-m/nofp/libc-size-musl.a(memcpy.o)
 .debug_loc     0x00000000000026e4       0xcd /opt/microchip/xc32/v4.45/bin/bin/../../lib/gcc/pic32c/8.3.1/../../../../pic32c/lib/thumb/v6-m/nofp/libc-size-musl.a(memset.o)
 .debug_loc     0x00000000000027b1       0x5e /opt/microchip/xc32/v4.45/bin/bin/../../lib/gcc/pic32c/8.3.1/../../../../pic32c/lib/thumb/v6-m/nofp/libc-musl.a(__libc_start_main.o)
 .debug_loc     0x000000000000280f       0x14 /opt/microchip/xc32/v4.45/bin/bin/../../lib/gcc/pic32c/8.3.1/../../../../pic32c/lib/thumb/v6-m/nofp/libpic32c.a(pic32_data_init_copy.o)

.debug_aranges  0x0000000000000000      0x478
 .debug_aranges
                0x0000000000000000       0x20 build/GameCat_R4/production/SAMD_CONTROL_HAL/Control_HAL_JOYSTICK.o
 .debug_aranges
                0x0000000000000020       0x20 build/GameCat_R4/production/SAMD_CONTROL_HAL/Control_HAL_SST25VF016.o
 .debug_aranges
                0x0000000000000040       0x20 build/GameCat_R4/production/SAMD_CONTROL_HAL/Control_HAL_23K256.o
 .debug_aranges
                0x0000000000000060       0x20 build/GameCat_R4/production/SAMD_DRIVERS_HAL/Driver_SAMD_SYSCTRL.o
 .debug_aranges
                0x0000000000000080       0x20 build/GameCat_R4/production/SAMD_DRIVERS_HAL/Driver_SAMD_GCLK.o
 .debug_aranges
                0x00000000000000a0       0x20 build/GameCat_R4/production/SAMD_DRIVERS_HAL/Driver_SAMD_PM.o
 .debug_aranges
                0x00000000000000c0       0x20 build/GameCat_R4/production/SAMD_DRIVERS_HAL/Driver_SAMD_ADC.o
 .debug_aranges
                0x00000000000000e0       0x20 build/GameCat_R4/production/SAMD_DRIVERS_HAL/Driver_SAMD_PORT.o
 .debug_aranges
                0x0000000000000100       0x20 build/GameCat_R4/production/SAMD_DRIVERS_HAL/Driver_SAMD_SERCOM2_SPIM.o
 .debug_aranges
                0x0000000000000120       0x20 build/GameCat_R4/production/SAMD_FreeRTOS/queue.o
 .debug_aranges
                0x0000000000000140       0x20 build/GameCat_R4/production/SAMD_FreeRTOS/event_groups.o
 .debug_aranges
                0x0000000000000160       0x20 build/GameCat_R4/production/SAMD_FreeRTOS/list.o
 .debug_aranges
                0x0000000000000180       0x18 build/GameCat_R4/production/SAMD_FreeRTOS/timers.o
 .debug_aranges
                0x0000000000000198       0x20 build/GameCat_R4/production/SAMD_FreeRTOS/tasks.o
 .debug_aranges
                0x00000000000001b8       0x20 build/GameCat_R4/production/SAMD_FreeRTOS/Portable/MemMang/heap_4.o
 .debug_aranges
                0x00000000000001d8       0x20 build/GameCat_R4/production/SAMD_FreeRTOS/Portable/ARM_CM0/port.o
 .debug_aranges
                0x00000000000001f8       0x20 build/GameCat_R4/production/SAMD_INTERRUPTIONS/Interruption_TRAP.o
 .debug_aranges
                0x0000000000000218       0x20 build/GameCat_R4/production/SAMD_MAIN/Function_MAIN.o
 .debug_aranges
                0x0000000000000238       0x20 build/GameCat_R4/production/SAMD_MAIN/Storage_DELAY.o
 .debug_aranges
                0x0000000000000258       0x20 build/GameCat_R4/production/SAMD_STREAMS/Stream_CTRL_LEDC.o
 .debug_aranges
                0x0000000000000278       0x20 build/GameCat_R4/production/SAMD_TASK/Settings_TASKS.o
 .debug_aranges
                0x0000000000000298       0x20 build/GameCat_R4/production/SAMD_TASK/Task_CTRL_LEDC.o
 .debug_aranges
                0x00000000000002b8       0x20 build/GameCat_R4/production/SAMD_TASK/Task_CTRL_CANC.o
 .debug_aranges
                0x00000000000002d8       0x20 build/GameCat_R4/production/SAMD_TASK/Task_EXEC_MUXC.o
 .debug_aranges
                0x00000000000002f8       0x20 build/GameCat_R4/production/SAMD_DRIVERS_HAL/Driver_SAMD_SERCOM1_I2CM.o
 .debug_aranges
                0x0000000000000318       0x20 build/GameCat_R4/production/SAMD_CONTROL_HAL/Control_HAL_24CSM01.o
 .debug_aranges
                0x0000000000000338       0x28 /opt/microchip/xc32/v4.45/bin/bin/../../lib/gcc/pic32c/8.3.1/../../../../pic32c/lib/thumb/v6-m/nofp/libpic32c.a(data_init.o)
 .debug_aranges
                0x0000000000000360       0x20 /opt/microchip/xc32/v4.45/bin/bin/../../lib/gcc/pic32c/8.3.1/../../../../pic32c/lib/thumb/v6-m/nofp/libc-size-musl.a(memcpy.o)
 .debug_aranges
                0x0000000000000380       0x20 /opt/microchip/xc32/v4.45/bin/bin/../../lib/gcc/pic32c/8.3.1/../../../../pic32c/lib/thumb/v6-m/nofp/libc-size-musl.a(memset.o)
 .debug_aranges
                0x00000000000003a0       0x28 /opt/microchip/xc32/v4.45/bin/bin/../../lib/gcc/pic32c/8.3.1/../../../../pic32c/lib/thumb/v6-m/nofp/libc-musl.a(__libc_start_main.o)
 .debug_aranges
                0x00000000000003c8       0x18 /opt/microchip/xc32/v4.45/bin/bin/../../lib/gcc/pic32c/8.3.1/../../../../pic32c/lib/thumb/v6-m/nofp/libc-musl.a(libc.o)
 .debug_aranges
                0x00000000000003e0       0x18 /opt/microchip/xc32/v4.45/bin/bin/../../lib/gcc/pic32c/8.3.1/../../../../pic32c/lib/thumb/v6-m/nofp/libc-musl.a(__environ.o)
 .debug_aranges
                0x00000000000003f8       0x20 /opt/microchip/xc32/v4.45/bin/bin/../../lib/gcc/pic32c/8.3.1/thumb/v6-m/nofp/libgcc.a(_udivsi3.o)
 .debug_aranges
                0x0000000000000418       0x20 /opt/microchip/xc32/v4.45/bin/bin/../../lib/gcc/pic32c/8.3.1/thumb/v6-m/nofp/libgcc.a(_dvmd_tls.o)
 .debug_aranges
                0x0000000000000438       0x20 /opt/microchip/xc32/v4.45/bin/bin/../../lib/gcc/pic32c/8.3.1/../../../../pic32c/lib/thumb/v6-m/nofp/libpic32c.a(pic32_data_init_clear.o)
 .debug_aranges
                0x0000000000000458       0x20 /opt/microchip/xc32/v4.45/bin/bin/../../lib/gcc/pic32c/8.3.1/../../../../pic32c/lib/thumb/v6-m/nofp/libpic32c.a(pic32_data_init_copy.o)

.debug_line     0x0000000000000000     0x479b
 .debug_line    0x0000000000000000      0x1d1 build/GameCat_R4/production/SAMD_CONTROL_HAL/Control_HAL_JOYSTICK.o
 .debug_line    0x00000000000001d1      0x3c1 build/GameCat_R4/production/SAMD_CONTROL_HAL/Control_HAL_SST25VF016.o
 .debug_line    0x0000000000000592      0x23e build/GameCat_R4/production/SAMD_CONTROL_HAL/Control_HAL_23K256.o
 .debug_line    0x00000000000007d0      0x147 build/GameCat_R4/production/SAMD_DRIVERS_HAL/Driver_SAMD_SYSCTRL.o
 .debug_line    0x0000000000000917      0x160 build/GameCat_R4/production/SAMD_DRIVERS_HAL/Driver_SAMD_GCLK.o
 .debug_line    0x0000000000000a77      0x11e build/GameCat_R4/production/SAMD_DRIVERS_HAL/Driver_SAMD_PM.o
 .debug_line    0x0000000000000b95      0x23a build/GameCat_R4/production/SAMD_DRIVERS_HAL/Driver_SAMD_ADC.o
 .debug_line    0x0000000000000dcf      0x2c9 build/GameCat_R4/production/SAMD_DRIVERS_HAL/Driver_SAMD_PORT.o
 .debug_line    0x0000000000001098      0x36c build/GameCat_R4/production/SAMD_DRIVERS_HAL/Driver_SAMD_SERCOM2_SPIM.o
 .debug_line    0x0000000000001404      0x7f9 build/GameCat_R4/production/SAMD_FreeRTOS/queue.o
 .debug_line    0x0000000000001bfd      0x338 build/GameCat_R4/production/SAMD_FreeRTOS/event_groups.o
 .debug_line    0x0000000000001f35      0x19a build/GameCat_R4/production/SAMD_FreeRTOS/list.o
 .debug_line    0x00000000000020cf       0x1d build/GameCat_R4/production/SAMD_FreeRTOS/timers.o
 .debug_line    0x00000000000020ec      0x80a build/GameCat_R4/production/SAMD_FreeRTOS/tasks.o
 .debug_line    0x00000000000028f6      0x395 build/GameCat_R4/production/SAMD_FreeRTOS/Portable/MemMang/heap_4.o
 .debug_line    0x0000000000002c8b      0x237 build/GameCat_R4/production/SAMD_FreeRTOS/Portable/ARM_CM0/port.o
 .debug_line    0x0000000000002ec2      0x165 build/GameCat_R4/production/SAMD_INTERRUPTIONS/Interruption_TRAP.o
 .debug_line    0x0000000000003027       0x5b build/GameCat_R4/production/SAMD_MAIN/Function_MAIN.o
 .debug_line    0x0000000000003082       0x90 build/GameCat_R4/production/SAMD_MAIN/Storage_DELAY.o
 .debug_line    0x0000000000003112      0x17b build/GameCat_R4/production/SAMD_STREAMS/Stream_CTRL_LEDC.o
 .debug_line    0x000000000000328d      0x15c build/GameCat_R4/production/SAMD_TASK/Settings_TASKS.o
 .debug_line    0x00000000000033e9      0x2c7 build/GameCat_R4/production/SAMD_TASK/Task_CTRL_LEDC.o
 .debug_line    0x00000000000036b0       0xc6 build/GameCat_R4/production/SAMD_TASK/Task_CTRL_CANC.o
 .debug_line    0x0000000000003776      0x147 build/GameCat_R4/production/SAMD_TASK/Task_EXEC_MUXC.o
 .debug_line    0x00000000000038bd      0x609 build/GameCat_R4/production/SAMD_DRIVERS_HAL/Driver_SAMD_SERCOM1_I2CM.o
 .debug_line    0x0000000000003ec6       0xda build/GameCat_R4/production/SAMD_CONTROL_HAL/Control_HAL_24CSM01.o
 .debug_line    0x0000000000003fa0       0x8e /opt/microchip/xc32/v4.45/bin/bin/../../lib/gcc/pic32c/8.3.1/../../../../pic32c/lib/thumb/v6-m/nofp/libpic32c.a(data_init.o)
 .debug_line    0x000000000000402e       0xee /opt/microchip/xc32/v4.45/bin/bin/../../lib/gcc/pic32c/8.3.1/../../../../pic32c/lib/thumb/v6-m/nofp/libc-size-musl.a(memcpy.o)
 .debug_line    0x000000000000411c       0xe3 /opt/microchip/xc32/v4.45/bin/bin/../../lib/gcc/pic32c/8.3.1/../../../../pic32c/lib/thumb/v6-m/nofp/libc-size-musl.a(memset.o)
 .debug_line    0x00000000000041ff      0x1bc /opt/microchip/xc32/v4.45/bin/bin/../../lib/gcc/pic32c/8.3.1/../../../../pic32c/lib/thumb/v6-m/nofp/libc-musl.a(__libc_start_main.o)
 .debug_line    0x00000000000043bb       0xb5 /opt/microchip/xc32/v4.45/bin/bin/../../lib/gcc/pic32c/8.3.1/../../../../pic32c/lib/thumb/v6-m/nofp/libc-musl.a(libc.o)
 .debug_line    0x0000000000004470       0xfb /opt/microchip/xc32/v4.45/bin/bin/../../lib/gcc/pic32c/8.3.1/../../../../pic32c/lib/thumb/v6-m/nofp/libc-musl.a(__environ.o)
 .debug_line    0x000000000000456b       0xa8 /opt/microchip/xc32/v4.45/bin/bin/../../lib/gcc/pic32c/8.3.1/thumb/v6-m/nofp/libgcc.a(_udivsi3.o)
 .debug_line    0x0000000000004613       0x91 /opt/microchip/xc32/v4.45/bin/bin/../../lib/gcc/pic32c/8.3.1/thumb/v6-m/nofp/libgcc.a(_dvmd_tls.o)
 .debug_line    0x00000000000046a4       0x6f /opt/microchip/xc32/v4.45/bin/bin/../../lib/gcc/pic32c/8.3.1/../../../../pic32c/lib/thumb/v6-m/nofp/libpic32c.a(pic32_data_init_clear.o)
 .debug_line    0x0000000000004713       0x88 /opt/microchip/xc32/v4.45/bin/bin/../../lib/gcc/pic32c/8.3.1/../../../../pic32c/lib/thumb/v6-m/nofp/libpic32c.a(pic32_data_init_copy.o)

.debug_str      0x0000000000000000     0x8f1b
 .debug_str     0x0000000000000000      0x3c6 build/GameCat_R4/production/SAMD_CONTROL_HAL/Control_HAL_JOYSTICK.o
 .debug_str     0x00000000000003c6      0x759 build/GameCat_R4/production/SAMD_CONTROL_HAL/Control_HAL_SST25VF016.o
 .debug_str     0x0000000000000b1f      0x47a build/GameCat_R4/production/SAMD_CONTROL_HAL/Control_HAL_23K256.o
 .debug_str     0x0000000000000f99      0x41c build/GameCat_R4/production/SAMD_DRIVERS_HAL/Driver_SAMD_SYSCTRL.o
 .debug_str     0x00000000000013b5      0x2bf build/GameCat_R4/production/SAMD_DRIVERS_HAL/Driver_SAMD_GCLK.o
 .debug_str     0x0000000000001674      0x3e0 build/GameCat_R4/production/SAMD_DRIVERS_HAL/Driver_SAMD_PM.o
 .debug_str     0x0000000000001a54      0x541 build/GameCat_R4/production/SAMD_DRIVERS_HAL/Driver_SAMD_ADC.o
 .debug_str     0x0000000000001f95      0x3ff build/GameCat_R4/production/SAMD_DRIVERS_HAL/Driver_SAMD_PORT.o
 .debug_str     0x0000000000002394      0x7df build/GameCat_R4/production/SAMD_DRIVERS_HAL/Driver_SAMD_SERCOM2_SPIM.o
 .debug_str     0x0000000000002b73      0x847 build/GameCat_R4/production/SAMD_FreeRTOS/queue.o
 .debug_str     0x00000000000033ba      0x580 build/GameCat_R4/production/SAMD_FreeRTOS/event_groups.o
 .debug_str     0x000000000000393a      0x365 build/GameCat_R4/production/SAMD_FreeRTOS/list.o
 .debug_str     0x0000000000003c9f      0x22f build/GameCat_R4/production/SAMD_FreeRTOS/timers.o
 .debug_str     0x0000000000003ece      0xb5a build/GameCat_R4/production/SAMD_FreeRTOS/tasks.o
 .debug_str     0x0000000000004a28      0x54a build/GameCat_R4/production/SAMD_FreeRTOS/Portable/MemMang/heap_4.o
 .debug_str     0x0000000000004f72      0x3d8 build/GameCat_R4/production/SAMD_FreeRTOS/Portable/ARM_CM0/port.o
 .debug_str     0x000000000000534a      0x2a4 build/GameCat_R4/production/SAMD_INTERRUPTIONS/Interruption_TRAP.o
 .debug_str     0x00000000000055ee      0x237 build/GameCat_R4/production/SAMD_MAIN/Function_MAIN.o
 .debug_str     0x0000000000005825      0x250 build/GameCat_R4/production/SAMD_MAIN/Storage_DELAY.o
 .debug_str     0x0000000000005a75      0x47a build/GameCat_R4/production/SAMD_STREAMS/Stream_CTRL_LEDC.o
 .debug_str     0x0000000000005eef      0x412 build/GameCat_R4/production/SAMD_TASK/Settings_TASKS.o
 .debug_str     0x0000000000006301      0x5af build/GameCat_R4/production/SAMD_TASK/Task_CTRL_LEDC.o
 .debug_str     0x00000000000068b0      0x276 build/GameCat_R4/production/SAMD_TASK/Task_CTRL_CANC.o
 .debug_str     0x0000000000006b26      0x363 build/GameCat_R4/production/SAMD_TASK/Task_EXEC_MUXC.o
 .debug_str     0x0000000000006e89      0x8ba build/GameCat_R4/production/SAMD_DRIVERS_HAL/Driver_SAMD_SERCOM1_I2CM.o
 .debug_str     0x0000000000007743      0x32f build/GameCat_R4/production/SAMD_CONTROL_HAL/Control_HAL_24CSM01.o
 .debug_str     0x0000000000007a72      0x1eb /opt/microchip/xc32/v4.45/bin/bin/../../lib/gcc/pic32c/8.3.1/../../../../pic32c/lib/thumb/v6-m/nofp/libpic32c.a(data_init.o)
 .debug_str     0x0000000000007c5d      0x225 /opt/microchip/xc32/v4.45/bin/bin/../../lib/gcc/pic32c/8.3.1/../../../../pic32c/lib/thumb/v6-m/nofp/libc-size-musl.a(memcpy.o)
 .debug_str     0x0000000000007e82      0x211 /opt/microchip/xc32/v4.45/bin/bin/../../lib/gcc/pic32c/8.3.1/../../../../pic32c/lib/thumb/v6-m/nofp/libc-size-musl.a(memset.o)
 .debug_str     0x0000000000008093      0x3ca /opt/microchip/xc32/v4.45/bin/bin/../../lib/gcc/pic32c/8.3.1/../../../../pic32c/lib/thumb/v6-m/nofp/libc-musl.a(__libc_start_main.o)
 .debug_str     0x000000000000845d      0x335 /opt/microchip/xc32/v4.45/bin/bin/../../lib/gcc/pic32c/8.3.1/../../../../pic32c/lib/thumb/v6-m/nofp/libc-musl.a(libc.o)
 .debug_str     0x0000000000008792      0x235 /opt/microchip/xc32/v4.45/bin/bin/../../lib/gcc/pic32c/8.3.1/../../../../pic32c/lib/thumb/v6-m/nofp/libc-musl.a(__environ.o)
 .debug_str     0x00000000000089c7       0xd6 /opt/microchip/xc32/v4.45/bin/bin/../../lib/gcc/pic32c/8.3.1/thumb/v6-m/nofp/libgcc.a(_udivsi3.o)
 .debug_str     0x0000000000008a9d       0xd6 /opt/microchip/xc32/v4.45/bin/bin/../../lib/gcc/pic32c/8.3.1/thumb/v6-m/nofp/libgcc.a(_dvmd_tls.o)
 .debug_str     0x0000000000008b73      0x1d5 /opt/microchip/xc32/v4.45/bin/bin/../../lib/gcc/pic32c/8.3.1/../../../../pic32c/lib/thumb/v6-m/nofp/libpic32c.a(pic32_data_init_clear.o)
 .debug_str     0x0000000000008d48      0x1d3 /opt/microchip/xc32/v4.45/bin/bin/../../lib/gcc/pic32c/8.3.1/../../../../pic32c/lib/thumb/v6-m/nofp/libpic32c.a(pic32_data_init_copy.o)

.debug_frame    0x0000000000000000     0x1904
 .debug_frame   0x0000000000000000       0x30 build/GameCat_R4/production/SAMD_CONTROL_HAL/Control_HAL_JOYSTICK.o
 .debug_frame   0x0000000000000030      0x2d8 build/GameCat_R4/production/SAMD_CONTROL_HAL/Control_HAL_SST25VF016.o
 .debug_frame   0x0000000000000308      0x150 build/GameCat_R4/production/SAMD_CONTROL_HAL/Control_HAL_23K256.o
 .debug_frame   0x0000000000000458       0x2c build/GameCat_R4/production/SAMD_DRIVERS_HAL/Driver_SAMD_SYSCTRL.o
 .debug_frame   0x0000000000000484       0x2c build/GameCat_R4/production/SAMD_DRIVERS_HAL/Driver_SAMD_GCLK.o
 .debug_frame   0x00000000000004b0       0x2c build/GameCat_R4/production/SAMD_DRIVERS_HAL/Driver_SAMD_PM.o
 .debug_frame   0x00000000000004dc       0x50 build/GameCat_R4/production/SAMD_DRIVERS_HAL/Driver_SAMD_ADC.o
 .debug_frame   0x000000000000052c       0x2c build/GameCat_R4/production/SAMD_DRIVERS_HAL/Driver_SAMD_PORT.o
 .debug_frame   0x0000000000000558       0xec build/GameCat_R4/production/SAMD_DRIVERS_HAL/Driver_SAMD_SERCOM2_SPIM.o
 .debug_frame   0x0000000000000644      0x378 build/GameCat_R4/production/SAMD_FreeRTOS/queue.o
 .debug_frame   0x00000000000009bc      0x150 build/GameCat_R4/production/SAMD_FreeRTOS/event_groups.o
 .debug_frame   0x0000000000000b0c       0xb0 build/GameCat_R4/production/SAMD_FreeRTOS/list.o
 .debug_frame   0x0000000000000bbc      0x4d8 build/GameCat_R4/production/SAMD_FreeRTOS/tasks.o
 .debug_frame   0x0000000000001094      0x140 build/GameCat_R4/production/SAMD_FreeRTOS/Portable/MemMang/heap_4.o
 .debug_frame   0x00000000000011d4      0x174 build/GameCat_R4/production/SAMD_FreeRTOS/Portable/ARM_CM0/port.o
 .debug_frame   0x0000000000001348       0x68 build/GameCat_R4/production/SAMD_INTERRUPTIONS/Interruption_TRAP.o
 .debug_frame   0x00000000000013b0       0x2c build/GameCat_R4/production/SAMD_MAIN/Function_MAIN.o
 .debug_frame   0x00000000000013dc       0x30 build/GameCat_R4/production/SAMD_MAIN/Storage_DELAY.o
 .debug_frame   0x000000000000140c       0x30 build/GameCat_R4/production/SAMD_STREAMS/Stream_CTRL_LEDC.o
 .debug_frame   0x000000000000143c       0xa0 build/GameCat_R4/production/SAMD_TASK/Settings_TASKS.o
 .debug_frame   0x00000000000014dc       0x34 build/GameCat_R4/production/SAMD_TASK/Task_CTRL_LEDC.o
 .debug_frame   0x0000000000001510       0x30 build/GameCat_R4/production/SAMD_TASK/Task_CTRL_CANC.o
 .debug_frame   0x0000000000001540       0x34 build/GameCat_R4/production/SAMD_TASK/Task_EXEC_MUXC.o
 .debug_frame   0x0000000000001574      0x1a4 build/GameCat_R4/production/SAMD_DRIVERS_HAL/Driver_SAMD_SERCOM1_I2CM.o
 .debug_frame   0x0000000000001718       0xcc build/GameCat_R4/production/SAMD_CONTROL_HAL/Control_HAL_24CSM01.o
 .debug_frame   0x00000000000017e4       0x38 /opt/microchip/xc32/v4.45/bin/bin/../../lib/gcc/pic32c/8.3.1/../../../../pic32c/lib/thumb/v6-m/nofp/libpic32c.a(data_init.o)
 .debug_frame   0x000000000000181c       0x28 /opt/microchip/xc32/v4.45/bin/bin/../../lib/gcc/pic32c/8.3.1/../../../../pic32c/lib/thumb/v6-m/nofp/libc-size-musl.a(memcpy.o)
 .debug_frame   0x0000000000001844       0x20 /opt/microchip/xc32/v4.45/bin/bin/../../lib/gcc/pic32c/8.3.1/../../../../pic32c/lib/thumb/v6-m/nofp/libc-size-musl.a(memset.o)
 .debug_frame   0x0000000000001864       0x38 /opt/microchip/xc32/v4.45/bin/bin/../../lib/gcc/pic32c/8.3.1/../../../../pic32c/lib/thumb/v6-m/nofp/libc-musl.a(__libc_start_main.o)
 .debug_frame   0x000000000000189c       0x20 /opt/microchip/xc32/v4.45/bin/bin/../../lib/gcc/pic32c/8.3.1/thumb/v6-m/nofp/libgcc.a(_udivsi3.o)
 .debug_frame   0x00000000000018bc       0x20 /opt/microchip/xc32/v4.45/bin/bin/../../lib/gcc/pic32c/8.3.1/../../../../pic32c/lib/thumb/v6-m/nofp/libpic32c.a(pic32_data_init_clear.o)
 .debug_frame   0x00000000000018dc       0x28 /opt/microchip/xc32/v4.45/bin/bin/../../lib/gcc/pic32c/8.3.1/../../../../pic32c/lib/thumb/v6-m/nofp/libpic32c.a(pic32_data_init_copy.o)

.debug_ranges   0x0000000000000000       0x98
 .debug_ranges  0x0000000000000000       0x10 build/GameCat_R4/production/SAMD_MAIN/Storage_DELAY.o
 .debug_ranges  0x0000000000000010       0x18 /opt/microchip/xc32/v4.45/bin/bin/../../lib/gcc/pic32c/8.3.1/../../../../pic32c/lib/thumb/v6-m/nofp/libpic32c.a(data_init.o)
 .debug_ranges  0x0000000000000028       0x10 /opt/microchip/xc32/v4.45/bin/bin/../../lib/gcc/pic32c/8.3.1/../../../../pic32c/lib/thumb/v6-m/nofp/libc-size-musl.a(memcpy.o)
 .debug_ranges  0x0000000000000038       0x10 /opt/microchip/xc32/v4.45/bin/bin/../../lib/gcc/pic32c/8.3.1/../../../../pic32c/lib/thumb/v6-m/nofp/libc-size-musl.a(memset.o)
 .debug_ranges  0x0000000000000048       0x30 /opt/microchip/xc32/v4.45/bin/bin/../../lib/gcc/pic32c/8.3.1/../../../../pic32c/lib/thumb/v6-m/nofp/libc-musl.a(__libc_start_main.o)
 .debug_ranges  0x0000000000000078       0x10 /opt/microchip/xc32/v4.45/bin/bin/../../lib/gcc/pic32c/8.3.1/../../../../pic32c/lib/thumb/v6-m/nofp/libpic32c.a(pic32_data_init_clear.o)
 .debug_ranges  0x0000000000000088       0x10 /opt/microchip/xc32/v4.45/bin/bin/../../lib/gcc/pic32c/8.3.1/../../../../pic32c/lib/thumb/v6-m/nofp/libpic32c.a(pic32_data_init_copy.o)

.note.GNU-stack
                0x0000000000000000        0x0
 .note.GNU-stack
                0x0000000000000000        0x0 /opt/microchip/xc32/v4.45/bin/bin/../../lib/gcc/pic32c/8.3.1/../../../../pic32c/lib/thumb/v6-m/nofp/libc-size-musl.a(memcpy.o)
 .note.GNU-stack
                0x0000000000000000        0x0 /opt/microchip/xc32/v4.45/bin/bin/../../lib/gcc/pic32c/8.3.1/../../../../pic32c/lib/thumb/v6-m/nofp/libc-size-musl.a(memset.o)
 .note.GNU-stack
                0x0000000000000000        0x0 /opt/microchip/xc32/v4.45/bin/bin/../../lib/gcc/pic32c/8.3.1/../../../../pic32c/lib/thumb/v6-m/nofp/libc-musl.a(__libc_start_main.o)
 .note.GNU-stack
                0x0000000000000000        0x0 /opt/microchip/xc32/v4.45/bin/bin/../../lib/gcc/pic32c/8.3.1/../../../../pic32c/lib/thumb/v6-m/nofp/libc-musl.a(libc.o)
 .note.GNU-stack
                0x0000000000000000        0x0 /opt/microchip/xc32/v4.45/bin/bin/../../lib/gcc/pic32c/8.3.1/../../../../pic32c/lib/thumb/v6-m/nofp/libc-musl.a(__environ.o)

.stack          0x00000000200012e8      0x100
 .stack         0x00000000200012e8      0x100 stack

.bss%1          0x0000000020000000     0x101c
 .bss           0x0000000020000000     0x101c build/GameCat_R4/production/SAMD_FreeRTOS/Portable/MemMang/heap_4.o

.bss%2          0x000000002000101c      0x188
 .bss           0x000000002000101c      0x188 build/GameCat_R4/production/SAMD_FreeRTOS/tasks.o
                0x000000002000101c                pxCurrentTCB

.bss%3          0x00000000200011a4       0x50
 .bss           0x00000000200011a4       0x50 /opt/microchip/xc32/v4.45/bin/bin/../../lib/gcc/pic32c/8.3.1/../../../../pic32c/lib/thumb/v6-m/nofp/libc-musl.a(libc.o)
                0x00000000200011a4                program_invocation_name
                0x00000000200011a4                __progname_full
                0x00000000200011a8                __progname
                0x00000000200011a8                program_invocation_short_name
                0x00000000200011ac                __sysinfo
                0x00000000200011b0                __hwcap
                0x00000000200011b4                __libc

.bss%4          0x00000000200011f4       0x24
 .bss           0x00000000200011f4       0x24 build/GameCat_R4/production/SAMD_TASK/Settings_TASKS.o
                0x00000000200011f4                xStatementSystemOS

.bss%5          0x0000000020001218       0x1c
 .bss           0x0000000020001218       0x1c /opt/microchip/xc32/v4.45/bin/bin/../../lib/gcc/pic32c/8.3.1/thumb/v6-m/nofp/crtbegin.o

.bss%6          0x0000000020001234        0x4
 .bss           0x0000000020001234        0x4 /opt/microchip/xc32/v4.45/bin/bin/../../lib/gcc/pic32c/8.3.1/../../../../pic32c/lib/thumb/v6-m/nofp/libpic32c.a(data_init.o)

.bss%7          0x0000000020001238        0x4
 .bss           0x0000000020001238        0x4 /opt/microchip/xc32/v4.45/bin/bin/../../lib/gcc/pic32c/8.3.1/../../../../pic32c/lib/thumb/v6-m/nofp/libc-musl.a(__environ.o)
                0x0000000020001238                _environ
                0x0000000020001238                __environ
                0x0000000020001238                environ
                0x0000000020001238                ___environ

.bss%z1         0x0000000000000000        0x0
 .bss           0x0000000000000000        0x0 /opt/microchip/xc32/v4.45/bin/bin/../../lib/gcc/pic32c/8.3.1/../../../../pic32c/lib/thumb/v6-m/nofp/libpic32c.a(pic32_data_init_copy.o)

.bss%z2         0x0000000000000000        0x0
 .bss           0x0000000000000000        0x0 /opt/microchip/xc32/v4.45/bin/bin/../../lib/gcc/pic32c/8.3.1/../../../../pic32c/lib/thumb/v6-m/nofp/libpic32c.a(pic32_data_init_clear.o)

.bss%z3         0x0000000000000000        0x0
 .bss           0x0000000000000000        0x0 /opt/microchip/xc32/v4.45/bin/bin/../../lib/gcc/pic32c/8.3.1/thumb/v6-m/nofp/crtn.o

.bss%z4         0x0000000000000000        0x0
 .bss           0x0000000000000000        0x0 /opt/microchip/xc32/v4.45/bin/bin/../../lib/gcc/pic32c/8.3.1/thumb/v6-m/nofp/crtend.o

.bss%z5         0x0000000000000000        0x0
 .bss           0x0000000000000000        0x0 /opt/microchip/xc32/v4.45/bin/bin/../../lib/gcc/pic32c/8.3.1/thumb/v6-m/nofp/libgcc.a(_dvmd_tls.o)

.bss%z6         0x0000000000000000        0x0
 .bss           0x0000000000000000        0x0 /opt/microchip/xc32/v4.45/bin/bin/../../lib/gcc/pic32c/8.3.1/thumb/v6-m/nofp/libgcc.a(_udivsi3.o)

.bss%z7         0x0000000000000000        0x0
 .bss           0x0000000000000000        0x0 /opt/microchip/xc32/v4.45/bin/bin/../../lib/gcc/pic32c/8.3.1/../../../../pic32c/lib/thumb/v6-m/nofp/libc-musl.a(__libc_start_main.o)

.bss%z8         0x0000000000000000        0x0
 .bss           0x0000000000000000        0x0 /opt/microchip/xc32/v4.45/bin/bin/../../lib/gcc/pic32c/8.3.1/../../../../pic32c/lib/thumb/v6-m/nofp/libc-size-musl.a(memset.o)

.bss%z9         0x0000000000000000        0x0
 .bss           0x0000000000000000        0x0 /opt/microchip/xc32/v4.45/bin/bin/../../lib/gcc/pic32c/8.3.1/../../../../pic32c/lib/thumb/v6-m/nofp/libc-size-musl.a(memcpy.o)

.bss%z10        0x0000000000000000        0x0
 .bss           0x0000000000000000        0x0 /tmp/cc93xUFe.o

.bss%z11        0x0000000000000000        0x0
 .bss           0x0000000000000000        0x0 build/GameCat_R4/production/SAMD_CONTROL_HAL/Control_HAL_24CSM01.o

.bss%z12        0x0000000000000000        0x0
 .bss           0x0000000000000000        0x0 build/GameCat_R4/production/SAMD_DRIVERS_HAL/Driver_SAMD_SERCOM1_I2CM.o

.bss%z13        0x0000000000000000        0x0
 .bss           0x0000000000000000        0x0 build/GameCat_R4/production/SAMD_TASK/Task_EXEC_MUXC.o

.bss%z14        0x0000000000000000        0x0
 .bss           0x0000000000000000        0x0 build/GameCat_R4/production/SAMD_TASK/Task_CTRL_CANC.o

.bss%z15        0x0000000000000000        0x0
 .bss           0x0000000000000000        0x0 build/GameCat_R4/production/SAMD_TASK/Task_CTRL_LEDC.o

.bss%z16        0x0000000000000000        0x0
 .bss           0x0000000000000000        0x0 build/GameCat_R4/production/SAMD_STREAMS/Stream_CTRL_LEDC.o

.bss%z17        0x0000000000000000        0x0
 .bss           0x0000000000000000        0x0 build/GameCat_R4/production/SAMD_MAIN/Storage_DELAY.o

.bss%z18        0x0000000000000000        0x0
 .bss           0x0000000000000000        0x0 build/GameCat_R4/production/SAMD_MAIN/Function_MAIN.o

.bss%z19        0x0000000000000000        0x0
 .bss           0x0000000000000000        0x0 build/GameCat_R4/production/SAMD_INTERRUPTIONS/Interruption_TRAP.o

.bss%z20        0x0000000000000000        0x0
 .bss           0x0000000000000000        0x0 build/GameCat_R4/production/SAMD_FreeRTOS/Portable/ARM_CM0/port.o

.bss%z21        0x0000000000000000        0x0
 .bss           0x0000000000000000        0x0 build/GameCat_R4/production/SAMD_FreeRTOS/timers.o

.bss%z22        0x0000000000000000        0x0
 .bss           0x0000000000000000        0x0 build/GameCat_R4/production/SAMD_FreeRTOS/list.o

.bss%z23        0x0000000000000000        0x0
 .bss           0x0000000000000000        0x0 build/GameCat_R4/production/SAMD_FreeRTOS/event_groups.o

.bss%z24        0x0000000000000000        0x0
 .bss           0x0000000000000000        0x0 build/GameCat_R4/production/SAMD_FreeRTOS/queue.o

.bss%z25        0x0000000000000000        0x0
 .bss           0x0000000000000000        0x0 build/GameCat_R4/production/SAMD_DRIVERS_HAL/Driver_SAMD_SERCOM2_SPIM.o

.bss%z26        0x0000000000000000        0x0
 .bss           0x0000000000000000        0x0 build/GameCat_R4/production/SAMD_DRIVERS_HAL/Driver_SAMD_PORT.o

.bss%z27        0x0000000000000000        0x0
 .bss           0x0000000000000000        0x0 build/GameCat_R4/production/SAMD_DRIVERS_HAL/Driver_SAMD_ADC.o

.bss%z28        0x0000000000000000        0x0
 .bss           0x0000000000000000        0x0 build/GameCat_R4/production/SAMD_DRIVERS_HAL/Driver_SAMD_PM.o

.bss%z29        0x0000000000000000        0x0
 .bss           0x0000000000000000        0x0 build/GameCat_R4/production/SAMD_DRIVERS_HAL/Driver_SAMD_GCLK.o

.bss%z30        0x0000000000000000        0x0
 .bss           0x0000000000000000        0x0 build/GameCat_R4/production/SAMD_DRIVERS_HAL/Driver_SAMD_SYSCTRL.o

.bss%z31        0x0000000000000000        0x0
 .bss           0x0000000000000000        0x0 build/GameCat_R4/production/SAMD_CONTROL_HAL/Control_HAL_23K256.o

.bss%z32        0x0000000000000000        0x0
 .bss           0x0000000000000000        0x0 build/GameCat_R4/production/SAMD_CONTROL_HAL/Control_HAL_SST25VF016.o

.bss%z33        0x0000000000000000        0x0
 .bss           0x0000000000000000        0x0 build/GameCat_R4/production/SAMD_CONTROL_HAL/Control_HAL_JOYSTICK.o

.bss%z34        0x0000000000000000        0x0
 .bss           0x0000000000000000        0x0 /opt/microchip/xc32/v4.45/bin/bin/../../lib/gcc/pic32c/8.3.1/thumb/v6-m/nofp/crti.o

.data%8         0x000000002000123c        0x4
 .data          0x000000002000123c        0x4 /opt/microchip/xc32/v4.45/bin/bin/../../lib/gcc/pic32c/8.3.1/thumb/v6-m/nofp/crtbegin.o
                0x000000002000123c                __dso_handle

.data%9         0x0000000020001240        0x4
 .data          0x0000000020001240        0x4 build/GameCat_R4/production/SAMD_FreeRTOS/tasks.o

.data%10        0x0000000020001244        0x4
 .data          0x0000000020001244        0x4 build/GameCat_R4/production/SAMD_FreeRTOS/Portable/ARM_CM0/port.o

.eh_frame%11    0x0000000020001248        0x4
 .eh_frame      0x0000000020001248        0x4 /opt/microchip/xc32/v4.45/bin/bin/../../lib/gcc/pic32c/8.3.1/thumb/v6-m/nofp/crtend.o

.data%z35       0x0000000000000000        0x0
 .data          0x0000000000000000        0x0 /opt/microchip/xc32/v4.45/bin/bin/../../lib/gcc/pic32c/8.3.1/../../../../pic32c/lib/thumb/v6-m/nofp/libpic32c.a(pic32_data_init_copy.o)

.data%z36       0x0000000000000000        0x0
 .data          0x0000000000000000        0x0 /opt/microchip/xc32/v4.45/bin/bin/../../lib/gcc/pic32c/8.3.1/../../../../pic32c/lib/thumb/v6-m/nofp/libpic32c.a(pic32_data_init_clear.o)

.data%z37       0x0000000000000000        0x0
 .data          0x0000000000000000        0x0 /opt/microchip/xc32/v4.45/bin/bin/../../lib/gcc/pic32c/8.3.1/thumb/v6-m/nofp/crtn.o

.data%z38       0x0000000000000000        0x0
 .data          0x0000000000000000        0x0 /opt/microchip/xc32/v4.45/bin/bin/../../lib/gcc/pic32c/8.3.1/thumb/v6-m/nofp/crtend.o

.data%z39       0x0000000000000000        0x0
 .data          0x0000000000000000        0x0 /opt/microchip/xc32/v4.45/bin/bin/../../lib/gcc/pic32c/8.3.1/thumb/v6-m/nofp/libgcc.a(_dvmd_tls.o)

.data%z40       0x0000000000000000        0x0
 .data          0x0000000000000000        0x0 /opt/microchip/xc32/v4.45/bin/bin/../../lib/gcc/pic32c/8.3.1/thumb/v6-m/nofp/libgcc.a(_udivsi3.o)

.data%z41       0x0000000000000000        0x0
 .data          0x0000000000000000        0x0 /opt/microchip/xc32/v4.45/bin/bin/../../lib/gcc/pic32c/8.3.1/../../../../pic32c/lib/thumb/v6-m/nofp/libc-musl.a(__environ.o)

.data%z42       0x0000000000000000        0x0
 .data          0x0000000000000000        0x0 /opt/microchip/xc32/v4.45/bin/bin/../../lib/gcc/pic32c/8.3.1/../../../../pic32c/lib/thumb/v6-m/nofp/libc-musl.a(libc.o)

.data%z43       0x0000000000000000        0x0
 .data          0x0000000000000000        0x0 /opt/microchip/xc32/v4.45/bin/bin/../../lib/gcc/pic32c/8.3.1/../../../../pic32c/lib/thumb/v6-m/nofp/libc-musl.a(__libc_start_main.o)

.data%z44       0x0000000000000000        0x0
 .data          0x0000000000000000        0x0 /opt/microchip/xc32/v4.45/bin/bin/../../lib/gcc/pic32c/8.3.1/../../../../pic32c/lib/thumb/v6-m/nofp/libc-size-musl.a(memset.o)

.data%z45       0x0000000000000000        0x0
 .data          0x0000000000000000        0x0 /opt/microchip/xc32/v4.45/bin/bin/../../lib/gcc/pic32c/8.3.1/../../../../pic32c/lib/thumb/v6-m/nofp/libc-size-musl.a(memcpy.o)

.data%z46       0x0000000000000000        0x0
 .data          0x0000000000000000        0x0 /opt/microchip/xc32/v4.45/bin/bin/../../lib/gcc/pic32c/8.3.1/../../../../pic32c/lib/thumb/v6-m/nofp/libpic32c.a(data_init.o)

.data%z47       0x0000000000000000        0x0
 .data          0x0000000000000000        0x0 /tmp/cc93xUFe.o

.data%z48       0x0000000000000000        0x0
 .data          0x0000000000000000        0x0 build/GameCat_R4/production/SAMD_CONTROL_HAL/Control_HAL_24CSM01.o

.data%z49       0x0000000000000000        0x0
 .data          0x0000000000000000        0x0 build/GameCat_R4/production/SAMD_DRIVERS_HAL/Driver_SAMD_SERCOM1_I2CM.o

.data%z50       0x0000000000000000        0x0
 .data          0x0000000000000000        0x0 build/GameCat_R4/production/SAMD_TASK/Task_EXEC_MUXC.o

.data%z51       0x0000000000000000        0x0
 .data          0x0000000000000000        0x0 build/GameCat_R4/production/SAMD_TASK/Task_CTRL_CANC.o

.data%z52       0x0000000000000000        0x0
 .data          0x0000000000000000        0x0 build/GameCat_R4/production/SAMD_TASK/Task_CTRL_LEDC.o

.data%z53       0x0000000000000000        0x0
 .data          0x0000000000000000        0x0 build/GameCat_R4/production/SAMD_TASK/Settings_TASKS.o

.data%z54       0x0000000000000000        0x0
 .data          0x0000000000000000        0x0 build/GameCat_R4/production/SAMD_STREAMS/Stream_CTRL_LEDC.o

.data%z55       0x0000000000000000        0x0
 .data          0x0000000000000000        0x0 build/GameCat_R4/production/SAMD_MAIN/Storage_DELAY.o

.data%z56       0x0000000000000000        0x0
 .data          0x0000000000000000        0x0 build/GameCat_R4/production/SAMD_MAIN/Function_MAIN.o

.data%z57       0x0000000000000000        0x0
 .data          0x0000000000000000        0x0 build/GameCat_R4/production/SAMD_INTERRUPTIONS/Interruption_TRAP.o

.data%z58       0x0000000000000000        0x0
 .data          0x0000000000000000        0x0 build/GameCat_R4/production/SAMD_FreeRTOS/Portable/MemMang/heap_4.o

.data%z59       0x0000000000000000        0x0
 .data          0x0000000000000000        0x0 build/GameCat_R4/production/SAMD_FreeRTOS/timers.o

.data%z60       0x0000000000000000        0x0
 .data          0x0000000000000000        0x0 build/GameCat_R4/production/SAMD_FreeRTOS/list.o

.data%z61       0x0000000000000000        0x0
 .data          0x0000000000000000        0x0 build/GameCat_R4/production/SAMD_FreeRTOS/event_groups.o

.data%z62       0x0000000000000000        0x0
 .data          0x0000000000000000        0x0 build/GameCat_R4/production/SAMD_FreeRTOS/queue.o

.data%z63       0x0000000000000000        0x0
 .data          0x0000000000000000        0x0 build/GameCat_R4/production/SAMD_DRIVERS_HAL/Driver_SAMD_SERCOM2_SPIM.o

.data%z64       0x0000000000000000        0x0
 .data          0x0000000000000000        0x0 build/GameCat_R4/production/SAMD_DRIVERS_HAL/Driver_SAMD_PORT.o

.data%z65       0x0000000000000000        0x0
 .data          0x0000000000000000        0x0 build/GameCat_R4/production/SAMD_DRIVERS_HAL/Driver_SAMD_ADC.o

.data%z66       0x0000000000000000        0x0
 .data          0x0000000000000000        0x0 build/GameCat_R4/production/SAMD_DRIVERS_HAL/Driver_SAMD_PM.o

.data%z67       0x0000000000000000        0x0
 .data          0x0000000000000000        0x0 build/GameCat_R4/production/SAMD_DRIVERS_HAL/Driver_SAMD_GCLK.o

.data%z68       0x0000000000000000        0x0
 .data          0x0000000000000000        0x0 build/GameCat_R4/production/SAMD_DRIVERS_HAL/Driver_SAMD_SYSCTRL.o

.data%z69       0x0000000000000000        0x0
 .data          0x0000000000000000        0x0 build/GameCat_R4/production/SAMD_CONTROL_HAL/Control_HAL_23K256.o

.data%z70       0x0000000000000000        0x0
 .data          0x0000000000000000        0x0 build/GameCat_R4/production/SAMD_CONTROL_HAL/Control_HAL_SST25VF016.o

.data%z71       0x0000000000000000        0x0
 .data          0x0000000000000000        0x0 build/GameCat_R4/production/SAMD_CONTROL_HAL/Control_HAL_JOYSTICK.o

.eh_frame%z72   0x0000000000000000        0x0
 .eh_frame      0x0000000000000000        0x0 /opt/microchip/xc32/v4.45/bin/bin/../../lib/gcc/pic32c/8.3.1/thumb/v6-m/nofp/crtbegin.o

.data%z73       0x0000000000000000        0x0
 .data          0x0000000000000000        0x0 /opt/microchip/xc32/v4.45/bin/bin/../../lib/gcc/pic32c/8.3.1/thumb/v6-m/nofp/crti.o

.text%12        0x00000000000000d0     0x1518
 .text          0x00000000000000d0     0x1518 build/GameCat_R4/production/SAMD_FreeRTOS/tasks.o
                0x0000000000000152                xTaskCreate
                0x00000000000003a4                xTaskDelayUntil
                0x000000000000045c                vTaskDelay
                0x0000000000000540                vTaskStartScheduler
                0x0000000000000598                vTaskEndScheduler
                0x00000000000005b4                vTaskSuspendAll
                0x00000000000005cc                xTaskResumeAll
                0x00000000000007b4                xTaskGetTickCount
                0x00000000000007d0                xTaskGetTickCountFromISR
                0x00000000000007f0                uxTaskGetNumberOfTasks
                0x0000000000000804                pcTaskGetName
                0x0000000000000838                xTaskCatchUpTicks
                0x0000000000000880                xTaskIncrementTick
                0x0000000000000a9c                vTaskSwitchContext
                0x0000000000000b40                vTaskPlaceOnEventList
                0x0000000000000b7c                vTaskPlaceOnUnorderedEventList
                0x0000000000000c08                xTaskRemoveFromEventList
                0x0000000000000da0                vTaskRemoveFromUnorderedEventList
                0x0000000000000efc                vTaskSetTimeOutState
                0x0000000000000f38                vTaskInternalSetTimeOutState
                0x0000000000000f60                xTaskCheckForTimeOut
                0x0000000000000ff8                vTaskMissedYield
                0x00000000000010c8                xTaskGetCurrentTaskHandle
                0x00000000000010e4                xTaskGetCurrentTaskHandleForCore
                0x0000000000001110                xTaskPriorityInherit
                0x0000000000001234                xTaskPriorityDisinherit
                0x000000000000133c                vTaskPriorityDisinheritAfterTimeout
                0x000000000000146c                uxTaskResetEventItemValue
                0x0000000000001498                pvTaskIncrementMutexHeldCount
                0x0000000000001554                vTaskResetState

.text%13        0x00000000000015e8      0xf20
 .text          0x00000000000015e8      0xf20 build/GameCat_R4/production/SAMD_FreeRTOS/queue.o
                0x00000000000015e8                xQueueGenericReset
                0x00000000000016fa                xQueueGenericCreate
                0x000000000000182e                xQueueCreateMutex
                0x0000000000001866                xQueueGenericSend
                0x00000000000019d2                xQueueGenericSendFromISR
                0x0000000000001ade                xQueueGiveFromISR
                0x0000000000001bcc                xQueueReceive
                0x0000000000001d1a                xQueueSemaphoreTake
                0x0000000000001ea8                xQueuePeek
                0x0000000000001ffa                xQueueReceiveFromISR
                0x00000000000020e4                xQueuePeekFromISR
                0x0000000000002168                uxQueueMessagesWaiting
                0x0000000000002192                uxQueueSpacesAvailable
                0x00000000000021c6                uxQueueMessagesWaitingFromISR
                0x00000000000021ec                vQueueDelete
                0x0000000000002212                uxQueueGetQueueItemSize
                0x0000000000002226                uxQueueGetQueueLength
                0x0000000000002470                xQueueIsQueueEmptyFromISR
                0x00000000000024d2                xQueueIsQueueFullFromISR

.text%14        0x0000000000002508      0x840
 .text          0x0000000000002508      0x840 build/GameCat_R4/production/SAMD_CONTROL_HAL/Control_HAL_SST25VF016.o
                0x0000000000002508                xControl_HAL_FLASH_SST25VF016_CHECK
                0x0000000000002528                vControl_HAL_FLASH_SST25VF016_CONFIG
                0x0000000000002538                vControl_HAL_FLASH_SST25VF016_WRITE_ENABLE
                0x0000000000002564                vControl_HAL_FLASH_SST25VF016_WRITE_DISABLE
                0x0000000000002590                vControl_HAL_FLASH_SST25VF016_ENABLE_WRITE_STATUS
                0x00000000000025bc                xControl_HAL_FLASH_SST25VF016_GET_STATUS
                0x0000000000002604                vControl_HAL_FLASH_SST25VF016_PUT_STATUS
                0x000000000000264c                vControl_HAL_FLASH_SST25VF016_PUT_STATUS_SET
                0x000000000000268c                vControl_HAL_FLASH_SST25VF016_PUT_STATUS_CLEAR
                0x00000000000026d4                vControl_HAL_FLASH_SST25VF016_BUSY_OUT_ENABLE
                0x0000000000002700                vControl_HAL_FLASH_SST25VF016_BUSY_OUT_DISABLE
                0x000000000000272c                xControl_HAL_FLASH_SST25VF016_CHECK_POLL_BUSY
                0x0000000000002738                xControl_HAL_FLASH_SST25VF016_GET_BYTE
                0x00000000000027b8                vControl_HAL_FLASH_SST25VF016_PUT_BYTE
                0x0000000000002848                xControl_HAL_FLASH_SST25VF016_GET_PAGE
                0x00000000000028ec                xControl_HAL_FLASH_SST25VF016_PUT_PAGE_BYTE
                0x00000000000029ac                xControl_HAL_FLASH_SST25VF016_PUT_PAGE_WORD
                0x0000000000002aa8                vControl_HAL_FLASH_SST25VF016_BLOCK_ERASE_4K
                0x0000000000002b28                vControl_HAL_FLASH_SST25VF016_BLOCK_ERASE_32K
                0x0000000000002ba8                vControl_HAL_FLASH_SST25VF016_BLOCK_ERASE_64K
                0x0000000000002c28                vControl_HAL_FLASH_SST25VF016_CHIP_ERASE
                0x0000000000002c6c                xControl_HAL_FLASH_SST25VF016_GET_DEVICE_ID
                0x0000000000002ce4                xControl_HAL_FLASH_SST25VF016_GET_JEDEC

.text%15        0x0000000000002d48      0x69c
 .text          0x0000000000002d48      0x69c build/GameCat_R4/production/SAMD_DRIVERS_HAL/Driver_SAMD_SERCOM1_I2CM.o
                0x0000000000002dc0                vDriver_SAMD_SERCOM1_I2CM_CONFIGURE
                0x0000000000002e84                xDriver_SAMD_SERCOM1_I2C_GET_ERROR
                0x0000000000002f18                xDriver_SAMD_SERCOM1_I2C_POLL
                0x0000000000002fc8                vDriver_SAMD_SERCOM1_I2C_SET_ACK
                0x0000000000003014                vDriver_SAMD_SERCOM1_I2C_SET_STOP
                0x0000000000003058                xDriver_SAMD_SERCOM1_I2C_SET_START
                0x00000000000030e8                xDriver_SAMD_SERCOM1_I2C_SET_RESTART
                0x0000000000003168                xDriver_SAMD_SERCOM1_I2C_PUT
                0x00000000000031ec                xDriver_SAMD_SERCOM1_I2C_GET
                0x000000000000325c                xDriver_SAMD_SERCOM1_I2C_PUTS
                0x000000000000331c                xDriver_SAMD_SERCOM1_I2C_GETS

.text%16        0x00000000000033e4      0x5bc
 .text          0x00000000000033e4      0x5bc build/GameCat_R4/production/SAMD_FreeRTOS/Portable/MemMang/heap_4.o
                0x00000000000033e4                pvPortMalloc
                0x00000000000035cc                vPortFree
                0x0000000000003688                xPortGetFreeHeapSize
                0x000000000000369c                xPortGetMinimumEverFreeHeapSize
                0x00000000000036b0                vPortInitialiseBlocks
                0x00000000000036ba                pvPortCalloc
                0x00000000000038a8                vPortGetHeapStats
                0x0000000000003964                vPortHeapResetState

.text%17        0x00000000000039a0      0x4ac
 .text          0x00000000000039a0      0x4ac build/GameCat_R4/production/SAMD_CONTROL_HAL/Control_HAL_23K256.o
                0x00000000000039a0                vControl_HAL_SRAM_CONFIGURE
                0x0000000000003a18                vControl_HAL_SRAM_WRITE_STATUS
                0x0000000000003a60                xControl_HAL_SRAM_READ_STATUS
                0x0000000000003aac                vControl_HAL_SRAM_WRITE_CMD
                0x0000000000003b0c                vControl_HAL_SRAM_PUT
                0x0000000000003b74                xControl_HAL_SRAM_GET
                0x0000000000003be0                vControl_HAL_SRAM_PAGE_PUT
                0x0000000000003c74                vControl_HAL_SRAM_PAGE_GET
                0x0000000000003d08                vControl_HAL_SRAM_SEQ_PUT
                0x0000000000003da8                vControl_HAL_SRAM_SEQ_GET

.text%18        0x0000000000003e4c      0x4a0
 .text          0x0000000000003e4c      0x4a0 build/GameCat_R4/production/SAMD_FreeRTOS/event_groups.o
                0x0000000000003e4c                xEventGroupCreate
                0x0000000000003e7c                xEventGroupSync
                0x0000000000003f7c                xEventGroupWaitBits
                0x00000000000040ac                xEventGroupClearBits
                0x00000000000040f6                xEventGroupGetBitsFromISR
                0x0000000000004122                xEventGroupSetBits
                0x0000000000004214                vEventGroupDelete
                0x0000000000004272                vEventGroupSetBitsCallback
                0x0000000000004290                vEventGroupClearBitsCallback

.text%19        0x00000000000042ec      0x3d8
 .text          0x00000000000042ec      0x3d8 build/GameCat_R4/production/SAMD_DRIVERS_HAL/Driver_SAMD_PORT.o
                0x00000000000042ec                vDriver_SAMD_PORT_CONFIGURE

.text%20        0x00000000000046c4      0x2b4
 .text          0x00000000000046c4      0x2b4 build/GameCat_R4/production/SAMD_TASK/Task_CTRL_LEDC.o
                0x00000000000046c4                vTask_CTRL_LEDC

.text%21        0x0000000000004978      0x290
 .text          0x0000000000004978      0x290 build/GameCat_R4/production/SAMD_CONTROL_HAL/Control_HAL_JOYSTICK.o
                0x0000000000004978                xReadValueJoystick

.text%22        0x0000000000004c08      0x260
 .text          0x0000000000004c08      0x260 build/GameCat_R4/production/SAMD_DRIVERS_HAL/Driver_SAMD_SERCOM2_SPIM.o
                0x0000000000004c80                vDriver_SAMD_SERCOM2_SPIM_CONFIGURE
                0x0000000000004d38                vDriver_SAMD_SERCOM2_SPIM_PUT
                0x0000000000004d88                xDriver_SAMD_SERCOM2_SPIM_GET
                0x0000000000004dec                vDriver_SAMD_SERCOM2_SPIM_PUTS
                0x0000000000004e28                vDriver_SAMD_SERCOM2_SPIM_GETS

.text%23        0x0000000000004e70      0x25c
 .text          0x0000000000004e70      0x25c build/GameCat_R4/production/SAMD_FreeRTOS/Portable/ARM_CM0/port.o
                0x0000000000004e70                pxPortInitialiseStack
                0x0000000000004ef0                vPortSVCHandler
                0x0000000000004f26                xPortStartScheduler
                0x0000000000004f6c                vPortEndScheduler
                0x0000000000004f8c                vPortYield
                0x0000000000004fac                vPortEnterCritical
                0x0000000000004fd0                vPortExitCritical
                0x0000000000005000                ulSetInterruptMaskFromISR
                0x000000000000500c                vClearInterruptMaskFromISR
                0x0000000000005014                PendSV_Handler
                0x0000000000005066                SysTick_Handler
                0x0000000000005098                vPortSetupTimerInterrupt

.text%24        0x00000000000050cc      0x200
 .text          0x00000000000050cc      0x200 build/GameCat_R4/production/SAMD_DRIVERS_HAL/Driver_SAMD_ADC.o
                0x00000000000050cc                vDriver_SAMD_ADC_CONFIGURE
                0x00000000000051e8                xDriver_SAMD_ADC_READ

.text%25        0x00000000000052cc      0x15e
 .text          0x00000000000052cc      0x15e build/GameCat_R4/production/SAMD_FreeRTOS/list.o
                0x00000000000052cc                vListInitialise
                0x0000000000005314                vListInitialiseItem
                0x000000000000532a                vListInsertEnd
                0x000000000000536e                vListInsert
                0x00000000000053da                uxListRemove

.text%26        0x000000000000542c       0xf4
 .text          0x000000000000542c       0xf4 build/GameCat_R4/production/SAMD_TASK/Settings_TASKS.o
                0x000000000000542c                vSystemOS_EVENT_GROUPS_CONFIGURE
                0x0000000000005444                vSystemOS_SEMAPHORES_CONFIGURE
                0x000000000000544e                vSystemOS_MUTEX_CONFIGURE
                0x0000000000005474                vSystemOS_QUEUES_CONFIGURE
                0x00000000000054b4                vSystemOS_TASKS_CONFIGURE

.text%27        0x0000000000005520       0xc6
 .text          0x0000000000005520       0xc6 build/GameCat_R4/production/SAMD_CONTROL_HAL/Control_HAL_24CSM01.o
                0x0000000000005520                xControl_HAL_EEP_24CM01_CHECK
                0x0000000000005532                xControl_HAL_EEP_24CM01_BLANK
                0x000000000000554e                xControl_HAL_EEP_24CM01_PUT
                0x0000000000005576                xControl_HAL_EEP_24CM01_GET
                0x0000000000005592                xControl_HAL_EEP_24CM01_PUTS
                0x00000000000055bc                xControl_HAL_EEP_24CM01_GETS

.text%28        0x00000000000055e6       0xc0
 .text          0x00000000000055e6       0xc0 build/GameCat_R4/production/SAMD_TASK/Task_EXEC_MUXC.o
                0x00000000000055e6                vTask_EXEC_MUXC

.dinit%29       0x00000000000056a8       0xa0
 .dinit         0x00000000000056a8       0xa0 data_init

.text%30        0x0000000000005748       0x98
 .text          0x0000000000005748       0x98 build/GameCat_R4/production/SAMD_DRIVERS_HAL/Driver_SAMD_GCLK.o
                0x0000000000005748                vDriver_SAMD_GCLK_CONFIGURE

.text%31        0x00000000000057e0       0x8c
 .text          0x00000000000057e0       0x8c /opt/microchip/xc32/v4.45/bin/bin/../../lib/gcc/pic32c/8.3.1/thumb/v6-m/nofp/libgcc.a(_udivsi3.o)
                0x00000000000057e0                __udivsi3
                0x00000000000057e0                __aeabi_uidiv
                0x0000000000005858                __aeabi_uidivmod

.text%32        0x000000000000586c       0x78
 .text          0x000000000000586c       0x78 build/GameCat_R4/production/SAMD_STREAMS/Stream_CTRL_LEDC.o
                0x000000000000586c                xStream_LED_COMMAND

.text%33        0x00000000000058e4       0x74
 .text          0x00000000000058e4       0x74 build/GameCat_R4/production/SAMD_DRIVERS_HAL/Driver_SAMD_SYSCTRL.o
                0x00000000000058e4                vDriver_SAMD_SYSCTRL_CONFIGURE

.text.__libc_start_init%34
                0x0000000000005958       0x5c
 .text.__libc_start_init
                0x0000000000005958       0x5c /opt/microchip/xc32/v4.45/bin/bin/../../lib/gcc/pic32c/8.3.1/../../../../pic32c/lib/thumb/v6-m/nofp/libc-musl.a(__libc_start_main.o)
                0x0000000000005958                __libc_init_array

.text.Reset_Handler%35
                0x00000000000059b4       0x54
 .text.Reset_Handler
                0x00000000000059b4       0x54 /tmp/cc93xUFe.o
                0x00000000000059b4                Reset_Handler

.text%36        0x0000000000005a08       0x48
 .text          0x0000000000005a08       0x48 /opt/microchip/xc32/v4.45/bin/bin/../../lib/gcc/pic32c/8.3.1/thumb/v6-m/nofp/crtbegin.o

.text%37        0x0000000000005a50       0x40
 .text          0x0000000000005a50       0x40 build/GameCat_R4/production/SAMD_MAIN/Function_MAIN.o
                0x0000000000005a50                main

.text%38        0x0000000000005a90       0x38
 .text          0x0000000000005a90       0x38 build/GameCat_R4/production/SAMD_DRIVERS_HAL/Driver_SAMD_PM.o
                0x0000000000005a90                vDriver_SAMD_PM_CONFIGURE

.text.__pic32c_data_initialization%39
                0x0000000000005ac8       0x34
 .text.__pic32c_data_initialization
                0x0000000000005ac8       0x34 /opt/microchip/xc32/v4.45/bin/bin/../../lib/gcc/pic32c/8.3.1/../../../../pic32c/lib/thumb/v6-m/nofp/libpic32c.a(data_init.o)
                0x0000000000005ac8                __pic32c_data_initialization

.text%40        0x0000000000005afc       0x2c
 .text          0x0000000000005afc       0x2c build/GameCat_R4/production/SAMD_INTERRUPTIONS/Interruption_TRAP.o
                0x0000000000005afc                NonMaskableInt_Handler
                0x0000000000005b04                HardFault_Handler
                0x0000000000005b20                Dummy_Handler

.rodata%41      0x0000000000005b28       0x24
 .rodata        0x0000000000005b28       0x24 build/GameCat_R4/production/SAMD_CONTROL_HAL/Control_HAL_JOYSTICK.o

.rodata%42      0x0000000000005b4c       0x24
 .rodata        0x0000000000005b4c       0x24 build/GameCat_R4/production/SAMD_TASK/Settings_TASKS.o

.text%43        0x0000000000005b70       0x1e
 .text          0x0000000000005b70       0x1e build/GameCat_R4/production/SAMD_TASK/Task_CTRL_CANC.o
                0x0000000000005b70                vTask_CTRL_CANC

.text.__dinit_copy%44
                0x0000000000005b8e       0x1e
 .text.__dinit_copy
                0x0000000000005b8e       0x1e /opt/microchip/xc32/v4.45/bin/bin/../../lib/gcc/pic32c/8.3.1/../../../../pic32c/lib/thumb/v6-m/nofp/libpic32c.a(pic32_data_init_copy.o)
                0x0000000000005b8e                __dinit_copy
                0x0000000000005b8e                __dinit_copy_needed

.RamFunc%45     0x0000000000005bac       0x1a
 .RamFunc       0x0000000000005bac       0x1a build/GameCat_R4/production/SAMD_MAIN/Storage_DELAY.o
                0x0000000000005bac                vStorage_DELAY

.rodata%46      0x0000000000005bc8       0x14
 .rodata        0x0000000000005bc8       0x14 /opt/microchip/xc32/v4.45/bin/bin/../../lib/gcc/pic32c/8.3.1/../../../../pic32c/lib/thumb/v6-m/nofp/libpic32c.a(data_init.o)

.text.memcpy%47
                0x0000000000005bdc       0x14
 .text.memcpy   0x0000000000005bdc       0x14 /opt/microchip/xc32/v4.45/bin/bin/../../lib/gcc/pic32c/8.3.1/../../../../pic32c/lib/thumb/v6-m/nofp/libc-size-musl.a(memcpy.o)
                0x0000000000005bdc                memcpy

.text.memset%48
                0x0000000000005bf0       0x14
 .text.memset   0x0000000000005bf0       0x14 /opt/microchip/xc32/v4.45/bin/bin/../../lib/gcc/pic32c/8.3.1/../../../../pic32c/lib/thumb/v6-m/nofp/libc-size-musl.a(memset.o)
                0x0000000000005bf0                memset

.text.__dinit_clear%49
                0x0000000000005c04       0x12
 .text.__dinit_clear
                0x0000000000005c04       0x12 /opt/microchip/xc32/v4.45/bin/bin/../../lib/gcc/pic32c/8.3.1/../../../../pic32c/lib/thumb/v6-m/nofp/libpic32c.a(pic32_data_init_clear.o)
                0x0000000000005c04                __dinit_clear_needed
                0x0000000000005c04                __dinit_clear

.rodata%50      0x0000000000005c18       0x10
 .rodata        0x0000000000005c18       0x10 build/GameCat_R4/production/SAMD_TASK/Task_CTRL_LEDC.o
                0x0000000000005c18                GPIO_LEDS

.rodata%51      0x0000000000004e68        0x8
 .rodata        0x0000000000004e68        0x8 build/GameCat_R4/production/SAMD_FreeRTOS/tasks.o

.rodata%52      0x0000000000005c28        0x4
 .rodata        0x0000000000005c28        0x4 build/GameCat_R4/production/SAMD_FreeRTOS/Portable/MemMang/heap_4.o

.text.__dummy_decompress%53
                0x0000000000005c2c        0x4
 .text.__dummy_decompress
                0x0000000000005c2c        0x4 /opt/microchip/xc32/v4.45/bin/bin/../../lib/gcc/pic32c/8.3.1/../../../../pic32c/lib/thumb/v6-m/nofp/libpic32c.a(data_init.o)
                0x0000000000005c2c                __dinit_copy_emb
                0x0000000000005c2c                __dinit_decompress
                0x0000000000005c2c                __dinit_copy_val_data

.text%54        0x0000000000005c30        0x4
 .text          0x0000000000005c30        0x4 /opt/microchip/xc32/v4.45/bin/bin/../../lib/gcc/pic32c/8.3.1/thumb/v6-m/nofp/libgcc.a(_dvmd_tls.o)
                0x0000000000005c30                __aeabi_ldiv0
                0x0000000000005c30                __aeabi_idiv0

.text.Dummy_Handler%55
                0x000000000000542a        0x2
 .text.Dummy_Handler
                0x000000000000542a        0x2 /tmp/cc93xUFe.o
                0x000000000000542a                SVCall_Handler
                0x000000000000542a                DMAC_Handler
                0x000000000000542a                AC_Handler
                0x000000000000542a                SERCOM1_Handler
                0x000000000000542a                ADC_Handler
                0x000000000000542a                TCC1_Handler
                0x000000000000542a                SERCOM2_Handler
                0x000000000000542a                TCC0_Handler
                0x000000000000542a                RTC_Handler
                0x000000000000542a                EIC_Handler
                0x000000000000542a                WDT_Handler
                0x000000000000542a                Reserved22_Handler
                0x000000000000542a                TC4_Handler
                0x000000000000542a                USB_Handler
                0x000000000000542a                TC3_Handler
                0x000000000000542a                PM_Handler
                0x000000000000542a                SERCOM5_Handler
                0x000000000000542a                Reserved21_Handler
                0x000000000000542a                TCC2_Handler
                0x000000000000542a                EVSYS_Handler
                0x000000000000542a                SERCOM3_Handler
                0x000000000000542a                SERCOM4_Handler
                0x000000000000542a                I2S_Handler
                0x000000000000542a                NVMCTRL_Handler
                0x000000000000542a                SERCOM0_Handler
                0x000000000000542a                DAC_Handler
                0x000000000000542a                PTC_Handler
                0x000000000000542a                TC5_Handler
                0x000000000000542a                SYSCTRL_Handler

.text.__dummy%56
                0x00000000000056a6        0x2
 .text.__dummy  0x00000000000056a6        0x2 /opt/microchip/xc32/v4.45/bin/bin/../../lib/gcc/pic32c/8.3.1/../../../../pic32c/lib/thumb/v6-m/nofp/libc-musl.a(__libc_start_main.o)
                0x00000000000056a6                __init_host
                0x00000000000056a6                __init_stdio

.text%z74       0x0000000000000000        0x0
 .text          0x0000000000000000        0x0 /opt/microchip/xc32/v4.45/bin/bin/../../lib/gcc/pic32c/8.3.1/../../../../pic32c/lib/thumb/v6-m/nofp/libpic32c.a(pic32_data_init_copy.o)

.text%z75       0x0000000000000000        0x0
 .text          0x0000000000000000        0x0 /opt/microchip/xc32/v4.45/bin/bin/../../lib/gcc/pic32c/8.3.1/../../../../pic32c/lib/thumb/v6-m/nofp/libpic32c.a(pic32_data_init_clear.o)

.text%z76       0x0000000000000000        0x0
 .text          0x0000000000000000        0x0 /opt/microchip/xc32/v4.45/bin/bin/../../lib/gcc/pic32c/8.3.1/thumb/v6-m/nofp/crtn.o

.text%z77       0x0000000000000000        0x0
 .text          0x0000000000000000        0x0 /opt/microchip/xc32/v4.45/bin/bin/../../lib/gcc/pic32c/8.3.1/thumb/v6-m/nofp/crtend.o

.text%z78       0x0000000000000000        0x0
 .text          0x0000000000000000        0x0 /opt/microchip/xc32/v4.45/bin/bin/../../lib/gcc/pic32c/8.3.1/../../../../pic32c/lib/thumb/v6-m/nofp/libc-musl.a(__environ.o)

.text%z79       0x0000000000000000        0x0
 .text          0x0000000000000000        0x0 /opt/microchip/xc32/v4.45/bin/bin/../../lib/gcc/pic32c/8.3.1/../../../../pic32c/lib/thumb/v6-m/nofp/libc-musl.a(libc.o)

.text%z80       0x0000000000000000        0x0
 .text          0x0000000000000000        0x0 /opt/microchip/xc32/v4.45/bin/bin/../../lib/gcc/pic32c/8.3.1/../../../../pic32c/lib/thumb/v6-m/nofp/libc-musl.a(__libc_start_main.o)

.text%z81       0x0000000000000000        0x0
 .text          0x0000000000000000        0x0 /opt/microchip/xc32/v4.45/bin/bin/../../lib/gcc/pic32c/8.3.1/../../../../pic32c/lib/thumb/v6-m/nofp/libc-size-musl.a(memset.o)

.text%z82       0x0000000000000000        0x0
 .text          0x0000000000000000        0x0 /opt/microchip/xc32/v4.45/bin/bin/../../lib/gcc/pic32c/8.3.1/../../../../pic32c/lib/thumb/v6-m/nofp/libc-size-musl.a(memcpy.o)

.text%z83       0x0000000000000000        0x0
 .text          0x0000000000000000        0x0 /opt/microchip/xc32/v4.45/bin/bin/../../lib/gcc/pic32c/8.3.1/../../../../pic32c/lib/thumb/v6-m/nofp/libpic32c.a(data_init.o)

.text%z84       0x0000000000000000        0x0
 .text          0x0000000000000000        0x0 /tmp/cc93xUFe.o

.text%z85       0x0000000000000000        0x0
 .text          0x0000000000000000        0x0 build/GameCat_R4/production/SAMD_MAIN/Storage_DELAY.o

.text%z86       0x0000000000000000        0x0
 .text          0x0000000000000000        0x0 build/GameCat_R4/production/SAMD_FreeRTOS/timers.o

.text%z87       0x0000000000000000        0x0
 .text          0x0000000000000000        0x0 /opt/microchip/xc32/v4.45/bin/bin/../../lib/gcc/pic32c/8.3.1/thumb/v6-m/nofp/crti.o
